Component: Arm Compiler for Embedded 6.18 Tool: armlink [5e4cc100]

==============================================================================

Section Cross References

    stm32f4xx_nucleo_144.o(.ARM.exidx.text.BSP_GetVersion) refers to stm32f4xx_nucleo_144.o(.text.BSP_GetVersion) for [Anonymous Symbol]
    stm32f4xx_nucleo_144.o(.text.BSP_LED_Init) refers to stm32f4xx_nucleo_144.o(.rodata.GPIO_PIN) for GPIO_PIN
    stm32f4xx_nucleo_144.o(.text.BSP_LED_Init) refers to stm32f4xx_nucleo_144.o(.data.GPIO_PORT) for GPIO_PORT
    stm32f4xx_nucleo_144.o(.text.BSP_LED_Init) refers to stm32f4xx_hal_gpio.o(.text.HAL_GPIO_Init) for HAL_GPIO_Init
    stm32f4xx_nucleo_144.o(.text.BSP_LED_Init) refers to stm32f4xx_hal_gpio.o(.text.HAL_GPIO_WritePin) for HAL_GPIO_WritePin
    stm32f4xx_nucleo_144.o(.ARM.exidx.text.BSP_LED_Init) refers to stm32f4xx_nucleo_144.o(.text.BSP_LED_Init) for [Anonymous Symbol]
    stm32f4xx_nucleo_144.o(.text.BSP_LED_DeInit) refers to stm32f4xx_nucleo_144.o(.rodata.GPIO_PIN) for GPIO_PIN
    stm32f4xx_nucleo_144.o(.text.BSP_LED_DeInit) refers to stm32f4xx_nucleo_144.o(.data.GPIO_PORT) for GPIO_PORT
    stm32f4xx_nucleo_144.o(.text.BSP_LED_DeInit) refers to stm32f4xx_hal_gpio.o(.text.HAL_GPIO_WritePin) for HAL_GPIO_WritePin
    stm32f4xx_nucleo_144.o(.text.BSP_LED_DeInit) refers to stm32f4xx_hal_gpio.o(.text.HAL_GPIO_DeInit) for HAL_GPIO_DeInit
    stm32f4xx_nucleo_144.o(.ARM.exidx.text.BSP_LED_DeInit) refers to stm32f4xx_nucleo_144.o(.text.BSP_LED_DeInit) for [Anonymous Symbol]
    stm32f4xx_nucleo_144.o(.text.BSP_LED_On) refers to stm32f4xx_nucleo_144.o(.data.GPIO_PORT) for GPIO_PORT
    stm32f4xx_nucleo_144.o(.text.BSP_LED_On) refers to stm32f4xx_nucleo_144.o(.rodata.GPIO_PIN) for GPIO_PIN
    stm32f4xx_nucleo_144.o(.text.BSP_LED_On) refers to stm32f4xx_hal_gpio.o(.text.HAL_GPIO_WritePin) for HAL_GPIO_WritePin
    stm32f4xx_nucleo_144.o(.ARM.exidx.text.BSP_LED_On) refers to stm32f4xx_nucleo_144.o(.text.BSP_LED_On) for [Anonymous Symbol]
    stm32f4xx_nucleo_144.o(.text.BSP_LED_Off) refers to stm32f4xx_nucleo_144.o(.data.GPIO_PORT) for GPIO_PORT
    stm32f4xx_nucleo_144.o(.text.BSP_LED_Off) refers to stm32f4xx_nucleo_144.o(.rodata.GPIO_PIN) for GPIO_PIN
    stm32f4xx_nucleo_144.o(.text.BSP_LED_Off) refers to stm32f4xx_hal_gpio.o(.text.HAL_GPIO_WritePin) for HAL_GPIO_WritePin
    stm32f4xx_nucleo_144.o(.ARM.exidx.text.BSP_LED_Off) refers to stm32f4xx_nucleo_144.o(.text.BSP_LED_Off) for [Anonymous Symbol]
    stm32f4xx_nucleo_144.o(.text.BSP_LED_Toggle) refers to stm32f4xx_nucleo_144.o(.data.GPIO_PORT) for GPIO_PORT
    stm32f4xx_nucleo_144.o(.text.BSP_LED_Toggle) refers to stm32f4xx_nucleo_144.o(.rodata.GPIO_PIN) for GPIO_PIN
    stm32f4xx_nucleo_144.o(.text.BSP_LED_Toggle) refers to stm32f4xx_hal_gpio.o(.text.HAL_GPIO_TogglePin) for HAL_GPIO_TogglePin
    stm32f4xx_nucleo_144.o(.ARM.exidx.text.BSP_LED_Toggle) refers to stm32f4xx_nucleo_144.o(.text.BSP_LED_Toggle) for [Anonymous Symbol]
    stm32f4xx_nucleo_144.o(.text.BSP_PB_Init) refers to stm32f4xx_nucleo_144.o(.data.BUTTON_PORT) for BUTTON_PORT
    stm32f4xx_nucleo_144.o(.text.BSP_PB_Init) refers to stm32f4xx_hal_gpio.o(.text.HAL_GPIO_Init) for HAL_GPIO_Init
    stm32f4xx_nucleo_144.o(.text.BSP_PB_Init) refers to stm32f4xx_hal_cortex.o(.text.HAL_NVIC_SetPriority) for HAL_NVIC_SetPriority
    stm32f4xx_nucleo_144.o(.text.BSP_PB_Init) refers to stm32f4xx_hal_cortex.o(.text.HAL_NVIC_EnableIRQ) for HAL_NVIC_EnableIRQ
    stm32f4xx_nucleo_144.o(.ARM.exidx.text.BSP_PB_Init) refers to stm32f4xx_nucleo_144.o(.text.BSP_PB_Init) for [Anonymous Symbol]
    stm32f4xx_nucleo_144.o(.text.BSP_PB_DeInit) refers to stm32f4xx_hal_cortex.o(.text.HAL_NVIC_DisableIRQ) for HAL_NVIC_DisableIRQ
    stm32f4xx_nucleo_144.o(.text.BSP_PB_DeInit) refers to stm32f4xx_nucleo_144.o(.data.BUTTON_PORT) for BUTTON_PORT
    stm32f4xx_nucleo_144.o(.text.BSP_PB_DeInit) refers to stm32f4xx_hal_gpio.o(.text.HAL_GPIO_DeInit) for HAL_GPIO_DeInit
    stm32f4xx_nucleo_144.o(.ARM.exidx.text.BSP_PB_DeInit) refers to stm32f4xx_nucleo_144.o(.text.BSP_PB_DeInit) for [Anonymous Symbol]
    stm32f4xx_nucleo_144.o(.text.BSP_PB_GetState) refers to stm32f4xx_nucleo_144.o(.data.BUTTON_PORT) for BUTTON_PORT
    stm32f4xx_nucleo_144.o(.text.BSP_PB_GetState) refers to stm32f4xx_hal_gpio.o(.text.HAL_GPIO_ReadPin) for HAL_GPIO_ReadPin
    stm32f4xx_nucleo_144.o(.ARM.exidx.text.BSP_PB_GetState) refers to stm32f4xx_nucleo_144.o(.text.BSP_PB_GetState) for [Anonymous Symbol]
    stm32f4xx_nucleo_144.o(.text.SD_IO_Init) refers to stm32f4xx_hal_gpio.o(.text.HAL_GPIO_Init) for HAL_GPIO_Init
    stm32f4xx_nucleo_144.o(.text.SD_IO_Init) refers to stm32f4xx_hal_gpio.o(.text.HAL_GPIO_WritePin) for HAL_GPIO_WritePin
    stm32f4xx_nucleo_144.o(.text.SD_IO_Init) refers to stm32f4xx_nucleo_144.o(.text.SPIx_Init) for SPIx_Init
    stm32f4xx_nucleo_144.o(.text.SD_IO_Init) refers to stm32f4xx_nucleo_144.o(.data.SpixTimeout) for SpixTimeout
[...]
    ../clib/microlib/division.c              0x00000000   Number         0  uldiv.o ABSOLUTE
    ../clib/microlib/division.c              0x00000000   Number         0  ldiv.o ABSOLUTE
    ../clib/microlib/division.c              0x00000000   Number         0  uidiv.o ABSOLUTE
    ../clib/microlib/errno.c                 0x00000000   Number         0  errno.o ABSOLUTE
    ../clib/microlib/init/entry.s            0x00000000   Number         0  entry.o ABSOLUTE
    ../clib/microlib/init/entry.s            0x00000000   Number         0  entry2.o ABSOLUTE
    ../clib/microlib/init/entry.s            0x00000000   Number         0  entry5.o ABSOLUTE
    ../clib/microlib/init/entry.s            0x00000000   Number         0  entry7a.o ABSOLUTE
    ../clib/microlib/init/entry.s            0x00000000   Number         0  entry7b.o ABSOLUTE
    ../clib/microlib/init/entry.s            0x00000000   Number         0  entry8a.o ABSOLUTE
    ../clib/microlib/init/entry.s            0x00000000   Number         0  entry8b.o ABSOLUTE
    ../clib/microlib/init/entry.s            0x00000000   Number         0  entry9a.o ABSOLUTE
    ../clib/microlib/init/entry.s            0x00000000   Number         0  entry9b.o ABSOLUTE
    ../clib/microlib/init/entry.s            0x00000000   Number         0  entry10a.o ABSOLUTE
    ../clib/microlib/init/entry.s            0x00000000   Number         0  entry10b.o ABSOLUTE
    ../clib/microlib/init/entry.s            0x00000000   Number         0  entry11a.o ABSOLUTE
    ../clib/microlib/init/entry.s            0x00000000   Number         0  entry11b.o ABSOLUTE
    ../clib/microlib/longlong.c              0x00000000   Number         0  llshl.o ABSOLUTE
    ../clib/microlib/longlong.c              0x00000000   Number         0  llushr.o ABSOLUTE
    ../clib/microlib/longlong.c              0x00000000   Number         0  llsshr.o ABSOLUTE
    ../clib/microlib/printf/printf.c         0x00000000   Number         0  printfb.o ABSOLUTE
    ../clib/microlib/printf/printf.c         0x00000000   Number         0  printf0.o ABSOLUTE
    ../clib/microlib/printf/printf.c         0x00000000   Number         0  printf1.o ABSOLUTE
    ../clib/microlib/printf/printf.c         0x00000000   Number         0  printf2.o ABSOLUTE
    ../clib/microlib/printf/printf.c         0x00000000   Number         0  printf3.o ABSOLUTE
    ../clib/microlib/printf/printf.c         0x00000000   Number         0  printf4.o ABSOLUTE
    ../clib/microlib/printf/printf.c         0x00000000   Number         0  printf5.o ABSOLUTE
    ../clib/microlib/printf/printf.c         0x00000000   Number         0  printf6.o ABSOLUTE
    ../clib/microlib/printf/printf.c         0x00000000   Number         0  printf7.o ABSOLUTE
    ../clib/microlib/printf/printf.c         0x00000000   Number         0  printf8.o ABSOLUTE
    ../clib/microlib/printf/printf.c         0x00000000   Number         0  printfa.o ABSOLUTE
    ../clib/microlib/printf/stubs.s          0x00000000   Number         0  printfstubs.o ABSOLUTE
    ../clib/microlib/stdio/fputs.c           0x00000000   Number         0  fputs.o ABSOLUTE
    ../clib/microlib/stdio/fputs.c           0x00000000   Number         0  fputs_e.o ABSOLUTE
    ../clib/microlib/stdio/fwrite.c          0x00000000   Number         0  fwrite.o ABSOLUTE
    ../clib/microlib/stdio/fwrite.c          0x00000000   Number         0  fwrite_e.o ABSOLUTE
    ../clib/microlib/stdio/puts.c            0x00000000   Number         0  puts.o ABSOLUTE
    ../clib/microlib/stdio/puts.c            0x00000000   Number         0  puts_e.o ABSOLUTE
    ../clib/microlib/stdio/streams.c         0x00000000   Number         0  stdin.o ABSOLUTE
    ../clib/microlib/stdio/streams.c         0x00000000   Number         0  stdout.o ABSOLUTE
    ../clib/microlib/stdio/streams.c         0x00000000   Number         0  stderr.o ABSOLUTE
    ../clib/microlib/string/memcpy.c         0x00000000   Number         0  memcpya.o ABSOLUTE
    ../clib/microlib/string/memcpy.c         0x00000000   Number         0  memcpyb.o ABSOLUTE
    ../clib/microlib/string/memset.c         0x00000000   Number         0  memseta.o ABSOLUTE
    ../clib/microlib/string/strlen.c         0x00000000   Number         0  strlen.o ABSOLUTE
    ../clib/microlib/stubs.s                 0x00000000   Number         0  iusefp.o ABSOLUTE
    ../fplib/microlib/fpadd.c                0x00000000   Number         0  dadd.o ABSOLUTE
    ../fplib/microlib/fpdiv.c                0x00000000   Number         0  ddiv.o ABSOLUTE
    ../fplib/microlib/fpepilogue.c           0x00000000   Number         0  depilogue.o ABSOLUTE
    ../fplib/microlib/fpfix.c                0x00000000   Number         0  dfixi.o ABSOLUTE
    ../fplib/microlib/fpfix.c                0x00000000   Number         0  dfixul.o ABSOLUTE
    ../fplib/microlib/fpflt.c                0x00000000   Number         0  dflti.o ABSOLUTE
    ../fplib/microlib/fpflt.c                0x00000000   Number         0  dfltui.o ABSOLUTE
    ../fplib/microlib/fpmul.c                0x00000000   Number         0  dmul.o ABSOLUTE
    ../fplib/microlib/fpsqrt.c               0x00000000   Number         0  dsqrt.o ABSOLUTE
    ../mathlib/sqrt.c                        0x00000000   Number         0  sqrt.o ABSOLUTE
    Consolas40.c                             0x00000000   Number         0  consolas40.o ABSOLUTE
    Consolas60.c                             0x00000000   Number         0  consolas60.o ABSOLUTE
    Consolas80.c                             0x00000000   Number         0  consolas80.o ABSOLUTE
    Consolas90.c                             0x00000000   Number         0  consolas90.o ABSOLUTE
    ConsolasBold40.c                         0x00000000   Number         0  consolasbold40.o ABSOLUTE
    ConsolasBold60.c                         0x00000000   Number         0  consolasbold60.o ABSOLUTE
    ConsolasBold80.c                         0x00000000   Number         0  consolasbold80.o ABSOLUTE
    ConsolasBold90.c                         0x00000000   Number         0  consolasbold90.o ABSOLUTE
    CourierNew48.c                           0x00000000   Number         0  couriernew48.o ABSOLUTE
    CourierNewBold40.c                       0x00000000   Number         0  couriernewbold40.o ABSOLUTE
    CourierNewBold60.c                       0x00000000   Number         0  couriernewbold60.o ABSOLUTE
    FiraMono40.c                             0x00000000   Number         0  firamono40.o ABSOLUTE
    FiraMono60.c                             0x00000000   Number         0  firamono60.o ABSOLUTE
    FiraMono80.c                             0x00000000   Number         0  firamono80.o ABSOLUTE
    FiraMono90.c                             0x00000000   Number         0  firamono90.o ABSOLUTE
    FiraMonoMedium40.c                       0x00000000   Number         0  firamonomedium40.o ABSOLUTE
    FiraMonoMedium60.c                       0x00000000   Number         0  firamonomedium60.o ABSOLUTE
    FiraMonoMedium80.c                       0x00000000   Number         0  firamonomedium80.o ABSOLUTE
    FiraMonoMedium90.c                       0x00000000   Number         0  firamonomedium90.o ABSOLUTE
    LCD_Debug.c                              0x00000000   Number         0  lcd_debug.o ABSOLUTE
    LCD_Demos.c                              0x00000000   Number         0  lcd_demos.o ABSOLUTE
    LCD_Driver.c                             0x00000000   Number         0  lcd_driver.o ABSOLUTE
    LCD_GPIO.c                               0x00000000   Number         0  lcd_gpio.o ABSOLUTE
    LCD_GUI.c                                0x00000000   Number         0  lcd_gui.o ABSOLUTE
    LCD_SPI.c                                0x00000000   Number         0  lcd_spi.o ABSOLUTE
    LCD_TIM.c                                0x00000000   Number         0  lcd_tim.o ABSOLUTE
    LCD_Tools.c                              0x00000000   Number         0  lcd_tools.o ABSOLUTE
    LCD_Touch.c                              0x00000000   Number         0  lcd_touch.o ABSOLUTE
    USART_STM32F4xx.c                        0x00000000   Number         0  usart_stm32f4xx.o ABSOLUTE
    adc.c                                    0x00000000   Number         0  adc.o ABSOLUTE
    cdrcmple.s                               0x00000000   Number         0  cdrcmple.o ABSOLUTE
    dc.s                                     0x00000000   Number         0  dc.o ABSOLUTE
    delay.c                                  0x00000000   Number         0  delay.o ABSOLUTE
    error.c                                  0x00000000   Number         0  error.o ABSOLUTE
    font12.c                                 0x00000000   Number         0  font12.o ABSOLUTE
    font16.c                                 0x00000000   Number         0  font16.o ABSOLUTE
    font20.c                                 0x00000000   Number         0  font20.o ABSOLUTE
    font24.c                                 0x00000000   Number         0  font24.o ABSOLUTE
    font8.c                                  0x00000000   Number         0  font8.o ABSOLUTE
    fontsFLASH.c                             0x00000000   Number         0  fontsflash.o ABSOLUTE
    handlers.s                               0x00000000   Number         0  handlers.o ABSOLUTE
    init.c                                   0x00000000   Number         0  init.o ABSOLUTE
    init.s                                   0x00000000   Number         0  init.o ABSOLUTE
    keypad.c                                 0x00000000   Number         0  keypad.o ABSOLUTE
    lcd.c                                    0x00000000   Number         0  lcd.o ABSOLUTE
    main.c                                   0x00000000   Number         0  main.o ABSOLUTE
    retarget_io.c                            0x00000000   Number         0  retarget_io.o ABSOLUTE
    stdinout_USART.c                         0x00000000   Number         0  stdinout_usart.o ABSOLUTE
    stm32f4xx_hal.c                          0x00000000   Number         0  stm32f4xx_hal.o ABSOLUTE
    stm32f4xx_hal_cortex.c                   0x00000000   Number         0  stm32f4xx_hal_cortex.o ABSOLUTE
    stm32f4xx_hal_dma.c                      0x00000000   Number         0  stm32f4xx_hal_dma.o ABSOLUTE
    stm32f4xx_hal_eth.c                      0x00000000   Number         0  stm32f4xx_hal_eth.o ABSOLUTE
    stm32f4xx_hal_gpio.c                     0x00000000   Number         0  stm32f4xx_hal_gpio.o ABSOLUTE
    stm32f4xx_hal_pwr.c                      0x00000000   Number         0  stm32f4xx_hal_pwr.o ABSOLUTE
    stm32f4xx_hal_pwr_ex.c                   0x00000000   Number         0  stm32f4xx_hal_pwr_ex.o ABSOLUTE
    stm32f4xx_hal_rcc.c                      0x00000000   Number         0  stm32f4xx_hal_rcc.o ABSOLUTE
    stm32f4xx_hal_spi.c                      0x00000000   Number         0  stm32f4xx_hal_spi.o ABSOLUTE
    stm32f4xx_hal_tim.c                      0x00000000   Number         0  stm32f4xx_hal_tim.o ABSOLUTE
    stm32f4xx_hal_tim_ex.c                   0x00000000   Number         0  stm32f4xx_hal_tim_ex.o ABSOLUTE
    stm32f4xx_it.c                           0x00000000   Number         0  stm32f4xx_it.o ABSOLUTE
    stm32f4xx_nucleo_144.c                   0x00000000   Number         0  stm32f4xx_nucleo_144.o ABSOLUTE
    system_stm32f4xx.c                       0x00000000   Number         0  system_stm32f4xx.o ABSOLUTE
    terminal.c                               0x00000000   Number         0  terminal.o ABSOLUTE
    testsoftware.c                           0x00000000   Number         0  testsoftware.o ABSOLUTE
    timer.c                                  0x00000000   Number         0  timer.o ABSOLUTE
    RESET                                    0x08000000   Section      428  startup_stm32f429xx.o(RESET)
    .ARM.Collect$$$$00000000                 0x080001ac   Section        0  entry.o(.ARM.Collect$$$$00000000)
    .ARM.Collect$$$$00000001                 0x080001ac   Section        4  entry2.o(.ARM.Collect$$$$00000001)
    .ARM.Collect$$$$00000004                 0x080001b0   Section        4  entry5.o(.ARM.Collect$$$$00000004)
    .ARM.Collect$$$$00000008                 0x080001b4   Section        0  entry7b.o(.ARM.Collect$$$$00000008)
    .ARM.Collect$$$$0000000A                 0x080001b4   Section        0  entry8b.o(.ARM.Collect$$$$0000000A)
    .ARM.Collect$$$$0000000B                 0x080001b4   Section        8  entry9a.o(.ARM.Collect$$$$0000000B)
    __lit__00000000                          0x080001bc   Data           4  entry2.o(.ARM.Collect$$$$00002712)
    .ARM.Collect$$$$0000000D                 0x080001bc   Section        0  entry10a.o(.ARM.Collect$$$$0000000D)
    .ARM.Collect$$$$0000000F                 0x080001bc   Section        0  entry11a.o(.ARM.Collect$$$$0000000F)
    .ARM.Collect$$$$00002712                 0x080001bc   Section        4  entry2.o(.ARM.Collect$$$$00002712)
    $v0                                      0x080001c0   Number         0  startup_stm32f429xx.o(.text)
    .text                                    0x080001c0   Section       36  startup_stm32f429xx.o(.text)
    .text                                    0x080001e4   Section        0  uldiv.o(.text)
    .text                                    0x08000246   Section        0  ldiv.o(.text)
    .text                                    0x080002a8   Section        0  memcpya.o(.text)
    .text                                    0x080002cc   Section        0  memseta.o(.text)
    .text                                    0x080002f0   Section        0  strlen.o(.text)
    .text                                    0x080002fe   Section        0  dadd.o(.text)
    .text                                    0x0800044c   Section        0  dmul.o(.text)
    .text                                    0x08000530   Section        0  dflti.o(.text)
    .text                                    0x08000552   Section        0  dfltui.o(.text)
    .text                                    0x0800056c   Section        0  dfixi.o(.text)
    .text                                    0x080005aa   Section        0  uidiv.o(.text)
    .text                                    0x080005d6   Section        0  llshl.o(.text)
    .text                                    0x080005f4   Section        0  llushr.o(.text)
    .text                                    0x08000614   Section        0  llsshr.o(.text)
    .text                                    0x08000638   Section        0  iusefp.o(.text)
    .text                                    0x08000638   Section        0  depilogue.o(.text)
    .text                                    0x080006f2   Section        0  ddiv.o(.text)
    .text                                    0x080007d0   Section        0  dsqrt.o(.text)
    .text                                    0x08000872   Section        0  dfixul.o(.text)
    .text                                    0x080008a4   Section       48  cdrcmple.o(.text)
    .text                                    0x080008d4   Section       36  init.o(.text)
    [Anonymous Symbol]                       0x080008f8   Section        0  adc.o(.text.ADC_RegChannelConfig)
    [Anonymous Symbol]                       0x080009ec   Section        0  stm32f4xx_it.o(.text.BusFault_Handler)
    [Anonymous Symbol]                       0x080009f0   Section        0  stm32f4xx_it.o(.text.DebugMon_Handler)
    [Anonymous Symbol]                       0x080009f4   Section        0  lcd_tools.o(.text.Driver_Delay_ms)
    [Anonymous Symbol]                       0x080009fc   Section        0  lcd_tools.o(.text.Driver_Delay_us)
    [Anonymous Symbol]                       0x08000a00   Section        0  stm32f4xx_it.o(.text.ETH_IRQHandler)
    [Anonymous Symbol]                       0x08000a10   Section        0  error.o(.text.Error_Handler)
    [Anonymous Symbol]                       0x08000a8c   Section        0  lcd_gpio.o(.text.GPIO_Init)
    [Anonymous Symbol]                       0x08000bc8   Section        0  lcd_gui.o(.text.GUI_disNum)
    [Anonymous Symbol]                       0x08000c20   Section        0  lcd_gui.o(.text.GUI_disStr)
    [Anonymous Symbol]                       0x08000d2c   Section        0  lcd_gui.o(.text.GUI_drawRectangle)
    [Anonymous Symbol]                       0x08000df8   Section        0  lcd_gui.o(.text.GUI_init)
    [Anonymous Symbol]                       0x08000e08   Section        0  stm32f4xx_hal.o(.text.HAL_Delay)
    [Anonymous Symbol]                       0x08000e30   Section        0  stm32f4xx_hal_eth.o(.text.HAL_ETH_ErrorCallback)
    [Anonymous Symbol]                       0x08000e34   Section        0  stm32f4xx_hal_eth.o(.text.HAL_ETH_IRQHandler)
    [Anonymous Symbol]                       0x08000ea4   Section        0  stm32f4xx_hal_eth.o(.text.HAL_ETH_RxCpltCallback)
    [Anonymous Symbol]                       0x08000ea8   Section        0  stm32f4xx_hal_eth.o(.text.HAL_ETH_TxCpltCallback)
    [Anonymous Symbol]                       0x08000eac   Section        0  stm32f4xx_hal_gpio.o(.text.HAL_GPIO_DeInit)
    [Anonymous Symbol]                       0x08000fb4   Section        0  stm32f4xx_hal_gpio.o(.text.HAL_GPIO_Init)
    [Anonymous Symbol]                       0x08001150   Section        0  stm32f4xx_hal_gpio.o(.text.HAL_GPIO_ReadPin)
    [Anonymous Symbol]                       0x0800115c   Section        0  stm32f4xx_hal_gpio.o(.text.HAL_GPIO_TogglePin)
    [Anonymous Symbol]                       0x0800116c   Section        0  stm32f4xx_hal_gpio.o(.text.HAL_GPIO_WritePin)
    [Anonymous Symbol]                       0x08001178   Section        0  stm32f4xx_hal.o(.text.HAL_GetTick)
    [Anonymous Symbol]                       0x08001184   Section        0  stm32f4xx_hal.o(.text.HAL_IncTick)
    [Anonymous Symbol]                       0x080011a0   Section        0  stm32f4xx_hal.o(.text.HAL_Init)
    [Anonymous Symbol]                       0x080011d0   Section        0  stm32f4xx_hal.o(.text.HAL_InitTick)
    [Anonymous Symbol]                       0x08001220   Section        0  stm32f4xx_hal.o(.text.HAL_MspInit)
    [Anonymous Symbol]                       0x08001224   Section        0  stm32f4xx_hal_cortex.o(.text.HAL_NVIC_DisableIRQ)
    [Anonymous Symbol]                       0x0800124c   Section        0  stm32f4xx_hal_cortex.o(.text.HAL_NVIC_SetPriority)
    [Anonymous Symbol]                       0x080012a4   Section        0  stm32f4xx_hal_cortex.o(.text.HAL_NVIC_SetPriorityGrouping)
    [Anonymous Symbol]                       0x080012c4   Section        0  stm32f4xx_hal_pwr_ex.o(.text.HAL_PWREx_EnableOverDrive)
    [Anonymous Symbol]                       0x08001340   Section        0  stm32f4xx_hal_rcc.o(.text.HAL_RCC_ClockConfig)
    [Anonymous Symbol]                       0x080014a0   Section        0  stm32f4xx_hal_rcc.o(.text.HAL_RCC_GetPCLK1Freq)
    [Anonymous Symbol]                       0x080014c8   Section        0  stm32f4xx_hal_rcc.o(.text.HAL_RCC_GetSysClockFreq)
    [Anonymous Symbol]                       0x08001534   Section        0  stm32f4xx_hal_rcc.o(.text.HAL_RCC_OscConfig)
    [Anonymous Symbol]                       0x08001868   Section        0  stm32f4xx_hal_cortex.o(.text.HAL_SYSTICK_Config)
    [Anonymous Symbol]                       0x08001894   Section        0  stm32f4xx_hal_tim_ex.o(.text.HAL_TIMEx_MasterConfigSynchronization)
    [Anonymous Symbol]                       0x0800194c   Section        0  stm32f4xx_hal_tim.o(.text.HAL_TIM_PWM_ConfigChannel)
    [Anonymous Symbol]                       0x08001b60   Section        0  stm32f4xx_hal_tim.o(.text.HAL_TIM_PWM_Init)
    [Anonymous Symbol]                       0x08001b98   Section        0  lcd_tim.o(.text.HAL_TIM_PWM_MspInit)
    [Anonymous Symbol]                       0x08001bd0   Section        0  stm32f4xx_hal_tim.o(.text.HAL_TIM_PWM_Start)
    [Anonymous Symbol]                       0x08001c1c   Section        0  stm32f4xx_it.o(.text.HardFault_Handler)
    [Anonymous Symbol]                       0x08001c20   Section        0  lcd_tools.o(.text.LCDErrHandler)
    [Anonymous Symbol]                       0x08001c9c   Section        0  lcd_driver.o(.text.LCD_clear)
    [Anonymous Symbol]                       0x08001cb0   Section        0  lcd_driver.o(.text.LCD_fillRectangleBW)
    [Anonymous Symbol]                       0x08001df0   Section        0  lcd_driver.o(.text.LCD_fillRectangleMC)
    [Anonymous Symbol]                       0x08001eb4   Section        0  lcd_driver.o(.text.LCD_init)
    LCD_setWindow                            0x08002109   Thumb Code   508  lcd_driver.o(.text.LCD_setWindow)
    [Anonymous Symbol]                       0x08002108   Section        0  lcd_driver.o(.text.LCD_setWindow)
    [Anonymous Symbol]                       0x08002304   Section        0  stm32f4xx_it.o(.text.MemManage_Handler)
    [Anonymous Symbol]                       0x08002308   Section        0  stm32f4xx_it.o(.text.NMI_Handler)
    [Anonymous Symbol]                       0x0800230c   Section        0  lcd_tim.o(.text.PWM_SetValue)
    [Anonymous Symbol]                       0x0800233c   Section        0  stm32f4xx_it.o(.text.PendSV_Handler)
    [Anonymous Symbol]                       0x08002340   Section        0  lcd_spi.o(.text.SPI4W_Read_Byte)
    [Anonymous Symbol]                       0x0800239c   Section        0  lcd_spi.o(.text.SPI4W_Write_Byte)
    [Anonymous Symbol]                       0x08002400   Section        0  lcd_spi.o(.text.SPIinit)
    [Anonymous Symbol]                       0x080024c8   Section        0  lcd_spi.o(.text.SPIsetLCDSpeed)
    [Anonymous Symbol]                       0x080024f4   Section        0  lcd_spi.o(.text.SPIsetTPSpeed)
    [Anonymous Symbol]                       0x08002540   Section        0  stm32f4xx_it.o(.text.SVC_Handler)
    [Anonymous Symbol]                       0x08002544   Section        0  stm32f4xx_it.o(.text.SysTick_Handler)
    [Anonymous Symbol]                       0x0800254c   Section        0  system_stm32f4xx.o(.text.SystemInit)
    [Anonymous Symbol]                       0x080025a4   Section        0  lcd_tim.o(.text.TIM4_Init)
    [Anonymous Symbol]                       0x08002664   Section        0  stm32f4xx_hal_tim.o(.text.TIM_Base_SetConfig)
    [Anonymous Symbol]                       0x08002788   Section        0  lcd_touch.o(.text.TP_Adjust)
    __arm_cp.1_18                            0x0800293c   Number         4  lcd_touch.o(.text.TP_Adjust)
    __arm_cp.1_19                            0x08002940   Number         4  lcd_touch.o(.text.TP_Adjust)
    __arm_cp.1_20                            0x08002944   Number         4  lcd_touch.o(.text.TP_Adjust)
    __arm_cp.1_21                            0x08002948   Number         4  lcd_touch.o(.text.TP_Adjust)
    __arm_cp.1_22                            0x0800294c   Number         4  lcd_touch.o(.text.TP_Adjust)
    __arm_cp.1_23                            0x08002950   Number         4  lcd_touch.o(.text.TP_Adjust)
    [Anonymous Symbol]                       0x08002dd0   Section        0  lcd_touch.o(.text.TP_Init)
    TP_Read_ADC_Average                      0x08002e25   Thumb Code   174  lcd_touch.o(.text.TP_Read_ADC_Average)
    [Anonymous Symbol]                       0x08002e24   Section        0  lcd_touch.o(.text.TP_Read_ADC_Average)
    [Anonymous Symbol]                       0x08002ed4   Section        0  lcd_touch.o(.text.TP_pressed)
    USART3_Control                           0x08003005   Thumb Code  1680  usart_stm32f4xx.o(.text.USART3_Control)
    [Anonymous Symbol]                       0x08003004   Section        0  usart_stm32f4xx.o(.text.USART3_Control)
    USART3_GetCapabilities                   0x08003695   Thumb Code     6  usart_stm32f4xx.o(.text.USART3_GetCapabilities)
    [Anonymous Symbol]                       0x08003694   Section        0  usart_stm32f4xx.o(.text.USART3_GetCapabilities)
    USART3_GetModemStatus                    0x0800369d   Thumb Code     4  usart_stm32f4xx.o(.text.USART3_GetModemStatus)
    [Anonymous Symbol]                       0x0800369c   Section        0  usart_stm32f4xx.o(.text.USART3_GetModemStatus)
    USART3_GetRxCount                        0x080036a1   Thumb Code    12  usart_stm32f4xx.o(.text.USART3_GetRxCount)
    [Anonymous Symbol]                       0x080036a0   Section        0  usart_stm32f4xx.o(.text.USART3_GetRxCount)
    USART3_GetStatus                         0x080036ad   Thumb Code   116  usart_stm32f4xx.o(.text.USART3_GetStatus)
    [Anonymous Symbol]                       0x080036ac   Section        0  usart_stm32f4xx.o(.text.USART3_GetStatus)
    USART3_GetTxCount                        0x08003721   Thumb Code    12  usart_stm32f4xx.o(.text.USART3_GetTxCount)
    [Anonymous Symbol]                       0x08003720   Section        0  usart_stm32f4xx.o(.text.USART3_GetTxCount)
    [Anonymous Symbol]                       0x0800372c   Section        0  usart_stm32f4xx.o(.text.USART3_IRQHandler)
    USART3_Initialize                        0x0800373d   Thumb Code   102  usart_stm32f4xx.o(.text.USART3_Initialize)
    [Anonymous Symbol]                       0x0800373c   Section        0  usart_stm32f4xx.o(.text.USART3_Initialize)
    USART3_PowerControl                      0x080037a5   Thumb Code     8  usart_stm32f4xx.o(.text.USART3_PowerControl)
    [Anonymous Symbol]                       0x080037a4   Section        0  usart_stm32f4xx.o(.text.USART3_PowerControl)
    USART3_Receive                           0x080037ad   Thumb Code   178  usart_stm32f4xx.o(.text.USART3_Receive)
    [Anonymous Symbol]                       0x080037ac   Section        0  usart_stm32f4xx.o(.text.USART3_Receive)
    USART3_Send                              0x08003861   Thumb Code   120  usart_stm32f4xx.o(.text.USART3_Send)
    [Anonymous Symbol]                       0x08003860   Section        0  usart_stm32f4xx.o(.text.USART3_Send)
    USART3_SetModemControl                   0x080038d9   Thumb Code    58  usart_stm32f4xx.o(.text.USART3_SetModemControl)
    [Anonymous Symbol]                       0x080038d8   Section        0  usart_stm32f4xx.o(.text.USART3_SetModemControl)
    USART3_Transfer                          0x08003915   Thumb Code   266  usart_stm32f4xx.o(.text.USART3_Transfer)
    [Anonymous Symbol]                       0x08003914   Section        0  usart_stm32f4xx.o(.text.USART3_Transfer)
    USART3_Uninitialize                      0x08003a21   Thumb Code   108  usart_stm32f4xx.o(.text.USART3_Uninitialize)
    [Anonymous Symbol]                       0x08003a20   Section        0  usart_stm32f4xx.o(.text.USART3_Uninitialize)
    [Anonymous Symbol]                       0x08003a8c   Section        0  usart_stm32f4xx.o(.text.USART_IRQHandler)
    USART_PowerControl                       0x08003cb9   Thumb Code   222  usart_stm32f4xx.o(.text.USART_PowerControl)
    [Anonymous Symbol]                       0x08003cb8   Section        0  usart_stm32f4xx.o(.text.USART_PowerControl)
    USARTx_GetVersion                        0x08003d99   Thumb Code    10  usart_stm32f4xx.o(.text.USARTx_GetVersion)
    [Anonymous Symbol]                       0x08003d98   Section        0  usart_stm32f4xx.o(.text.USARTx_GetVersion)
    [Anonymous Symbol]                       0x08003da4   Section        0  stm32f4xx_it.o(.text.UsageFault_Handler)
    [Anonymous Symbol]                       0x08003da8   Section        0  retarget_io.o(.text.fputc)
    [Anonymous Symbol]                       0x08003dc4   Section        0  adc.o(.text.initADC)
    [Anonymous Symbol]                       0x08003ed8   Section        0  init.o(.text.initITSboard)
    [Anonymous Symbol]                       0x08004038   Section        0  lcd_tools.o(.text.itoa)
    [Anonymous Symbol]                       0x080040c8   Section        0  lcd.o(.text.lcdPrintS)
    [Anonymous Symbol]                       0x08004208   Section        0  lcd.o(.text.lcdPrintlnS)
    [Anonymous Symbol]                       0x08004244   Section        0  lcd.o(.text.lcdSetFont)
    [Anonymous Symbol]                       0x080042e8   Section        0  main.o(.text.main)
    [Anonymous Symbol]                       0x08004410   Section        0  lcd_debug.o(.text.printDebugMsg)
    [Anonymous Symbol]                       0x080044b0   Section        0  adc.o(.text.readADCValue)
    [Anonymous Symbol]                       0x0800453c   Section        0  stdinout_usart.o(.text.stdinout_init)
    [Anonymous Symbol]                       0x08004580   Section        0  stdinout_usart.o(.text.stdout_putchar)
    i.__0sprintf                             0x080045b4   Section        0  printfa.o(i.__0sprintf)
    i.__hardfp_sqrt                          0x080045dc   Section        0  sqrt.o(i.__hardfp_sqrt)
    i.__scatterload_copy                     0x08004656   Section       14  handlers.o(i.__scatterload_copy)
    i.__scatterload_null                     0x08004664   Section        2  handlers.o(i.__scatterload_null)
    i.__scatterload_zeroinit                 0x08004666   Section       14  handlers.o(i.__scatterload_zeroinit)
    i.__set_errno                            0x08004674   Section        0  errno.o(i.__set_errno)
    _fp_digits                               0x08004681   Thumb Code   366  printfa.o(i._fp_digits)
    i._fp_digits                             0x08004680   Section        0  printfa.o(i._fp_digits)
    _printf_core                             0x08004805   Thumb Code  1744  printfa.o(i._printf_core)
    i._printf_core                           0x08004804   Section        0  printfa.o(i._printf_core)
    _printf_post_padding                     0x08004ee1   Thumb Code    36  printfa.o(i._printf_post_padding)
    i._printf_post_padding                   0x08004ee0   Section        0  printfa.o(i._printf_post_padding)
    _printf_pre_padding                      0x08004f05   Thumb Code    46  printfa.o(i._printf_pre_padding)
    i._printf_pre_padding                    0x08004f04   Section        0  printfa.o(i._printf_pre_padding)
    _sputc                                   0x08004f33   Thumb Code    10  printfa.o(i._sputc)
    i._sputc                                 0x08004f32   Section        0  printfa.o(i._sputc)
    i.puts                                   0x08004f3c   Section        0  puts.o(i.puts)
    USART3_Resources                         0x08005014   Data          52  usart_stm32f4xx.o(.rodata.USART3_Resources)
    [Anonymous Symbol]                       0x08005014   Section        0  usart_stm32f4xx.o(.rodata.USART3_Resources)
    USART3_rx                                0x08005048   Data          12  usart_stm32f4xx.o(.rodata.USART3_rx)
    [Anonymous Symbol]                       0x08005048   Section        0  usart_stm32f4xx.o(.rodata.USART3_rx)
    USART3_tx                                0x08005054   Data          12  usart_stm32f4xx.o(.rodata.USART3_tx)
    [Anonymous Symbol]                       0x08005054   Section        0  usart_stm32f4xx.o(.rodata.USART3_tx)
    .L__const.TP_Adjust.crossPos             0x08005060   Data          16  lcd_touch.o(.rodata.cst16)
    .L.str                                   0x080050d7   Data          37  lcd_gui.o(.rodata.str1.1)
    [Anonymous Symbol]                       0x080050d7   Section        0  lcd_gui.o(.rodata.str1.1)
    .L.str                                   0x080050fc   Data          37  lcd_spi.o(.rodata.str1.1)
    [Anonymous Symbol]                       0x080050fc   Section        0  lcd_spi.o(.rodata.str1.1)
    .L.str                                   0x08005121   Data          37  lcd_tim.o(.rodata.str1.1)
    [Anonymous Symbol]                       0x08005121   Section        0  lcd_tim.o(.rodata.str1.1)
    .Lstr                                    0x08005146   Data          71  lcd.o(.rodata.str1.1)
    [Anonymous Symbol]                       0x08005146   Section        0  lcd.o(.rodata.str1.1)
    .data                                    0x20000000   Section        4  stdout.o(.data)
    _errno                                   0x20000004   Data           4  errno.o(.data)
    .data                                    0x20000004   Section        4  errno.o(.data)
    crd                                      0x20000034   Data           4  lcd.o(.data.crd)
    [Anonymous Symbol]                       0x20000034   Section        0  lcd.o(.data.crd)
    fontHeight                               0x20000038   Data           4  lcd.o(.data.fontHeight)
    [Anonymous Symbol]                       0x20000038   Section        0  lcd.o(.data.fontHeight)
    fontWidth                                0x2000003c   Data           4  lcd.o(.data.fontWidth)
    [Anonymous Symbol]                       0x2000003c   Section        0  lcd.o(.data.fontWidth)
    lcdFont                                  0x20000040   Data           4  lcd.o(.data.lcdFont)
    [Anonymous Symbol]                       0x20000040   Section        0  lcd.o(.data.lcdFont)
    lcdmaxx                                  0x20000044   Data           4  lcd.o(.data.lcdmaxx)
    [Anonymous Symbol]                       0x20000044   Section        0  lcd.o(.data.lcdmaxx)
    lcdmaxy                                  0x20000048   Data           4  lcd.o(.data.lcdmaxy)
    [Anonymous Symbol]                       0x20000048   Section        0  lcd.o(.data.lcdmaxy)
    USART3_Info                              0x200000a0   Data          20  usart_stm32f4xx.o(.bss.USART3_Info)
    [Anonymous Symbol]                       0x200000a0   Section        0  usart_stm32f4xx.o(.bss.USART3_Info)
    USART3_TransferInfo                      0x200000b4   Data          36  usart_stm32f4xx.o(.bss.USART3_TransferInfo)
    [Anonymous Symbol]                       0x200000b4   Section        0  usart_stm32f4xx.o(.bss.USART3_TransferInfo)
    htim4                                    0x200000d8   Data          64  lcd_tim.o(.bss.htim4)
    [Anonymous Symbol]                       0x200000d8   Section        0  lcd_tim.o(.bss.htim4)
    sTP_DEV                                  0x20000118   Data          24  lcd_touch.o(.bss.sTP_DEV)
    [Anonymous Symbol]                       0x20000118   Section        0  lcd_touch.o(.bss.sTP_DEV)
    STACK                                    0x20000138   Section     1024  startup_stm32f429xx.o(STACK)

    Global Symbols

    Symbol Name                              Value     Ov Type        Size  Object(Section)

    BuildAttributes$$THM_ISAv4$E$P$D$K$B$S$7EM$VFPi3$EXTD16$VFPS$VFMA$PE$A:L22UL41UL21$X:L11$S22US41US21$IEEE1$IW$~IW$USESV6$~STKCKD$USESV7$~SHL$OTIME$ROPI$IEEEJ$EBA8$MICROLIB$REQ8$PRES8$EABIv2 0x00000000   Number         0  anon$$obj.o ABSOLUTE
    _printf_a                                0x00000000   Number         0  printfstubs.o ABSOLUTE
    _printf_c                                0x00000000   Number         0  printfstubs.o ABSOLUTE
    _printf_charcount                        0x00000000   Number         0  printfstubs.o ABSOLUTE
    _printf_d                                0x00000000   Number         0  printfstubs.o ABSOLUTE
    _printf_e                                0x00000000   Number         0  printfstubs.o ABSOLUTE
    _printf_f                                0x00000000   Number         0  printfstubs.o ABSOLUTE
    _printf_flags                            0x00000000   Number         0  printfstubs.o ABSOLUTE
    _printf_fp_dec                           0x00000000   Number         0  printfstubs.o ABSOLUTE
    _printf_fp_hex                           0x00000000   Number         0  printfstubs.o ABSOLUTE
    _printf_g                                0x00000000   Number         0  printfstubs.o ABSOLUTE
    _printf_i                                0x00000000   Number         0  printfstubs.o ABSOLUTE
    _printf_int_dec                          0x00000000   Number         0  printfstubs.o ABSOLUTE
    _printf_l                                0x00000000   Number         0  printfstubs.o ABSOLUTE
    _printf_lc                               0x00000000   Number         0  printfstubs.o ABSOLUTE
    _printf_ll                               0x00000000   Number         0  printfstubs.o ABSOLUTE
    _printf_lld                              0x00000000   Number         0  printfstubs.o ABSOLUTE
    _printf_lli                              0x00000000   Number         0  printfstubs.o ABSOLUTE
    _printf_llo                              0x00000000   Number         0  printfstubs.o ABSOLUTE
    _printf_llu                              0x00000000   Number         0  printfstubs.o ABSOLUTE
    _printf_llx                              0x00000000   Number         0  printfstubs.o ABSOLUTE
    _printf_longlong_dec                     0x00000000   Number         0  printfstubs.o ABSOLUTE
    _printf_longlong_hex                     0x00000000   Number         0  printfstubs.o ABSOLUTE
    _printf_longlong_oct                     0x00000000   Number         0  printfstubs.o ABSOLUTE
    _printf_ls                               0x00000000   Number         0  printfstubs.o ABSOLUTE
    _printf_mbtowc                           0x00000000   Number         0  printfstubs.o ABSOLUTE
    _printf_n                                0x00000000   Number         0  printfstubs.o ABSOLUTE
    _printf_o                                0x00000000   Number         0  printfstubs.o ABSOLUTE
    _printf_p                                0x00000000   Number         0  printfstubs.o ABSOLUTE
    _printf_percent                          0x00000000   Number         0  printfstubs.o ABSOLUTE
    _printf_pre_padding                      0x00000000   Number         0  printfstubs.o ABSOLUTE
    _printf_return_value                     0x00000000   Number         0  printfstubs.o ABSOLUTE
    _printf_s                                0x00000000   Number         0  printfstubs.o ABSOLUTE
    _printf_sizespec                         0x00000000   Number         0  printfstubs.o ABSOLUTE
    _printf_str                              0x00000000   Number         0  printfstubs.o ABSOLUTE
    _printf_truncate_signed                  0x00000000   Number         0  printfstubs.o ABSOLUTE
    _printf_truncate_unsigned                0x00000000   Number         0  printfstubs.o ABSOLUTE
    _printf_u                                0x00000000   Number         0  printfstubs.o ABSOLUTE
    _printf_wc                               0x00000000   Number         0  printfstubs.o ABSOLUTE
    _printf_wctomb                           0x00000000   Number         0  printfstubs.o ABSOLUTE
    _printf_widthprec                        0x00000000   Number         0  printfstubs.o ABSOLUTE
    _printf_x                                0x00000000   Number         0  printfstubs.o ABSOLUTE
    __cpp_initialize__aeabi_                  - Undefined Weak Reference
    __cxa_finalize                            - Undefined Weak Reference
    __decompress                              - Undefined Weak Reference
    _clock_init                               - Undefined Weak Reference
    _microlib_exit                            - Undefined Weak Reference
    __Vectors_Size                           0x000001ac   Number         0  startup_stm32f429xx.o ABSOLUTE
    __Vectors                                0x08000000   Data           4  startup_stm32f429xx.o(RESET)
    __Vectors_End                            0x080001ac   Data           0  startup_stm32f429xx.o(RESET)
    __main                                   0x080001ad   Thumb Code     0  entry.o(.ARM.Collect$$$$00000000)
    _main_stk                                0x080001ad   Thumb Code     0  entry2.o(.ARM.Collect$$$$00000001)
    _main_scatterload                        0x080001b1   Thumb Code     0  entry5.o(.ARM.Collect$$$$00000004)
    __main_after_scatterload                 0x080001b5   Thumb Code     0  entry5.o(.ARM.Collect$$$$00000004)
    _main_clock                              0x080001b5   Thumb Code     0  entry7b.o(.ARM.Collect$$$$00000008)
    _main_cpp_init                           0x080001b5   Thumb Code     0  entry8b.o(.ARM.Collect$$$$0000000A)
    _main_init                               0x080001b5   Thumb Code     0  entry9a.o(.ARM.Collect$$$$0000000B)
    __rt_final_cpp                           0x080001bd   Thumb Code     0  entry10a.o(.ARM.Collect$$$$0000000D)
    __rt_final_exit                          0x080001bd   Thumb Code     0  entry11a.o(.ARM.Collect$$$$0000000F)
    Reset_Handler                            0x080001c1   Thumb Code     8  startup_stm32f429xx.o(.text)
    ADC_IRQHandler                           0x080001db   Thumb Code     0  startup_stm32f429xx.o(.text)
    CAN1_RX0_IRQHandler                      0x080001db   Thumb Code     0  startup_stm32f429xx.o(.text)
    CAN1_RX1_IRQHandler                      0x080001db   Thumb Code     0  startup_stm32f429xx.o(.text)
    CAN1_SCE_IRQHandler                      0x080001db   Thumb Code     0  startup_stm32f429xx.o(.text)
    CAN1_TX_IRQHandler                       0x080001db   Thumb Code     0  startup_stm32f429xx.o(.text)
    CAN2_RX0_IRQHandler                      0x080001db   Thumb Code     0  startup_stm32f429xx.o(.text)
    CAN2_RX1_IRQHandler                      0x080001db   Thumb Code     0  startup_stm32f429xx.o(.text)
    CAN2_SCE_IRQHandler                      0x080001db   Thumb Code     0  startup_stm32f429xx.o(.text)
    CAN2_TX_IRQHandler                       0x080001db   Thumb Code     0  startup_stm32f429xx.o(.text)
    DCMI_IRQHandler                          0x080001db   Thumb Code     0  startup_stm32f429xx.o(.text)
    DMA1_Stream0_IRQHandler                  0x080001db   Thumb Code     0  startup_stm32f429xx.o(.text)
    DMA1_Stream1_IRQHandler                  0x080001db   Thumb Code     0  startup_stm32f429xx.o(.text)
    DMA1_Stream2_IRQHandler                  0x080001db   Thumb Code     0  startup_stm32f429xx.o(.text)
    DMA1_Stream3_IRQHandler                  0x080001db   Thumb Code     0  startup_stm32f429xx.o(.text)
    DMA1_Stream4_IRQHandler                  0x080001db   Thumb Code     0  startup_stm32f429xx.o(.text)
    DMA1_Stream5_IRQHandler                  0x080001db   Thumb Code     0  startup_stm32f429xx.o(.text)
    DMA1_Stream6_IRQHandler                  0x080001db   Thumb Code     0  startup_stm32f429xx.o(.text)
    DMA1_Stream7_IRQHandler                  0x080001db   Thumb Code     0  startup_stm32f429xx.o(.text)
    DMA2D_IRQHandler                         0x080001db   Thumb Code     0  startup_stm32f429xx.o(.text)
    DMA2_Stream0_IRQHandler                  0x080001db   Thumb Code     0  startup_stm32f429xx.o(.text)
    DMA2_Stream1_IRQHandler                  0x080001db   Thumb Code     0  startup_stm32f429xx.o(.text)
    DMA2_Stream2_IRQHandler                  0x080001db   Thumb Code     0  startup_stm32f429xx.o(.text)
    DMA2_Stream3_IRQHandler                  0x080001db   Thumb Code     0  startup_stm32f429xx.o(.text)
    DMA2_Stream4_IRQHandler                  0x080001db   Thumb Code     0  startup_stm32f429xx.o(.text)
    DMA2_Stream5_IRQHandler                  0x080001db   Thumb Code     0  startup_stm32f429xx.o(.text)
    DMA2_Stream6_IRQHandler                  0x080001db   Thumb Code     0  startup_stm32f429xx.o(.text)
    DMA2_Stream7_IRQHandler                  0x080001db   Thumb Code     0  startup_stm32f429xx.o(.text)
    ETH_WKUP_IRQHandler                      0x080001db   Thumb Code     0  startup_stm32f429xx.o(.text)
    EXTI0_IRQHandler                         0x080001db   Thumb Code     0  startup_stm32f429xx.o(.text)
    EXTI15_10_IRQHandler                     0x080001db   Thumb Code     0  startup_stm32f429xx.o(.text)
    EXTI1_IRQHandler                         0x080001db   Thumb Code     0  startup_stm32f429xx.o(.text)
    EXTI2_IRQHandler                         0x080001db   Thumb Code     0  startup_stm32f429xx.o(.text)
    EXTI3_IRQHandler                         0x080001db   Thumb Code     0  startup_stm32f429xx.o(.text)
    EXTI4_IRQHandler                         0x080001db   Thumb Code     0  startup_stm32f429xx.o(.text)
    EXTI9_5_IRQHandler                       0x080001db   Thumb Code     0  startup_stm32f429xx.o(.text)
    FLASH_IRQHandler                         0x080001db   Thumb Code     0  startup_stm32f429xx.o(.text)
    FMC_IRQHandler                           0x080001db   Thumb Code     0  startup_stm32f429xx.o(.text)
    FPU_IRQHandler                           0x080001db   Thumb Code     0  startup_stm32f429xx.o(.text)
    HASH_RNG_IRQHandler                      0x080001db   Thumb Code     0  startup_stm32f429xx.o(.text)
    I2C1_ER_IRQHandler                       0x080001db   Thumb Code     0  startup_stm32f429xx.o(.text)
    I2C1_EV_IRQHandler                       0x080001db   Thumb Code     0  startup_stm32f429xx.o(.text)
    I2C2_ER_IRQHandler                       0x080001db   Thumb Code     0  startup_stm32f429xx.o(.text)
    I2C2_EV_IRQHandler                       0x080001db   Thumb Code     0  startup_stm32f429xx.o(.text)
    I2C3_ER_IRQHandler                       0x080001db   Thumb Code     0  startup_stm32f429xx.o(.text)
    I2C3_EV_IRQHandler                       0x080001db   Thumb Code     0  startup_stm32f429xx.o(.text)
    LTDC_ER_IRQHandler                       0x080001db   Thumb Code     0  startup_stm32f429xx.o(.text)
    LTDC_IRQHandler                          0x080001db   Thumb Code     0  startup_stm32f429xx.o(.text)
    OTG_FS_IRQHandler                        0x080001db   Thumb Code     0  startup_stm32f429xx.o(.text)
    OTG_FS_WKUP_IRQHandler                   0x080001db   Thumb Code     0  startup_stm32f429xx.o(.text)
    OTG_HS_EP1_IN_IRQHandler                 0x080001db   Thumb Code     0  startup_stm32f429xx.o(.text)
    OTG_HS_EP1_OUT_IRQHandler                0x080001db   Thumb Code     0  startup_stm32f429xx.o(.text)
    OTG_HS_IRQHandler                        0x080001db   Thumb Code     0  startup_stm32f429xx.o(.text)
    OTG_HS_WKUP_IRQHandler                   0x080001db   Thumb Code     0  startup_stm32f429xx.o(.text)
    PVD_IRQHandler                           0x080001db   Thumb Code     0  startup_stm32f429xx.o(.text)
    RCC_IRQHandler                           0x080001db   Thumb Code     0  startup_stm32f429xx.o(.text)
    RTC_Alarm_IRQHandler                     0x080001db   Thumb Code     0  startup_stm32f429xx.o(.text)
    RTC_WKUP_IRQHandler                      0x080001db   Thumb Code     0  startup_stm32f429xx.o(.text)
    SAI1_IRQHandler                          0x080001db   Thumb Code     0  startup_stm32f429xx.o(.text)
    SDIO_IRQHandler                          0x080001db   Thumb Code     0  startup_stm32f429xx.o(.text)
    SPI1_IRQHandler                          0x080001db   Thumb Code     0  startup_stm32f429xx.o(.text)
    SPI2_IRQHandler                          0x080001db   Thumb Code     0  startup_stm32f429xx.o(.text)
    SPI3_IRQHandler                          0x080001db   Thumb Code     0  startup_stm32f429xx.o(.text)
    SPI4_IRQHandler                          0x080001db   Thumb Code     0  startup_stm32f429xx.o(.text)
    SPI5_IRQHandler                          0x080001db   Thumb Code     0  startup_stm32f429xx.o(.text)
    SPI6_IRQHandler                          0x080001db   Thumb Code     0  startup_stm32f429xx.o(.text)
    TAMP_STAMP_IRQHandler                    0x080001db   Thumb Code     0  startup_stm32f429xx.o(.text)
    TIM1_BRK_TIM9_IRQHandler                 0x080001db   Thumb Code     0  startup_stm32f429xx.o(.text)
    TIM1_CC_IRQHandler                       0x080001db   Thumb Code     0  startup_stm32f429xx.o(.text)
    TIM1_TRG_COM_TIM11_IRQHandler            0x080001db   Thumb Code     0  startup_stm32f429xx.o(.text)
    TIM1_UP_TIM10_IRQHandler                 0x080001db   Thumb Code     0  startup_stm32f429xx.o(.text)
    TIM2_IRQHandler                          0x080001db   Thumb Code     0  startup_stm32f429xx.o(.text)
    TIM3_IRQHandler                          0x080001db   Thumb Code     0  startup_stm32f429xx.o(.text)
    TIM4_IRQHandler                          0x080001db   Thumb Code     0  startup_stm32f429xx.o(.text)
    TIM5_IRQHandler                          0x080001db   Thumb Code     0  startup_stm32f429xx.o(.text)
    TIM6_DAC_IRQHandler                      0x080001db   Thumb Code     0  startup_stm32f429xx.o(.text)
    TIM7_IRQHandler                          0x080001db   Thumb Code     0  startup_stm32f429xx.o(.text)
    TIM8_BRK_TIM12_IRQHandler                0x080001db   Thumb Code     0  startup_stm32f429xx.o(.text)
    TIM8_CC_IRQHandler                       0x080001db   Thumb Code     0  startup_stm32f429xx.o(.text)
    TIM8_TRG_COM_TIM14_IRQHandler            0x080001db   Thumb Code     0  startup_stm32f429xx.o(.text)
    TIM8_UP_TIM13_IRQHandler                 0x080001db   Thumb Code     0  startup_stm32f429xx.o(.text)
    UART4_IRQHandler                         0x080001db   Thumb Code     0  startup_stm32f429xx.o(.text)
    UART5_IRQHandler                         0x080001db   Thumb Code     0  startup_stm32f429xx.o(.text)
    UART7_IRQHandler                         0x080001db   Thumb Code     0  startup_stm32f429xx.o(.text)
    UART8_IRQHandler                         0x080001db   Thumb Code     0  startup_stm32f429xx.o(.text)
    USART1_IRQHandler                        0x080001db   Thumb Code     0  startup_stm32f429xx.o(.text)
    USART2_IRQHandler                        0x080001db   Thumb Code     0  startup_stm32f429xx.o(.text)
    USART6_IRQHandler                        0x080001db   Thumb Code     0  startup_stm32f429xx.o(.text)
    WWDG_IRQHandler                          0x080001db   Thumb Code     0  startup_stm32f429xx.o(.text)
    __aeabi_uldivmod                         0x080001e5   Thumb Code    98  uldiv.o(.text)
    __aeabi_ldivmod                          0x08000247   Thumb Code    98  ldiv.o(.text)
    __aeabi_memcpy                           0x080002a9   Thumb Code    36  memcpya.o(.text)
    __aeabi_memcpy4                          0x080002a9   Thumb Code     0  memcpya.o(.text)
    __aeabi_memcpy8                          0x080002a9   Thumb Code     0  memcpya.o(.text)
    __aeabi_memset                           0x080002cd   Thumb Code    14  memseta.o(.text)
    __aeabi_memset4                          0x080002cd   Thumb Code     0  memseta.o(.text)
    __aeabi_memset8                          0x080002cd   Thumb Code     0  memseta.o(.text)
    __aeabi_memclr                           0x080002db   Thumb Code     4  memseta.o(.text)
    __aeabi_memclr4                          0x080002db   Thumb Code     0  memseta.o(.text)
    __aeabi_memclr8                          0x080002db   Thumb Code     0  memseta.o(.text)
    _memset$wrapper                          0x080002df   Thumb Code    18  memseta.o(.text)
    strlen                                   0x080002f1   Thumb Code    14  strlen.o(.text)
    __aeabi_dadd                             0x080002ff   Thumb Code   322  dadd.o(.text)
    __aeabi_dsub                             0x08000441   Thumb Code     6  dadd.o(.text)
    __aeabi_drsub                            0x08000447   Thumb Code     6  dadd.o(.text)
    __aeabi_dmul                             0x0800044d   Thumb Code   228  dmul.o(.text)
    __aeabi_i2d                              0x08000531   Thumb Code    34  dflti.o(.text)
    __aeabi_ui2d                             0x08000553   Thumb Code    26  dfltui.o(.text)
    __aeabi_d2iz                             0x0800056d   Thumb Code    62  dfixi.o(.text)
    __aeabi_uidiv                            0x080005ab   Thumb Code     0  uidiv.o(.text)
    __aeabi_uidivmod                         0x080005ab   Thumb Code    44  uidiv.o(.text)
    __aeabi_llsl                             0x080005d7   Thumb Code    30  llshl.o(.text)
    _ll_shift_l                              0x080005d7   Thumb Code     0  llshl.o(.text)
    __aeabi_llsr                             0x080005f5   Thumb Code    32  llushr.o(.text)
    _ll_ushift_r                             0x080005f5   Thumb Code     0  llushr.o(.text)
    __aeabi_lasr                             0x08000615   Thumb Code    36  llsshr.o(.text)
    _ll_sshift_r                             0x08000615   Thumb Code     0  llsshr.o(.text)
    __I$use$fp                               0x08000639   Thumb Code     0  iusefp.o(.text)
    _double_round                            0x08000639   Thumb Code    30  depilogue.o(.text)
    _double_epilogue                         0x08000657   Thumb Code   156  depilogue.o(.text)
    __aeabi_ddiv                             0x080006f3   Thumb Code   222  ddiv.o(.text)
    _dsqrt                                   0x080007d1   Thumb Code   162  dsqrt.o(.text)
    __aeabi_d2ulz                            0x08000873   Thumb Code    48  dfixul.o(.text)
    __aeabi_cdrcmple                         0x080008a5   Thumb Code    48  cdrcmple.o(.text)
    __scatterload                            0x080008d5   Thumb Code    28  init.o(.text)
    __scatterload_rt2                        0x080008d5   Thumb Code     0  init.o(.text)
    ADC_RegChannelConfig                     0x080008f9   Thumb Code   242  adc.o(.text.ADC_RegChannelConfig)
    BusFault_Handler                         0x080009ed   Thumb Code     2  stm32f4xx_it.o(.text.BusFault_Handler)
    DebugMon_Handler                         0x080009f1   Thumb Code     2  stm32f4xx_it.o(.text.DebugMon_Handler)
    Driver_Delay_ms                          0x080009f5   Thumb Code     8  lcd_tools.o(.text.Driver_Delay_ms)
    Driver_Delay_us                          0x080009fd   Thumb Code     2  lcd_tools.o(.text.Driver_Delay_us)
    ETH_IRQHandler                           0x08000a01   Thumb Code    16  stm32f4xx_it.o(.text.ETH_IRQHandler)
    Error_Handler                            0x08000a11   Thumb Code   122  error.o(.text.Error_Handler)
    GPIO_Init                                0x08000a8d   Thumb Code   316  lcd_gpio.o(.text.GPIO_Init)
    GUI_disNum                               0x08000bc9   Thumb Code    86  lcd_gui.o(.text.GUI_disNum)
    GUI_disStr                               0x08000c21   Thumb Code   268  lcd_gui.o(.text.GUI_disStr)
    GUI_drawRectangle                        0x08000d2d   Thumb Code   204  lcd_gui.o(.text.GUI_drawRectangle)
    GUI_init                                 0x08000df9   Thumb Code    16  lcd_gui.o(.text.GUI_init)
    HAL_Delay                                0x08000e09   Thumb Code    40  stm32f4xx_hal.o(.text.HAL_Delay)
    HAL_ETH_ErrorCallback                    0x08000e31   Thumb Code     2  stm32f4xx_hal_eth.o(.text.HAL_ETH_ErrorCallback)
    HAL_ETH_IRQHandler                       0x08000e35   Thumb Code   110  stm32f4xx_hal_eth.o(.text.HAL_ETH_IRQHandler)
    HAL_ETH_RxCpltCallback                   0x08000ea5   Thumb Code     2  stm32f4xx_hal_eth.o(.text.HAL_ETH_RxCpltCallback)
    HAL_ETH_TxCpltCallback                   0x08000ea9   Thumb Code     2  stm32f4xx_hal_eth.o(.text.HAL_ETH_TxCpltCallback)
    HAL_GPIO_DeInit                          0x08000ead   Thumb Code   262  stm32f4xx_hal_gpio.o(.text.HAL_GPIO_DeInit)
    HAL_GPIO_Init                            0x08000fb5   Thumb Code   412  stm32f4xx_hal_gpio.o(.text.HAL_GPIO_Init)
    HAL_GPIO_ReadPin                         0x08001151   Thumb Code    10  stm32f4xx_hal_gpio.o(.text.HAL_GPIO_ReadPin)
    HAL_GPIO_TogglePin                       0x0800115d   Thumb Code    14  stm32f4xx_hal_gpio.o(.text.HAL_GPIO_TogglePin)
    HAL_GPIO_WritePin                        0x0800116d   Thumb Code    10  stm32f4xx_hal_gpio.o(.text.HAL_GPIO_WritePin)
    HAL_GetTick                              0x08001179   Thumb Code    12  stm32f4xx_hal.o(.text.HAL_GetTick)
    HAL_IncTick                              0x08001185   Thumb Code    26  stm32f4xx_hal.o(.text.HAL_IncTick)
    HAL_Init                                 0x080011a1   Thumb Code    46  stm32f4xx_hal.o(.text.HAL_Init)
    HAL_InitTick                             0x080011d1   Thumb Code    80  stm32f4xx_hal.o(.text.HAL_InitTick)
    HAL_MspInit                              0x08001221   Thumb Code     2  stm32f4xx_hal.o(.text.HAL_MspInit)
    HAL_NVIC_DisableIRQ                      0x08001225   Thumb Code    40  stm32f4xx_hal_cortex.o(.text.HAL_NVIC_DisableIRQ)
    HAL_NVIC_SetPriority                     0x0800124d   Thumb Code    86  stm32f4xx_hal_cortex.o(.text.HAL_NVIC_SetPriority)
    HAL_NVIC_SetPriorityGrouping             0x080012a5   Thumb Code    32  stm32f4xx_hal_cortex.o(.text.HAL_NVIC_SetPriorityGrouping)
    HAL_PWREx_EnableOverDrive                0x080012c5   Thumb Code   122  stm32f4xx_hal_pwr_ex.o(.text.HAL_PWREx_EnableOverDrive)
    HAL_RCC_ClockConfig                      0x08001341   Thumb Code   352  stm32f4xx_hal_rcc.o(.text.HAL_RCC_ClockConfig)
    HAL_RCC_GetPCLK1Freq                     0x080014a1   Thumb Code    38  stm32f4xx_hal_rcc.o(.text.HAL_RCC_GetPCLK1Freq)
    HAL_RCC_GetSysClockFreq                  0x080014c9   Thumb Code   106  stm32f4xx_hal_rcc.o(.text.HAL_RCC_GetSysClockFreq)
    HAL_RCC_OscConfig                        0x08001535   Thumb Code   820  stm32f4xx_hal_rcc.o(.text.HAL_RCC_OscConfig)
    HAL_SYSTICK_Config                       0x08001869   Thumb Code    44  stm32f4xx_hal_cortex.o(.text.HAL_SYSTICK_Config)
    HAL_TIMEx_MasterConfigSynchronization    0x08001895   Thumb Code   184  stm32f4xx_hal_tim_ex.o(.text.HAL_TIMEx_MasterConfigSynchronization)
    HAL_TIM_PWM_ConfigChannel                0x0800194d   Thumb Code   532  stm32f4xx_hal_tim.o(.text.HAL_TIM_PWM_ConfigChannel)
    HAL_TIM_PWM_Init                         0x08001b61   Thumb Code    54  stm32f4xx_hal_tim.o(.text.HAL_TIM_PWM_Init)
    HAL_TIM_PWM_MspInit                      0x08001b99   Thumb Code    54  lcd_tim.o(.text.HAL_TIM_PWM_MspInit)
    HAL_TIM_PWM_Start                        0x08001bd1   Thumb Code    76  stm32f4xx_hal_tim.o(.text.HAL_TIM_PWM_Start)
    HardFault_Handler                        0x08001c1d   Thumb Code     2  stm32f4xx_it.o(.text.HardFault_Handler)
    LCDErrHandler                            0x08001c21   Thumb Code   122  lcd_tools.o(.text.LCDErrHandler)
    LCD_clear                                0x08001c9d   Thumb Code    20  lcd_driver.o(.text.LCD_clear)
    LCD_fillRectangleBW                      0x08001cb1   Thumb Code   318  lcd_driver.o(.text.LCD_fillRectangleBW)
    LCD_fillRectangleMC                      0x08001df1   Thumb Code   196  lcd_driver.o(.text.LCD_fillRectangleMC)
    LCD_init                                 0x08001eb5   Thumb Code   594  lcd_driver.o(.text.LCD_init)
    MemManage_Handler                        0x08002305   Thumb Code     2  stm32f4xx_it.o(.text.MemManage_Handler)
    NMI_Handler                              0x08002309   Thumb Code     2  stm32f4xx_it.o(.text.NMI_Handler)
    PWM_SetValue                             0x0800230d   Thumb Code    46  lcd_tim.o(.text.PWM_SetValue)
    PendSV_Handler                           0x0800233d   Thumb Code     2  stm32f4xx_it.o(.text.PendSV_Handler)
    SPI4W_Read_Byte                          0x08002341   Thumb Code    92  lcd_spi.o(.text.SPI4W_Read_Byte)
    SPI4W_Write_Byte                         0x0800239d   Thumb Code    98  lcd_spi.o(.text.SPI4W_Write_Byte)
    SPIinit                                  0x08002401   Thumb Code   198  lcd_spi.o(.text.SPIinit)
    SPIsetLCDSpeed                           0x080024c9   Thumb Code    44  lcd_spi.o(.text.SPIsetLCDSpeed)
    SPIsetTPSpeed                            0x080024f5   Thumb Code    74  lcd_spi.o(.text.SPIsetTPSpeed)
    SVC_Handler                              0x08002541   Thumb Code     2  stm32f4xx_it.o(.text.SVC_Handler)
    SysTick_Handler                          0x08002545   Thumb Code     8  stm32f4xx_it.o(.text.SysTick_Handler)
    SystemInit                               0x0800254d   Thumb Code    86  system_stm32f4xx.o(.text.SystemInit)
    TIM4_Init                                0x080025a5   Thumb Code   192  lcd_tim.o(.text.TIM4_Init)
    TIM_Base_SetConfig                       0x08002665   Thumb Code   292  stm32f4xx_hal_tim.o(.text.TIM_Base_SetConfig)
    TP_Adjust                                0x08002789   Thumb Code  1436  lcd_touch.o(.text.TP_Adjust)
    TP_Init                                  0x08002dd1   Thumb Code    84  lcd_touch.o(.text.TP_Init)
    TP_pressed                               0x08002ed5   Thumb Code   304  lcd_touch.o(.text.TP_pressed)
    USART3_IRQHandler                        0x0800372d   Thumb Code    16  usart_stm32f4xx.o(.text.USART3_IRQHandler)
    USART_IRQHandler                         0x08003a8d   Thumb Code   554  usart_stm32f4xx.o(.text.USART_IRQHandler)
    UsageFault_Handler                       0x08003da5   Thumb Code     2  stm32f4xx_it.o(.text.UsageFault_Handler)
    fputc                                    0x08003da9   Thumb Code    26  retarget_io.o(.text.fputc)
    initADC                                  0x08003dc5   Thumb Code   276  adc.o(.text.initADC)
    initITSboard                             0x08003ed9   Thumb Code   352  init.o(.text.initITSboard)
    itoa                                     0x08004039   Thumb Code   142  lcd_tools.o(.text.itoa)
    lcdPrintS                                0x080040c9   Thumb Code   320  lcd.o(.text.lcdPrintS)
    lcdPrintlnS                              0x08004209   Thumb Code    58  lcd.o(.text.lcdPrintlnS)
    lcdSetFont                               0x08004245   Thumb Code   158  lcd.o(.text.lcdSetFont)
    main                                     0x080042e9   Thumb Code   248  main.o(.text.main)
    printDebugMsg                            0x08004411   Thumb Code   128  lcd_debug.o(.text.printDebugMsg)
    readADCValue                             0x080044b1   Thumb Code   138  adc.o(.text.readADCValue)
    stdinout_init                            0x0800453d   Thumb Code    68  stdinout_usart.o(.text.stdinout_init)
    stdout_putchar                           0x08004581   Thumb Code    52  stdinout_usart.o(.text.stdout_putchar)
    __0sprintf                               0x080045b5   Thumb Code    34  printfa.o(i.__0sprintf)
    __1sprintf                               0x080045b5   Thumb Code     0  printfa.o(i.__0sprintf)
    __2sprintf                               0x080045b5   Thumb Code     0  printfa.o(i.__0sprintf)
    __c89sprintf                             0x080045b5   Thumb Code     0  printfa.o(i.__0sprintf)
    sprintf                                  0x080045b5   Thumb Code     0  printfa.o(i.__0sprintf)
    __hardfp_sqrt                            0x080045dd   Thumb Code   122  sqrt.o(i.__hardfp_sqrt)
    __scatterload_copy                       0x08004657   Thumb Code    14  handlers.o(i.__scatterload_copy)
    __scatterload_null                       0x08004665   Thumb Code     2  handlers.o(i.__scatterload_null)
    __scatterload_zeroinit                   0x08004667   Thumb Code    14  handlers.o(i.__scatterload_zeroinit)
    __set_errno                              0x08004675   Thumb Code     6  errno.o(i.__set_errno)
    puts                                     0x08004f3d   Thumb Code    30  puts.o(i.puts)
    AHBPrescTable                            0x08004f60   Data          16  system_stm32f4xx.o(.rodata.AHBPrescTable)
    APBPrescTable                            0x08004f70   Data           8  system_stm32f4xx.o(.rodata.APBPrescTable)
    Cross                                    0x08004f78   Data         100  lcd_touch.o(.rodata.Cross)
    Driver_USART3                            0x08004fdc   Data          56  usart_stm32f4xx.o(.rodata.Driver_USART3)
    initCmds                                 0x08005070   Data         103  lcd_driver.o(.rodata.initCmds)
    Region$$Table$$Base                      0x08005190   Number         0  anon$$obj.o(Region$$Table)
    Region$$Table$$Limit                     0x080051b0   Number         0  anon$$obj.o(Region$$Table)
    __stdout                                 0x20000000   Data           4  stdout.o(.data)
    Font12FLASH                              0x20000008   Data           8  fontsflash.o(.data.Font12FLASH)
    Font16FLASH                              0x20000010   Data           8  fontsflash.o(.data.Font16FLASH)
    Font20FLASH                              0x20000018   Data           8  fontsflash.o(.data.Font20FLASH)
    Font24FLASH                              0x20000020   Data           8  fontsflash.o(.data.Font24FLASH)
    Font8FLASH                               0x20000028   Data           8  fontsflash.o(.data.Font8FLASH)
    SystemCoreClock                          0x20000030   Data           4  system_stm32f4xx.o(.data.SystemCoreClock)
    uwTickFreq                               0x2000004c   Data           1  stm32f4xx_hal.o(.data.uwTickFreq)
    uwTickPrio                               0x20000050   Data           4  stm32f4xx_hal.o(.data.uwTickPrio)
    EthHandle                                0x20000058   Data          72  stm32f4xx_it.o(.bss.EthHandle)
    uwTick                                   0x20000130   Data           4  stm32f4xx_hal.o(.bss.uwTick)
    __initial_sp                             0x20000538   Data           0  startup_stm32f429xx.o(STACK)



==============================================================================

Memory Map of the image

  Image Entry point : 0x080001ad

  Load Region LR_IROM1 (Base: 0x08000000, Size: 0x00005208, Max: 0x00200000, ABSOLUTE)

    Execution Region ER_IROM1 (Exec base: 0x08000000, Load base: 0x08000000, Size: 0x000051b0, Max: 0x00200000, ABSOLUTE)

    Exec Addr    Load Addr    Size         Type   Attr      Idx    E Section Name        Object

    0x08000000   0x08000000   0x000001ac   Data   RO           99    RESET               startup_stm32f429xx.o
    0x080001ac   0x080001ac   0x00000000   Code   RO         1461  * .ARM.Collect$$$$00000000  mc_w.l(entry.o)
    0x080001ac   0x080001ac   0x00000004   Code   RO         1762    .ARM.Collect$$$$00000001  mc_w.l(entry2.o)
    0x080001b0   0x080001b0   0x00000004   Code   RO         1765    .ARM.Collect$$$$00000004  mc_w.l(entry5.o)
    0x080001b4   0x080001b4   0x00000000   Code   RO         1767    .ARM.Collect$$$$00000008  mc_w.l(entry7b.o)
    0x080001b4   0x080001b4   0x00000000   Code   RO         1769    .ARM.Collect$$$$0000000A  mc_w.l(entry8b.o)
    0x080001b4   0x080001b4   0x00000008   Code   RO         1770    .ARM.Collect$$$$0000000B  mc_w.l(entry9a.o)
    0x080001bc   0x080001bc   0x00000000   Code   RO         1772    .ARM.Collect$$$$0000000D  mc_w.l(entry10a.o)
    0x080001bc   0x080001bc   0x00000000   Code   RO         1774    .ARM.Collect$$$$0000000F  mc_w.l(entry11a.o)
    0x080001bc   0x080001bc   0x00000004   Code   RO         1763    .ARM.Collect$$$$00002712  mc_w.l(entry2.o)
    0x080001c0   0x080001c0   0x00000024   Code   RO          100    .text               startup_stm32f429xx.o
    0x080001e4   0x080001e4   0x00000062   Code   RO         1479    .text               mc_w.l(uldiv.o)
    0x08000246   0x08000246   0x00000062   Code   RO         1481    .text               mc_w.l(ldiv.o)
    0x080002a8   0x080002a8   0x00000024   Code   RO         1483    .text               mc_w.l(memcpya.o)
    0x080002cc   0x080002cc   0x00000024   Code   RO         1485    .text               mc_w.l(memseta.o)
    0x080002f0   0x080002f0   0x0000000e   Code   RO         1487    .text               mc_w.l(strlen.o)
    0x080002fe   0x080002fe   0x0000014e   Code   RO         1752    .text               mf_w.l(dadd.o)
    0x0800044c   0x0800044c   0x000000e4   Code   RO         1754    .text               mf_w.l(dmul.o)
    0x08000530   0x08000530   0x00000022   Code   RO         1756    .text               mf_w.l(dflti.o)
    0x08000552   0x08000552   0x0000001a   Code   RO         1758    .text               mf_w.l(dfltui.o)
    0x0800056c   0x0800056c   0x0000003e   Code   RO         1760    .text               mf_w.l(dfixi.o)
    0x080005aa   0x080005aa   0x0000002c   Code   RO         1785    .text               mc_w.l(uidiv.o)
    0x080005d6   0x080005d6   0x0000001e   Code   RO         1787    .text               mc_w.l(llshl.o)
    0x080005f4   0x080005f4   0x00000020   Code   RO         1789    .text               mc_w.l(llushr.o)
    0x08000614   0x08000614   0x00000024   Code   RO         1791    .text               mc_w.l(llsshr.o)
    0x08000638   0x08000638   0x00000000   Code   RO         1800    .text               mc_w.l(iusefp.o)
    0x08000638   0x08000638   0x000000ba   Code   RO         1801    .text               mf_w.l(depilogue.o)
    0x080006f2   0x080006f2   0x000000de   Code   RO         1803    .text               mf_w.l(ddiv.o)
    0x080007d0   0x080007d0   0x000000a2   Code   RO         1805    .text               mf_w.l(dsqrt.o)
    0x08000872   0x08000872   0x00000030   Code   RO         1807    .text               mf_w.l(dfixul.o)
    0x080008a2   0x080008a2   0x00000002   PAD
    0x080008a4   0x080008a4   0x00000030   Code   RO         1809    .text               mf_w.l(cdrcmple.o)
    0x080008d4   0x080008d4   0x00000024   Code   RO         1811    .text               mc_w.l(init.o)
    0x080008f8   0x080008f8   0x000000f2   Code   RO          874    .text.ADC_RegChannelConfig  adc.o
    0x080009ea   0x080009ea   0x00000002   PAD
    0x080009ec   0x080009ec   0x00000002   Code   RO           76    .text.BusFault_Handler  stm32f4xx_it.o
    0x080009ee   0x080009ee   0x00000002   PAD
    0x080009f0   0x080009f0   0x00000002   Code   RO           82    .text.DebugMon_Handler  stm32f4xx_it.o
    0x080009f2   0x080009f2   0x00000002   PAD
    0x080009f4   0x080009f4   0x00000008   Code   RO         1206    .text.Driver_Delay_ms  lcd_tools.o
    0x080009fc   0x080009fc   0x00000002   Code   RO         1208    .text.Driver_Delay_us  lcd_tools.o
    0x080009fe   0x080009fe   0x00000002   PAD
    0x08000a00   0x08000a00   0x00000010   Code   RO           88    .text.ETH_IRQHandler  stm32f4xx_it.o
    0x08000a10   0x08000a10   0x0000007a   Code   RO         1277    .text.Error_Handler  error.o
    0x08000a8a   0x08000a8a   0x00000002   PAD
    0x08000a8c   0x08000a8c   0x0000013c   Code   RO         1179    .text.GPIO_Init     lcd_gpio.o
    0x08000bc8   0x08000bc8   0x00000056   Code   RO         1120    .text.GUI_disNum    lcd_gui.o
    0x08000c1e   0x08000c1e   0x00000002   PAD
    0x08000c20   0x08000c20   0x0000010c   Code   RO         1118    .text.GUI_disStr    lcd_gui.o
    0x08000d2c   0x08000d2c   0x000000cc   Code   RO         1114    .text.GUI_drawRectangle  lcd_gui.o
    0x08000df8   0x08000df8   0x00000010   Code   RO         1108    .text.GUI_init      lcd_gui.o
    0x08000e08   0x08000e08   0x00000028   Code   RO          127    .text.HAL_Delay     stm32f4xx_hal.o
    0x08000e30   0x08000e30   0x00000002   Code   RO          285    .text.HAL_ETH_ErrorCallback  stm32f4xx_hal_eth.o
    0x08000e32   0x08000e32   0x00000002   PAD
    0x08000e34   0x08000e34   0x0000006e   Code   RO          279    .text.HAL_ETH_IRQHandler  stm32f4xx_hal_eth.o
    0x08000ea2   0x08000ea2   0x00000002   PAD
    0x08000ea4   0x08000ea4   0x00000002   Code   RO          281    .text.HAL_ETH_RxCpltCallback  stm32f4xx_hal_eth.o
    0x08000ea6   0x08000ea6   0x00000002   PAD
    0x08000ea8   0x08000ea8   0x00000002   Code   RO          283    .text.HAL_ETH_TxCpltCallback  stm32f4xx_hal_eth.o
    0x08000eaa   0x08000eaa   0x00000002   PAD
    0x08000eac   0x08000eac   0x00000106   Code   RO          307    .text.HAL_GPIO_DeInit  stm32f4xx_hal_gpio.o
    0x08000fb2   0x08000fb2   0x00000002   PAD
    0x08000fb4   0x08000fb4   0x0000019c   Code   RO          305    .text.HAL_GPIO_Init  stm32f4xx_hal_gpio.o
    0x08001150   0x08001150   0x0000000a   Code   RO          309    .text.HAL_GPIO_ReadPin  stm32f4xx_hal_gpio.o
    0x0800115a   0x0800115a   0x00000002   PAD
    0x0800115c   0x0800115c   0x0000000e   Code   RO          313    .text.HAL_GPIO_TogglePin  stm32f4xx_hal_gpio.o
    0x0800116a   0x0800116a   0x00000002   PAD
    0x0800116c   0x0800116c   0x0000000a   Code   RO          311    .text.HAL_GPIO_WritePin  stm32f4xx_hal_gpio.o
    0x08001176   0x08001176   0x00000002   PAD
    0x08001178   0x08001178   0x0000000c   Code   RO          119    .text.HAL_GetTick   stm32f4xx_hal.o
    0x08001184   0x08001184   0x0000001a   Code   RO          117    .text.HAL_IncTick   stm32f4xx_hal.o
    0x0800119e   0x0800119e   0x00000002   PAD
    0x080011a0   0x080011a0   0x0000002e   Code   RO          107    .text.HAL_Init      stm32f4xx_hal.o
    0x080011ce   0x080011ce   0x00000002   PAD
    0x080011d0   0x080011d0   0x00000050   Code   RO          109    .text.HAL_InitTick  stm32f4xx_hal.o
    0x08001220   0x08001220   0x00000002   Code   RO          111    .text.HAL_MspInit   stm32f4xx_hal.o
    0x08001222   0x08001222   0x00000002   PAD
    0x08001224   0x08001224   0x00000028   Code   RO          182    .text.HAL_NVIC_DisableIRQ  stm32f4xx_hal_cortex.o
    0x0800124c   0x0800124c   0x00000056   Code   RO          178    .text.HAL_NVIC_SetPriority  stm32f4xx_hal_cortex.o
    0x080012a2   0x080012a2   0x00000002   PAD
    0x080012a4   0x080012a4   0x00000020   Code   RO          176    .text.HAL_NVIC_SetPriorityGrouping  stm32f4xx_hal_cortex.o
    0x080012c4   0x080012c4   0x0000007a   Code   RO          383    .text.HAL_PWREx_EnableOverDrive  stm32f4xx_hal_pwr_ex.o
    0x0800133e   0x0800133e   0x00000002   PAD
    0x08001340   0x08001340   0x00000160   Code   RO          401    .text.HAL_RCC_ClockConfig  stm32f4xx_hal_rcc.o
    0x080014a0   0x080014a0   0x00000026   Code   RO          413    .text.HAL_RCC_GetPCLK1Freq  stm32f4xx_hal_rcc.o
    0x080014c6   0x080014c6   0x00000002   PAD
    0x080014c8   0x080014c8   0x0000006a   Code   RO          403    .text.HAL_RCC_GetSysClockFreq  stm32f4xx_hal_rcc.o
    0x08001532   0x08001532   0x00000002   PAD
    0x08001534   0x08001534   0x00000334   Code   RO          399    .text.HAL_RCC_OscConfig  stm32f4xx_hal_rcc.o
    0x08001868   0x08001868   0x0000002c   Code   RO          188    .text.HAL_SYSTICK_Config  stm32f4xx_hal_cortex.o
    0x08001894   0x08001894   0x000000b8   Code   RO          840    .text.HAL_TIMEx_MasterConfigSynchronization  stm32f4xx_hal_tim_ex.o
    0x0800194c   0x0800194c   0x00000214   Code   RO          713    .text.HAL_TIM_PWM_ConfigChannel  stm32f4xx_hal_tim.o
    0x08001b60   0x08001b60   0x00000036   Code   RO          613    .text.HAL_TIM_PWM_Init  stm32f4xx_hal_tim.o
    0x08001b96   0x08001b96   0x00000002   PAD
    0x08001b98   0x08001b98   0x00000036   Code   RO         1190    .text.HAL_TIM_PWM_MspInit  lcd_tim.o
    0x08001bce   0x08001bce   0x00000002   PAD
    0x08001bd0   0x08001bd0   0x0000004c   Code   RO          621    .text.HAL_TIM_PWM_Start  stm32f4xx_hal_tim.o
    0x08001c1c   0x08001c1c   0x00000002   Code   RO           72    .text.HardFault_Handler  stm32f4xx_it.o
    0x08001c1e   0x08001c1e   0x00000002   PAD
    0x08001c20   0x08001c20   0x0000007a   Code   RO         1210    .text.LCDErrHandler  lcd_tools.o
    0x08001c9a   0x08001c9a   0x00000002   PAD
    0x08001c9c   0x08001c9c   0x00000014   Code   RO         1095    .text.LCD_clear     lcd_driver.o
    0x08001cb0   0x08001cb0   0x0000013e   Code   RO         1093    .text.LCD_fillRectangleBW  lcd_driver.o
    0x08001dee   0x08001dee   0x00000002   PAD
    0x08001df0   0x08001df0   0x000000c4   Code   RO         1089    .text.LCD_fillRectangleMC  lcd_driver.o
    0x08001eb4   0x08001eb4   0x00000252   Code   RO         1087    .text.LCD_init      lcd_driver.o
    0x08002106   0x08002106   0x00000002   PAD
    0x08002108   0x08002108   0x000001fc   Code   RO         1091    .text.LCD_setWindow  lcd_driver.o
    0x08002304   0x08002304   0x00000002   Code   RO           74    .text.MemManage_Handler  stm32f4xx_it.o
    0x08002306   0x08002306   0x00000002   PAD
    0x08002308   0x08002308   0x00000002   Code   RO           70    .text.NMI_Handler   stm32f4xx_it.o
    0x0800230a   0x0800230a   0x00000002   PAD
    0x0800230c   0x0800230c   0x0000002e   Code   RO         1194    .text.PWM_SetValue  lcd_tim.o
    0x0800233a   0x0800233a   0x00000002   PAD
    0x0800233c   0x0800233c   0x00000002   Code   RO           84    .text.PendSV_Handler  stm32f4xx_it.o
    0x0800233e   0x0800233e   0x00000002   PAD
    0x08002340   0x08002340   0x0000005c   Code   RO         1168    .text.SPI4W_Read_Byte  lcd_spi.o
    0x0800239c   0x0800239c   0x00000062   Code   RO         1166    .text.SPI4W_Write_Byte  lcd_spi.o
    0x080023fe   0x080023fe   0x00000002   PAD
    0x08002400   0x08002400   0x000000c6   Code   RO         1160    .text.SPIinit       lcd_spi.o
    0x080024c6   0x080024c6   0x00000002   PAD
    0x080024c8   0x080024c8   0x0000002c   Code   RO         1164    .text.SPIsetLCDSpeed  lcd_spi.o
    0x080024f4   0x080024f4   0x0000004a   Code   RO         1162    .text.SPIsetTPSpeed  lcd_spi.o
    0x0800253e   0x0800253e   0x00000002   PAD
    0x08002540   0x08002540   0x00000002   Code   RO           80    .text.SVC_Handler   stm32f4xx_it.o
    0x08002542   0x08002542   0x00000002   PAD
    0x08002544   0x08002544   0x00000008   Code   RO           86    .text.SysTick_Handler  stm32f4xx_it.o
    0x0800254c   0x0800254c   0x00000056   Code   RO           55    .text.SystemInit    system_stm32f4xx.o
    0x080025a2   0x080025a2   0x00000002   PAD
    0x080025a4   0x080025a4   0x000000c0   Code   RO         1188    .text.TIM4_Init     lcd_tim.o
    0x08002664   0x08002664   0x00000124   Code   RO          563    .text.TIM_Base_SetConfig  stm32f4xx_hal_tim.o
    0x08002788   0x08002788   0x00000648   Code   RO         1139    .text.TP_Adjust     lcd_touch.o
    0x08002dd0   0x08002dd0   0x00000054   Code   RO         1143    .text.TP_Init       lcd_touch.o
    0x08002e24   0x08002e24   0x000000ae   Code   RO         1147    .text.TP_Read_ADC_Average  lcd_touch.o
    0x08002ed2   0x08002ed2   0x00000002   PAD
    0x08002ed4   0x08002ed4   0x00000130   Code   RO         1141    .text.TP_pressed    lcd_touch.o
    0x08003004   0x08003004   0x00000690   Code   RO         1432    .text.USART3_Control  usart_stm32f4xx.o
    0x08003694   0x08003694   0x00000006   Code   RO         1414    .text.USART3_GetCapabilities  usart_stm32f4xx.o
    0x0800369a   0x0800369a   0x00000002   PAD
    0x0800369c   0x0800369c   0x00000004   Code   RO         1438    .text.USART3_GetModemStatus  usart_stm32f4xx.o
    0x080036a0   0x080036a0   0x0000000c   Code   RO         1430    .text.USART3_GetRxCount  usart_stm32f4xx.o
    0x080036ac   0x080036ac   0x00000074   Code   RO         1434    .text.USART3_GetStatus  usart_stm32f4xx.o
    0x08003720   0x08003720   0x0000000c   Code   RO         1428    .text.USART3_GetTxCount  usart_stm32f4xx.o
    0x0800372c   0x0800372c   0x00000010   Code   RO         1410    .text.USART3_IRQHandler  usart_stm32f4xx.o
    0x0800373c   0x0800373c   0x00000066   Code   RO         1416    .text.USART3_Initialize  usart_stm32f4xx.o
    0x080037a2   0x080037a2   0x00000002   PAD
    0x080037a4   0x080037a4   0x00000008   Code   RO         1420    .text.USART3_PowerControl  usart_stm32f4xx.o
    0x080037ac   0x080037ac   0x000000b2   Code   RO         1424    .text.USART3_Receive  usart_stm32f4xx.o
    0x0800385e   0x0800385e   0x00000002   PAD
    0x08003860   0x08003860   0x00000078   Code   RO         1422    .text.USART3_Send   usart_stm32f4xx.o
    0x080038d8   0x080038d8   0x0000003a   Code   RO         1436    .text.USART3_SetModemControl  usart_stm32f4xx.o
    0x08003912   0x08003912   0x00000002   PAD
    0x08003914   0x08003914   0x0000010a   Code   RO         1426    .text.USART3_Transfer  usart_stm32f4xx.o
    0x08003a1e   0x08003a1e   0x00000002   PAD
    0x08003a20   0x08003a20   0x0000006c   Code   RO         1418    .text.USART3_Uninitialize  usart_stm32f4xx.o
    0x08003a8c   0x08003a8c   0x0000022a   Code   RO         1408    .text.USART_IRQHandler  usart_stm32f4xx.o
    0x08003cb6   0x08003cb6   0x00000002   PAD
    0x08003cb8   0x08003cb8   0x000000de   Code   RO         1440    .text.USART_PowerControl  usart_stm32f4xx.o
    0x08003d96   0x08003d96   0x00000002   PAD
    0x08003d98   0x08003d98   0x0000000a   Code   RO         1412    .text.USARTx_GetVersion  usart_stm32f4xx.o
    0x08003da2   0x08003da2   0x00000002   PAD
    0x08003da4   0x08003da4   0x00000002   Code   RO           78    .text.UsageFault_Handler  stm32f4xx_it.o
    0x08003da6   0x08003da6   0x00000002   PAD
    0x08003da8   0x08003da8   0x0000001a   Code   RO         1342    .text.fputc         retarget_io.o
    0x08003dc2   0x08003dc2   0x00000002   PAD
    0x08003dc4   0x08003dc4   0x00000114   Code   RO          872    .text.initADC       adc.o
    0x08003ed8   0x08003ed8   0x00000160   Code   RO         1285    .text.initITSboard  init.o
    0x08004038   0x08004038   0x0000008e   Code   RO         1212    .text.itoa          lcd_tools.o
    0x080040c6   0x080040c6   0x00000002   PAD
    0x080040c8   0x080040c8   0x00000140   Code   RO         1313    .text.lcdPrintS     lcd.o
    0x08004208   0x08004208   0x0000003a   Code   RO         1319    .text.lcdPrintlnS   lcd.o
    0x08004242   0x08004242   0x00000002   PAD
    0x08004244   0x08004244   0x0000009e   Code   RO         1323    .text.lcdSetFont    lcd.o
    0x080042e2   0x080042e2   0x00000006   PAD
    0x080042e8   0x080042e8   0x00000128   Code   RO          862    .text.main          main.o
    0x08004410   0x08004410   0x000000a0   Code   RO         1243    .text.printDebugMsg  lcd_debug.o
    0x080044b0   0x080044b0   0x0000008a   Code   RO          876    .text.readADCValue  adc.o
    0x0800453a   0x0800453a   0x00000002   PAD
    0x0800453c   0x0800453c   0x00000044   Code   RO         1362    .text.stdinout_init  stdinout_usart.o
    0x08004580   0x08004580   0x00000034   Code   RO         1366    .text.stdout_putchar  stdinout_usart.o
    0x080045b4   0x080045b4   0x00000028   Code   RO         1726    i.__0sprintf        mc_w.l(printfa.o)
    0x080045dc   0x080045dc   0x0000007a   Code   RO         1455    i.__hardfp_sqrt     m_wm.l(sqrt.o)
    0x08004656   0x08004656   0x0000000e   Code   RO         1815    i.__scatterload_copy  mc_w.l(handlers.o)
    0x08004664   0x08004664   0x00000002   Code   RO         1816    i.__scatterload_null  mc_w.l(handlers.o)
    0x08004666   0x08004666   0x0000000e   Code   RO         1817    i.__scatterload_zeroinit  mc_w.l(handlers.o)
    0x08004674   0x08004674   0x0000000c   Code   RO         1795    i.__set_errno       mc_w.l(errno.o)
    0x08004680   0x08004680   0x00000184   Code   RO         1731    i._fp_digits        mc_w.l(printfa.o)
    0x08004804   0x08004804   0x000006dc   Code   RO         1732    i._printf_core      mc_w.l(printfa.o)
    0x08004ee0   0x08004ee0   0x00000024   Code   RO         1733    i._printf_post_padding  mc_w.l(printfa.o)
    0x08004f04   0x08004f04   0x0000002e   Code   RO         1734    i._printf_pre_padding  mc_w.l(printfa.o)
    0x08004f32   0x08004f32   0x0000000a   Code   RO         1736    i._sputc            mc_w.l(printfa.o)
    0x08004f3c   0x08004f3c   0x00000024   Code   RO         1466    i.puts              mc_w.l(puts.o)
    0x08004f60   0x08004f60   0x00000010   Data   RO           60    .rodata.AHBPrescTable  system_stm32f4xx.o
    0x08004f70   0x08004f70   0x00000008   Data   RO           61    .rodata.APBPrescTable  system_stm32f4xx.o
    0x08004f78   0x08004f78   0x00000064   Data   RO         1149    .rodata.Cross       lcd_touch.o
    0x08004fdc   0x08004fdc   0x00000038   Data   RO         1442    .rodata.Driver_USART3  usart_stm32f4xx.o
    0x08005014   0x08005014   0x00000034   Data   RO         1447    .rodata.USART3_Resources  usart_stm32f4xx.o
    0x08005048   0x08005048   0x0000000c   Data   RO         1444    .rodata.USART3_rx   usart_stm32f4xx.o
    0x08005054   0x08005054   0x0000000c   Data   RO         1443    .rodata.USART3_tx   usart_stm32f4xx.o
    0x08005060   0x08005060   0x00000010   Data   RO         1150    .rodata.cst16       lcd_touch.o
    0x08005070   0x08005070   0x00000067   Data   RO         1099    .rodata.initCmds    lcd_driver.o
    0x080050d7   0x080050d7   0x00000025   Data   RO         1128    .rodata.str1.1      lcd_gui.o
    0x080050fc   0x080050fc   0x00000025   Data   RO         1170    .rodata.str1.1      lcd_spi.o
    0x08005121   0x08005121   0x00000025   Data   RO         1197    .rodata.str1.1      lcd_tim.o
    0x08005146   0x08005146   0x00000047   Data   RO         1333    .rodata.str1.1      lcd.o
    0x0800518d   0x0800518d   0x00000003   PAD
    0x08005190   0x08005190   0x00000020   Data   RO         1814    Region$$Table       anon$$obj.o


    Execution Region RW_IRAM1 (Exec base: 0x20000000, Load base: 0x080051b0, Size: 0x00000538, Max: 0x00030000, ABSOLUTE)

    Exec Addr    Load Addr    Size         Type   Attr      Idx    E Section Name        Object

    0x20000000   0x080051b0   0x00000004   Data   RW         1477    .data               mc_w.l(stdout.o)
    0x20000004   0x080051b4   0x00000004   Data   RW         1796    .data               mc_w.l(errno.o)
    0x20000008   0x080051b8   0x00000008   Data   RW         1059    .data.Font12FLASH   fontsflash.o
    0x20000010   0x080051c0   0x00000008   Data   RW         1058    .data.Font16FLASH   fontsflash.o
    0x20000018   0x080051c8   0x00000008   Data   RW         1057    .data.Font20FLASH   fontsflash.o
    0x20000020   0x080051d0   0x00000008   Data   RW         1056    .data.Font24FLASH   fontsflash.o
    0x20000028   0x080051d8   0x00000008   Data   RW         1060    .data.Font8FLASH    fontsflash.o
    0x20000030   0x080051e0   0x00000004   Data   RW           59    .data.SystemCoreClock  system_stm32f4xx.o
    0x20000034   0x080051e4   0x00000004   Data   RW         1329    .data.crd           lcd.o
    0x20000038   0x080051e8   0x00000004   Data   RW         1330    .data.fontHeight    lcd.o
    0x2000003c   0x080051ec   0x00000004   Data   RW         1328    .data.fontWidth     lcd.o
    0x20000040   0x080051f0   0x00000004   Data   RW         1331    .data.lcdFont       lcd.o
    0x20000044   0x080051f4   0x00000004   Data   RW         1327    .data.lcdmaxx       lcd.o
    0x20000048   0x080051f8   0x00000004   Data   RW         1332    .data.lcdmaxy       lcd.o
    0x2000004c   0x080051fc   0x00000001   Data   RW          166    .data.uwTickFreq    stm32f4xx_hal.o
    0x2000004d   0x080051fd   0x00000003   PAD
    0x20000050   0x08005200   0x00000004   Data   RW          165    .data.uwTickPrio    stm32f4xx_hal.o
    0x20000054   0x08005204   0x00000004   PAD
    0x20000058        -       0x00000048   Zero   RW           90    .bss.EthHandle      stm32f4xx_it.o
    0x200000a0        -       0x00000014   Zero   RW         1445    .bss.USART3_Info    usart_stm32f4xx.o
    0x200000b4        -       0x00000024   Zero   RW         1446    .bss.USART3_TransferInfo  usart_stm32f4xx.o
    0x200000d8        -       0x00000040   Zero   RW         1196    .bss.htim4          lcd_tim.o
    0x20000118        -       0x00000018   Zero   RW         1151    .bss.sTP_DEV        lcd_touch.o
    0x20000130        -       0x00000004   Zero   RW          167    .bss.uwTick         stm32f4xx_hal.o
    0x20000134   0x08005204   0x00000004   PAD
    0x20000138        -       0x00000400   Zero   RW           97    STACK               startup_stm32f429xx.o


==============================================================================

Image component sizes


      Code (inc. data)   RO Data    RW Data    ZI Data      Debug   Object Name

       656          0          0          0          0       4155   adc.o
       122          0          0          0          0       2110   error.o
         0          0          0         40          0       1672   fontsflash.o
       352          0          0          0          0       3426   init.o
       536          6         71         24          0       4703   lcd.o
       160         32          0          0          0        992   lcd_debug.o
      1636          0        103          0          0       6052   lcd_driver.o
       316          0          0          0          0       2488   lcd_gpio.o
       574          0         37          0          0      14164   lcd_gui.o
       506          0         37          0          0       3655   lcd_spi.o
       292          0         37          0         64       5799   lcd_tim.o
       274          0          0          0          0       3254   lcd_tools.o
      2170        204        116          0         24       8697   lcd_touch.o
       296         48          0          0          0        805   main.o
        26          0          0          0          0       2078   retarget_io.o
        36          8        428          0       1024        884   startup_stm32f429xx.o
       120          0          0          0          0       1372   stdinout_usart.o
       206          0          0          5          4       7746   stm32f4xx_hal.o
       202          0          0          0          0      10765   stm32f4xx_hal_cortex.o
       116          0          0          0          0      18830   stm32f4xx_hal_eth.o
       708          0          0          0          0       5262   stm32f4xx_hal_gpio.o
       122          0          0          0          0       4641   stm32f4xx_hal_pwr_ex.o
      1316          0          0          0          0       7465   stm32f4xx_hal_rcc.o
       954          4          0          0          0      47418   stm32f4xx_hal_tim.o
       184          0          0          0          0      16800   stm32f4xx_hal_tim_ex.o
        40          0          0          0         72       4600   stm32f4xx_it.o
        86          0         24          4          0       2746   system_stm32f4xx.o
      3472         50        132          0         56      19922   usart_stm32f4xx.o

    ----------------------------------------------------------------------
     15584        352       1020         76       1252     212501   Object Totals
         0          0         32          0          0          0   (incl. Generated)
       106          0          3          3          8          0   (incl. Padding)

    ----------------------------------------------------------------------

      Code (inc. data)   RO Data    RW Data    ZI Data      Debug   Library Member Name

       122          0          0          0          0        148   sqrt.o
         0          0          0          0          0          0   entry.o
         0          0          0          0          0          0   entry10a.o
         0          0          0          0          0          0   entry11a.o
         8          4          0          0          0          0   entry2.o
         4          0          0          0          0          0   entry5.o
         0          0          0          0          0          0   entry7b.o
         0          0          0          0          0          0   entry8b.o
         8          4          0          0          0          0   entry9a.o
        12          6          0          4          0         68   errno.o
        30          0          0          0          0          0   handlers.o
        36          8          0          0          0         68   init.o
         0          0          0          0          0          0   iusefp.o
        98          0          0          0          0         84   ldiv.o
        30          0          0          0          0         68   llshl.o
        36          0          0          0          0         68   llsshr.o
        32          0          0          0          0         68   llushr.o
        36          0          0          0          0         68   memcpya.o
        36          0          0          0          0        108   memseta.o
      2276         86          0          0          0        520   printfa.o
        36          6          0          0          0         80   puts.o
         0          0          0          4          0          0   stdout.o
        14          0          0          0          0         68   strlen.o
        44          0          0          0          0         80   uidiv.o
        98          0          0          0          0         92   uldiv.o
        48          0          0          0          0         68   cdrcmple.o
       334          0          0          0          0        148   dadd.o
       222          0          0          0          0        100   ddiv.o
       186          0          0          0          0        176   depilogue.o
        62          0          0          0          0         80   dfixi.o
        48          0          0          0          0         68   dfixul.o
        34          0          0          0          0         76   dflti.o
        26          0          0          0          0         76   dfltui.o
       228          0          0          0          0         96   dmul.o
       162          0          0          0          0        100   dsqrt.o

    ----------------------------------------------------------------------
      4308        114          0          8          0       2576   Library Totals
         2          0          0          0          0          0   (incl. Padding)

    ----------------------------------------------------------------------

      Code (inc. data)   RO Data    RW Data    ZI Data      Debug   Library Name

       122          0          0          0          0        148   m_wm.l
      2834        114          0          8          0       1440   mc_w.l
      1350          0          0          0          0        988   mf_w.l

    ----------------------------------------------------------------------
      4308        114          0          8          0       2576   Library Totals

    ----------------------------------------------------------------------

==============================================================================


      Code (inc. data)   RO Data    RW Data    ZI Data      Debug   

     19892        466       1020         84       1252     213533   Grand Totals
     19892        466       1020         84       1252     213533   ELF Image Totals
     19892        466       1020         84          0          0   ROM Totals

==============================================================================

    Total RO  Size (Code + RO Data)                20912 (  20.42kB)
    Total RW  Size (RW Data + ZI Data)              1336 (   1.30kB)
    Total ROM Size (Code + RO Data + RW Data)      20996 (  20.50kB)

==============================================================================

