<html>
<body>
<pre>
<h1>µVision Build Log</h1>
<h2>Tool Versions:</h2>
IDE-Version: µVision V5.37.0.0
Copyright (C) 2022 ARM Ltd and ARM Germany GmbH. All rights reserved.
License Information: Jan-Hendrik Struve, HAW Hamburg, LIC=----
 
Tool Versions:
Toolchain:       MDK-Lite  Version: 5.37.0.0
Toolchain Path:  C:\Keil_v5\ARM\ARMCLANG\Bin
C Compiler:      ArmClang.exe V6.18
Assembler:       Armasm.exe V6.18
Linker/Locator:  ArmLink.exe V6.18
Library Manager: ArmAr.exe V6.18
Hex Converter:   FromElf.exe V6.18
CPU DLL:         SARMCM3.DLL V5.37.0.0
Dialog DLL:      DCM.DLL V1.17.5.0
Target DLL:      STLink\ST-LINKIII-KEIL_SWO.dll V3.0.9.0
Dialog DLL:      TCM.DLL V1.56.1.0
 
<h2>Project:</h2>
C:\haw\its-brd-struve\Programs\msp3\msp3.uvprojx
Project File Date:  12/09/2022

<h2>Output:</h2>
*** Using Compiler 'V6.18', folder: 'C:\Keil_v5\ARM\ARMCLANG\Bin'
Rebuild target 'ITSboard'
assembling startup_stm32f429xx.s...
compiling system_stm32f4xx.c...
compiling stm32f4xx_it.c...
compiling stm32f4xx_hal_cortex.c...
compiling stm32f4xx_hal.c...
compiling stm32f4xx_nucleo_144.c...
compiling stm32f4xx_hal_dma.c...
compiling stm32f4xx_hal_pwr.c...
compiling stm32f4xx_hal_gpio.c...
compiling stm32f4xx_hal_eth.c...
compiling stm32f4xx_hal_pwr_ex.c...
compiling stm32f4xx_hal_rcc.c...
compiling font8.c...
compiling adc.c...
compiling main.c...
compiling font12.c...
compiling font16.c...
compiling font20.c...
compiling stm32f4xx_hal_tim_ex.c...
compiling font24.c...
compiling Consolas40.c...
compiling stm32f4xx_hal_spi.c...
compiling ConsolasBold40.c...
compiling Consolas60.c...
compiling stm32f4xx_hal_tim.c...
compiling ConsolasBold60.c...
compiling Consolas80.c...
compiling Consolas90.c...
compiling CourierNew48.c...
compiling ConsolasBold80.c...
compiling CourierNewBold40.c...
compiling FiraMono40.c...
compiling CourierNewBold60.c...
compiling ConsolasBold90.c...
compiling FiraMono60.c...
compiling FiraMonoMedium40.c...
compiling FiraMonoMedium60.c...
compiling fontsFLASH.c...
compiling FiraMono90.c...
compiling FiraMono80.c...
compiling FiraMonoMedium80.c...
compiling LCD_Driver.c...
compiling LCD_SPI.c...
compiling FiraMonoMedium90.c...
compiling LCD_GUI.c...
compiling LCD_GPIO.c...
compiling LCD_Touch.c...
compiling LCD_TIM.c...
compiling LCD_Tools.c...
compiling LCD_Debug.c...
compiling LCD_Demos.c...
compiling delay.c...
compiling testsoftware.c...
compiling error.c...
compiling lcd.c...
compiling keypad.c...
compiling init.c...
compiling retarget_io.c...
compiling stdinout_USART.c...
compiling terminal.c...
compiling timer.c...
compiling USART_STM32F4xx.c...
linking...
Program Size: Code=19892 RO-data=1020 RW-data=84 ZI-data=1252  
".\ITSboard\ITSboard.axf" - 0 Error(s), 0 Warning(s).

<h2>Software Packages used:</h2>

Package Vendor: ARM
                http://www.keil.com/pack/ARM.CMSIS.5.9.0.pack
                ARM.CMSIS.5.9.0
                CMSIS (Common Microcontroller Software Interface Standard)
   * Component: CORE Version: 5.6.0

Package Vendor: Keil
                http://www.keil.com/pack/Keil.STM32F4xx_DFP.2.16.0.pack
                Keil.STM32F4xx_DFP.2.16.0
                STMicroelectronics STM32F4 Series Device Support, Drivers and Examples

<h2>Collection of Component include folders:</h2>
  ./RTE/_ITSboard
  C:/Users/Henne/AppData/Local/Arm/Packs/ARM/CMSIS/5.9.0/CMSIS/Core/Include
  C:/Users/Henne/AppData/Local/Arm/Packs/Keil/STM32F4xx_DFP/2.16.0/Drivers/CMSIS/Device/ST/STM32F4xx/Include

<h2>Collection of Component Files used:</h2>

   * Component: ARM::CMSIS:CORE:5.6.0
Build Time Elapsed:  00:00:03
</pre>
</body>
</html>
