Component: Arm Compiler for Embedded 6.18 Tool: armlink [5e4cc100]

==============================================================================

Section Cross References

    stm32f4xx_nucleo_144.o(.ARM.exidx.text.BSP_GetVersion) refers to stm32f4xx_nucleo_144.o(.text.BSP_GetVersion) for [Anonymous Symbol]
    stm32f4xx_nucleo_144.o(.text.BSP_LED_Init) refers to stm32f4xx_nucleo_144.o(.rodata.GPIO_PIN) for GPIO_PIN
    stm32f4xx_nucleo_144.o(.text.BSP_LED_Init) refers to stm32f4xx_nucleo_144.o(.data.GPIO_PORT) for GPIO_PORT
    stm32f4xx_nucleo_144.o(.text.BSP_LED_Init) refers to stm32f4xx_hal_gpio.o(.text.HAL_GPIO_Init) for HAL_GPIO_Init
    stm32f4xx_nucleo_144.o(.text.BSP_LED_Init) refers to stm32f4xx_hal_gpio.o(.text.HAL_GPIO_WritePin) for HAL_GPIO_WritePin
    stm32f4xx_nucleo_144.o(.ARM.exidx.text.BSP_LED_Init) refers to stm32f4xx_nucleo_144.o(.text.BSP_LED_Init) for [Anonymous Symbol]
    stm32f4xx_nucleo_144.o(.text.BSP_LED_DeInit) refers to stm32f4xx_nucleo_144.o(.rodata.GPIO_PIN) for GPIO_PIN
    stm32f4xx_nucleo_144.o(.text.BSP_LED_DeInit) refers to stm32f4xx_nucleo_144.o(.data.GPIO_PORT) for GPIO_PORT
    stm32f4xx_nucleo_144.o(.text.BSP_LED_DeInit) refers to stm32f4xx_hal_gpio.o(.text.HAL_GPIO_WritePin) for HAL_GPIO_WritePin
    stm32f4xx_nucleo_144.o(.text.BSP_LED_DeInit) refers to stm32f4xx_hal_gpio.o(.text.HAL_GPIO_DeInit) for HAL_GPIO_DeInit
    stm32f4xx_nucleo_144.o(.ARM.exidx.text.BSP_LED_DeInit) refers to stm32f4xx_nucleo_144.o(.text.BSP_LED_DeInit) for [Anonymous Symbol]
    stm32f4xx_nucleo_144.o(.text.BSP_LED_On) refers to stm32f4xx_nucleo_144.o(.data.GPIO_PORT) for GPIO_PORT
    stm32f4xx_nucleo_144.o(.text.BSP_LED_On) refers to stm32f4xx_nucleo_144.o(.rodata.GPIO_PIN) for GPIO_PIN
    stm32f4xx_nucleo_144.o(.text.BSP_LED_On) refers to stm32f4xx_hal_gpio.o(.text.HAL_GPIO_WritePin) for HAL_GPIO_WritePin
    stm32f4xx_nucleo_144.o(.ARM.exidx.text.BSP_LED_On) refers to stm32f4xx_nucleo_144.o(.text.BSP_LED_On) for [Anonymous Symbol]
    stm32f4xx_nucleo_144.o(.text.BSP_LED_Off) refers to stm32f4xx_nucleo_144.o(.data.GPIO_PORT) for GPIO_PORT
    stm32f4xx_nucleo_144.o(.text.BSP_LED_Off) refers to stm32f4xx_nucleo_144.o(.rodata.GPIO_PIN) for GPIO_PIN
    stm32f4xx_nucleo_144.o(.text.BSP_LED_Off) refers to stm32f4xx_hal_gpio.o(.text.HAL_GPIO_WritePin) for HAL_GPIO_WritePin
    stm32f4xx_nucleo_144.o(.ARM.exidx.text.BSP_LED_Off) refers to stm32f4xx_nucleo_144.o(.text.BSP_LED_Off) for [Anonymous Symbol]
    stm32f4xx_nucleo_144.o(.text.BSP_LED_Toggle) refers to stm32f4xx_nucleo_144.o(.data.GPIO_PORT) for GPIO_PORT
    stm32f4xx_nucleo_144.o(.text.BSP_LED_Toggle) refers to stm32f4xx_nucleo_144.o(.rodata.GPIO_PIN) for GPIO_PIN
    stm32f4xx_nucleo_144.o(.text.BSP_LED_Toggle) refers to stm32f4xx_hal_gpio.o(.text.HAL_GPIO_TogglePin) for HAL_GPIO_TogglePin
    stm32f4xx_nucleo_144.o(.ARM.exidx.text.BSP_LED_Toggle) refers to stm32f4xx_nucleo_144.o(.text.BSP_LED_Toggle) for [Anonymous Symbol]
    stm32f4xx_nucleo_144.o(.text.BSP_PB_Init) refers to stm32f4xx_nucleo_144.o(.data.BUTTON_PORT) for BUTTON_PORT
    stm32f4xx_nucleo_144.o(.text.BSP_PB_Init) refers to stm32f4xx_hal_gpio.o(.text.HAL_GPIO_Init) for HAL_GPIO_Init
    stm32f4xx_nucleo_144.o(.text.BSP_PB_Init) refers to stm32f4xx_hal_cortex.o(.text.HAL_NVIC_SetPriority) for HAL_NVIC_SetPriority
    stm32f4xx_nucleo_144.o(.text.BSP_PB_Init) refers to stm32f4xx_hal_cortex.o(.text.HAL_NVIC_EnableIRQ) for HAL_NVIC_EnableIRQ
    stm32f4xx_nucleo_144.o(.ARM.exidx.text.BSP_PB_Init) refers to stm32f4xx_nucleo_144.o(.text.BSP_PB_Init) for [Anonymous Symbol]
    stm32f4xx_nucleo_144.o(.text.BSP_PB_DeInit) refers to stm32f4xx_hal_cortex.o(.text.HAL_NVIC_DisableIRQ) for HAL_NVIC_DisableIRQ
    stm32f4xx_nucleo_144.o(.text.BSP_PB_DeInit) refers to stm32f4xx_nucleo_144.o(.data.BUTTON_PORT) for BUTTON_PORT
    stm32f4xx_nucleo_144.o(.text.BSP_PB_DeInit) refers to stm32f4xx_hal_gpio.o(.text.HAL_GPIO_DeInit) for HAL_GPIO_DeInit
    stm32f4xx_nucleo_144.o(.ARM.exidx.text.BSP_PB_DeInit) refers to stm32f4xx_nucleo_144.o(.text.BSP_PB_DeInit) for [Anonymous Symbol]
    stm32f4xx_nucleo_144.o(.text.BSP_PB_GetState) refers to stm32f4xx_nucleo_144.o(.data.BUTTON_PORT) for BUTTON_PORT
    stm32f4xx_nucleo_144.o(.text.BSP_PB_GetState) refers to stm32f4xx_hal_gpio.o(.text.HAL_GPIO_ReadPin) for HAL_GPIO_ReadPin
    stm32f4xx_nucleo_144.o(.ARM.exidx.text.BSP_PB_GetState) refers to stm32f4xx_nucleo_144.o(.text.BSP_PB_GetState) for [Anonymous Symbol]
    stm32f4xx_nucleo_144.o(.text.SD_IO_Init) refers to stm32f4xx_hal_gpio.o(.text.HAL_GPIO_Init) for HAL_GPIO_Init
    stm32f4xx_nucleo_144.o(.text.SD_IO_Init) refers to stm32f4xx_hal_gpio.o(.text.HAL_GPIO_WritePin) for HAL_GPIO_WritePin
    stm32f4xx_nucleo_144.o(.text.SD_IO_Init) refers to stm32f4xx_nucleo_144.o(.text.SPIx_Init) for SPIx_Init
    stm32f4xx_nucleo_144.o(.text.SD_IO_Init) refers to stm32f4xx_nucleo_144.o(.data.SpixTimeout) for SpixTimeout
[...]
    Removing stm32f4xx_hal_tim.o(.text.HAL_TIM_PeriodElapsedCallback), (2 bytes).
    Removing stm32f4xx_hal_tim.o(.ARM.exidx.text.HAL_TIM_PeriodElapsedCallback), (8 bytes).
    Removing stm32f4xx_hal_tim.o(.text.HAL_TIM_TriggerCallback), (2 bytes).
    Removing stm32f4xx_hal_tim.o(.ARM.exidx.text.HAL_TIM_TriggerCallback), (8 bytes).
    Removing stm32f4xx_hal_tim.o(.text.HAL_TIM_OC_ConfigChannel), (436 bytes).
    Removing stm32f4xx_hal_tim.o(.ARM.exidx.text.HAL_TIM_OC_ConfigChannel), (8 bytes).
    Removing stm32f4xx_hal_tim.o(.text.TIM_OC2_SetConfig), (106 bytes).
    Removing stm32f4xx_hal_tim.o(.ARM.exidx.text.TIM_OC2_SetConfig), (8 bytes).
    Removing stm32f4xx_hal_tim.o(.text.HAL_TIM_IC_ConfigChannel), (442 bytes).
    Removing stm32f4xx_hal_tim.o(.ARM.exidx.text.HAL_TIM_IC_ConfigChannel), (8 bytes).
    Removing stm32f4xx_hal_tim.o(.text.TIM_TI1_SetConfig), (168 bytes).
    Removing stm32f4xx_hal_tim.o(.ARM.exidx.text.TIM_TI1_SetConfig), (8 bytes).
    Removing stm32f4xx_hal_tim.o(.text.HAL_TIM_PWM_ConfigChannel), (532 bytes).
    Removing stm32f4xx_hal_tim.o(.ARM.exidx.text.HAL_TIM_PWM_ConfigChannel), (8 bytes).
    Removing stm32f4xx_hal_tim.o(.text.HAL_TIM_OnePulse_ConfigChannel), (552 bytes).
    Removing stm32f4xx_hal_tim.o(.ARM.exidx.text.HAL_TIM_OnePulse_ConfigChannel), (8 bytes).
    Removing stm32f4xx_hal_tim.o(.text.HAL_TIM_DMABurst_WriteStart), (456 bytes).
    Removing stm32f4xx_hal_tim.o(.ARM.exidx.text.HAL_TIM_DMABurst_WriteStart), (8 bytes).
    Removing stm32f4xx_hal_tim.o(.text.TIM_DMATriggerCplt), (16 bytes).
    Removing stm32f4xx_hal_tim.o(.ARM.exidx.text.TIM_DMATriggerCplt), (8 bytes).
    Removing stm32f4xx_hal_tim.o(.text.TIM_DMATriggerHalfCplt), (16 bytes).
    Removing stm32f4xx_hal_tim.o(.ARM.exidx.text.TIM_DMATriggerHalfCplt), (8 bytes).
    Removing stm32f4xx_hal_tim.o(.text.HAL_TIM_DMABurst_WriteStop), (122 bytes).
    Removing stm32f4xx_hal_tim.o(.ARM.exidx.text.HAL_TIM_DMABurst_WriteStop), (8 bytes).
    Removing stm32f4xx_hal_tim.o(.text.HAL_TIM_DMABurst_ReadStart), (454 bytes).
    Removing stm32f4xx_hal_tim.o(.ARM.exidx.text.HAL_TIM_DMABurst_ReadStart), (8 bytes).
    Removing stm32f4xx_hal_tim.o(.text.HAL_TIM_DMABurst_ReadStop), (122 bytes).
    Removing stm32f4xx_hal_tim.o(.ARM.exidx.text.HAL_TIM_DMABurst_ReadStop), (8 bytes).
    Removing stm32f4xx_hal_tim.o(.text.HAL_TIM_GenerateEvent), (36 bytes).
    Removing stm32f4xx_hal_tim.o(.ARM.exidx.text.HAL_TIM_GenerateEvent), (8 bytes).
    Removing stm32f4xx_hal_tim.o(.text.HAL_TIM_ConfigOCrefClear), (204 bytes).
    Removing stm32f4xx_hal_tim.o(.ARM.exidx.text.HAL_TIM_ConfigOCrefClear), (8 bytes).
    Removing stm32f4xx_hal_tim.o(.text.TIM_ETR_SetConfig), (22 bytes).
    Removing stm32f4xx_hal_tim.o(.ARM.exidx.text.TIM_ETR_SetConfig), (8 bytes).
    Removing stm32f4xx_hal_tim.o(.text.HAL_TIM_ConfigClockSource), (404 bytes).
    Removing stm32f4xx_hal_tim.o(.ARM.exidx.text.HAL_TIM_ConfigClockSource), (8 bytes).
    Removing stm32f4xx_hal_tim.o(.text.HAL_TIM_ConfigTI1Input), (16 bytes).
    Removing stm32f4xx_hal_tim.o(.ARM.exidx.text.HAL_TIM_ConfigTI1Input), (8 bytes).
    Removing stm32f4xx_hal_tim.o(.text.HAL_TIM_SlaveConfigSynchro), (74 bytes).
    Removing stm32f4xx_hal_tim.o(.ARM.exidx.text.HAL_TIM_SlaveConfigSynchro), (8 bytes).
    Removing stm32f4xx_hal_tim.o(.text.TIM_SlaveTimer_SetConfig), (194 bytes).
    Removing stm32f4xx_hal_tim.o(.ARM.exidx.text.TIM_SlaveTimer_SetConfig), (8 bytes).
    Removing stm32f4xx_hal_tim.o(.text.HAL_TIM_SlaveConfigSynchro_IT), (74 bytes).
    Removing stm32f4xx_hal_tim.o(.ARM.exidx.text.HAL_TIM_SlaveConfigSynchro_IT), (8 bytes).
    Removing stm32f4xx_hal_tim.o(.text.HAL_TIM_ReadCapturedValue), (52 bytes).
    Removing stm32f4xx_hal_tim.o(.ARM.exidx.text.HAL_TIM_ReadCapturedValue), (8 bytes).
    Removing stm32f4xx_hal_tim.o(.text.HAL_TIM_PeriodElapsedHalfCpltCallback), (2 bytes).
    Removing stm32f4xx_hal_tim.o(.ARM.exidx.text.HAL_TIM_PeriodElapsedHalfCpltCallback), (8 bytes).
    Removing stm32f4xx_hal_tim.o(.text.HAL_TIM_IC_CaptureHalfCpltCallback), (2 bytes).
    Removing stm32f4xx_hal_tim.o(.ARM.exidx.text.HAL_TIM_IC_CaptureHalfCpltCallback), (8 bytes).
    Removing stm32f4xx_hal_tim.o(.text.HAL_TIM_PWM_PulseFinishedHalfCpltCallback), (2 bytes).
    Removing stm32f4xx_hal_tim.o(.ARM.exidx.text.HAL_TIM_PWM_PulseFinishedHalfCpltCallback), (8 bytes).
    Removing stm32f4xx_hal_tim.o(.text.HAL_TIM_TriggerHalfCpltCallback), (2 bytes).
    Removing stm32f4xx_hal_tim.o(.ARM.exidx.text.HAL_TIM_TriggerHalfCpltCallback), (8 bytes).
    Removing stm32f4xx_hal_tim.o(.text.HAL_TIM_ErrorCallback), (2 bytes).
    Removing stm32f4xx_hal_tim.o(.ARM.exidx.text.HAL_TIM_ErrorCallback), (8 bytes).
    Removing stm32f4xx_hal_tim.o(.text.HAL_TIM_Base_GetState), (6 bytes).
    Removing stm32f4xx_hal_tim.o(.ARM.exidx.text.HAL_TIM_Base_GetState), (8 bytes).
    Removing stm32f4xx_hal_tim.o(.text.HAL_TIM_OC_GetState), (6 bytes).
    Removing stm32f4xx_hal_tim.o(.ARM.exidx.text.HAL_TIM_OC_GetState), (8 bytes).
    Removing stm32f4xx_hal_tim.o(.text.HAL_TIM_PWM_GetState), (6 bytes).
    Removing stm32f4xx_hal_tim.o(.ARM.exidx.text.HAL_TIM_PWM_GetState), (8 bytes).
    Removing stm32f4xx_hal_tim.o(.text.HAL_TIM_IC_GetState), (6 bytes).
    Removing stm32f4xx_hal_tim.o(.ARM.exidx.text.HAL_TIM_IC_GetState), (8 bytes).
    Removing stm32f4xx_hal_tim.o(.text.HAL_TIM_OnePulse_GetState), (6 bytes).
    Removing stm32f4xx_hal_tim.o(.ARM.exidx.text.HAL_TIM_OnePulse_GetState), (8 bytes).
    Removing stm32f4xx_hal_tim.o(.text.HAL_TIM_Encoder_GetState), (6 bytes).
    Removing stm32f4xx_hal_tim.o(.ARM.exidx.text.HAL_TIM_Encoder_GetState), (8 bytes).
    Removing stm32f4xx_hal_tim.o(.rodata.cst16), (32 bytes).
    Removing stm32f4xx_hal_tim_ex.o(.text), (0 bytes).
    Removing stm32f4xx_hal_tim_ex.o(.text.HAL_TIMEx_HallSensor_Init), (174 bytes).
    Removing stm32f4xx_hal_tim_ex.o(.ARM.exidx.text.HAL_TIMEx_HallSensor_Init), (8 bytes).
    Removing stm32f4xx_hal_tim_ex.o(.text.HAL_TIMEx_HallSensor_MspInit), (2 bytes).
    Removing stm32f4xx_hal_tim_ex.o(.ARM.exidx.text.HAL_TIMEx_HallSensor_MspInit), (8 bytes).
    Removing stm32f4xx_hal_tim_ex.o(.text.HAL_TIMEx_HallSensor_DeInit), (60 bytes).
    Removing stm32f4xx_hal_tim_ex.o(.ARM.exidx.text.HAL_TIMEx_HallSensor_DeInit), (8 bytes).
    Removing stm32f4xx_hal_tim_ex.o(.text.HAL_TIMEx_HallSensor_MspDeInit), (2 bytes).
    Removing stm32f4xx_hal_tim_ex.o(.ARM.exidx.text.HAL_TIMEx_HallSensor_MspDeInit), (8 bytes).
    Removing stm32f4xx_hal_tim_ex.o(.text.HAL_TIMEx_HallSensor_Start), (38 bytes).
    Removing stm32f4xx_hal_tim_ex.o(.ARM.exidx.text.HAL_TIMEx_HallSensor_Start), (8 bytes).
    Removing stm32f4xx_hal_tim_ex.o(.text.HAL_TIMEx_HallSensor_Stop), (52 bytes).
    Removing stm32f4xx_hal_tim_ex.o(.ARM.exidx.text.HAL_TIMEx_HallSensor_Stop), (8 bytes).
    Removing stm32f4xx_hal_tim_ex.o(.text.HAL_TIMEx_HallSensor_Start_IT), (46 bytes).
    Removing stm32f4xx_hal_tim_ex.o(.ARM.exidx.text.HAL_TIMEx_HallSensor_Start_IT), (8 bytes).
    Removing stm32f4xx_hal_tim_ex.o(.text.HAL_TIMEx_HallSensor_Stop_IT), (60 bytes).
    Removing stm32f4xx_hal_tim_ex.o(.ARM.exidx.text.HAL_TIMEx_HallSensor_Stop_IT), (8 bytes).
    Removing stm32f4xx_hal_tim_ex.o(.text.HAL_TIMEx_HallSensor_Start_DMA), (144 bytes).
    Removing stm32f4xx_hal_tim_ex.o(.ARM.exidx.text.HAL_TIMEx_HallSensor_Start_DMA), (8 bytes).
    Removing stm32f4xx_hal_tim_ex.o(.text.HAL_TIMEx_HallSensor_Stop_DMA), (68 bytes).
    Removing stm32f4xx_hal_tim_ex.o(.ARM.exidx.text.HAL_TIMEx_HallSensor_Stop_DMA), (8 bytes).
    Removing stm32f4xx_hal_tim_ex.o(.text.HAL_TIMEx_OCN_Start), (56 bytes).
    Removing stm32f4xx_hal_tim_ex.o(.ARM.exidx.text.HAL_TIMEx_OCN_Start), (8 bytes).
    Removing stm32f4xx_hal_tim_ex.o(.text.HAL_TIMEx_OCN_Stop), (84 bytes).
    Removing stm32f4xx_hal_tim_ex.o(.ARM.exidx.text.HAL_TIMEx_OCN_Stop), (8 bytes).
    Removing stm32f4xx_hal_tim_ex.o(.text.HAL_TIMEx_OCN_Start_IT), (96 bytes).
    Removing stm32f4xx_hal_tim_ex.o(.ARM.exidx.text.HAL_TIMEx_OCN_Start_IT), (8 bytes).
    Removing stm32f4xx_hal_tim_ex.o(.text.HAL_TIMEx_OCN_Stop_IT), (138 bytes).
    Removing stm32f4xx_hal_tim_ex.o(.ARM.exidx.text.HAL_TIMEx_OCN_Stop_IT), (8 bytes).
    Removing stm32f4xx_hal_tim_ex.o(.text.HAL_TIMEx_OCN_Start_DMA), (306 bytes).
    Removing stm32f4xx_hal_tim_ex.o(.ARM.exidx.text.HAL_TIMEx_OCN_Start_DMA), (8 bytes).
    Removing stm32f4xx_hal_tim_ex.o(.text.HAL_TIMEx_OCN_Stop_DMA), (150 bytes).
    Removing stm32f4xx_hal_tim_ex.o(.ARM.exidx.text.HAL_TIMEx_OCN_Stop_DMA), (8 bytes).
    Removing stm32f4xx_hal_tim_ex.o(.text.HAL_TIMEx_PWMN_Start), (56 bytes).
    Removing stm32f4xx_hal_tim_ex.o(.ARM.exidx.text.HAL_TIMEx_PWMN_Start), (8 bytes).
    Removing stm32f4xx_hal_tim_ex.o(.text.HAL_TIMEx_PWMN_Stop), (84 bytes).
    Removing stm32f4xx_hal_tim_ex.o(.ARM.exidx.text.HAL_TIMEx_PWMN_Stop), (8 bytes).
    Removing stm32f4xx_hal_tim_ex.o(.text.HAL_TIMEx_PWMN_Start_IT), (96 bytes).
    Removing stm32f4xx_hal_tim_ex.o(.ARM.exidx.text.HAL_TIMEx_PWMN_Start_IT), (8 bytes).
    Removing stm32f4xx_hal_tim_ex.o(.text.HAL_TIMEx_PWMN_Stop_IT), (138 bytes).
    Removing stm32f4xx_hal_tim_ex.o(.ARM.exidx.text.HAL_TIMEx_PWMN_Stop_IT), (8 bytes).
    Removing stm32f4xx_hal_tim_ex.o(.text.HAL_TIMEx_PWMN_Start_DMA), (306 bytes).
    Removing stm32f4xx_hal_tim_ex.o(.ARM.exidx.text.HAL_TIMEx_PWMN_Start_DMA), (8 bytes).
    Removing stm32f4xx_hal_tim_ex.o(.text.HAL_TIMEx_PWMN_Stop_DMA), (150 bytes).
    Removing stm32f4xx_hal_tim_ex.o(.ARM.exidx.text.HAL_TIMEx_PWMN_Stop_DMA), (8 bytes).
    Removing stm32f4xx_hal_tim_ex.o(.text.HAL_TIMEx_OnePulseN_Start), (38 bytes).
    Removing stm32f4xx_hal_tim_ex.o(.ARM.exidx.text.HAL_TIMEx_OnePulseN_Start), (8 bytes).
    Removing stm32f4xx_hal_tim_ex.o(.text.HAL_TIMEx_OnePulseN_Stop), (84 bytes).
    Removing stm32f4xx_hal_tim_ex.o(.ARM.exidx.text.HAL_TIMEx_OnePulseN_Stop), (8 bytes).
    Removing stm32f4xx_hal_tim_ex.o(.text.HAL_TIMEx_OnePulseN_Start_IT), (54 bytes).
    Removing stm32f4xx_hal_tim_ex.o(.ARM.exidx.text.HAL_TIMEx_OnePulseN_Start_IT), (8 bytes).
    Removing stm32f4xx_hal_tim_ex.o(.text.HAL_TIMEx_OnePulseN_Stop_IT), (100 bytes).
    Removing stm32f4xx_hal_tim_ex.o(.ARM.exidx.text.HAL_TIMEx_OnePulseN_Stop_IT), (8 bytes).
    Removing stm32f4xx_hal_tim_ex.o(.text.HAL_TIMEx_ConfigCommutEvent), (104 bytes).
    Removing stm32f4xx_hal_tim_ex.o(.ARM.exidx.text.HAL_TIMEx_ConfigCommutEvent), (8 bytes).
    Removing stm32f4xx_hal_tim_ex.o(.text.HAL_TIMEx_ConfigCommutEvent_IT), (104 bytes).
    Removing stm32f4xx_hal_tim_ex.o(.ARM.exidx.text.HAL_TIMEx_ConfigCommutEvent_IT), (8 bytes).
    Removing stm32f4xx_hal_tim_ex.o(.text.HAL_TIMEx_ConfigCommutEvent_DMA), (144 bytes).
    Removing stm32f4xx_hal_tim_ex.o(.ARM.exidx.text.HAL_TIMEx_ConfigCommutEvent_DMA), (8 bytes).
    Removing stm32f4xx_hal_tim_ex.o(.text.TIMEx_DMACommutationCplt), (16 bytes).
    Removing stm32f4xx_hal_tim_ex.o(.ARM.exidx.text.TIMEx_DMACommutationCplt), (8 bytes).
    Removing stm32f4xx_hal_tim_ex.o(.text.TIMEx_DMACommutationHalfCplt), (16 bytes).
    Removing stm32f4xx_hal_tim_ex.o(.ARM.exidx.text.TIMEx_DMACommutationHalfCplt), (8 bytes).
    Removing stm32f4xx_hal_tim_ex.o(.text.HAL_TIMEx_MasterConfigSynchronization), (184 bytes).
    Removing stm32f4xx_hal_tim_ex.o(.ARM.exidx.text.HAL_TIMEx_MasterConfigSynchronization), (8 bytes).
    Removing stm32f4xx_hal_tim_ex.o(.text.HAL_TIMEx_ConfigBreakDeadTime), (76 bytes).
    Removing stm32f4xx_hal_tim_ex.o(.ARM.exidx.text.HAL_TIMEx_ConfigBreakDeadTime), (8 bytes).
    Removing stm32f4xx_hal_tim_ex.o(.text.HAL_TIMEx_RemapConfig), (26 bytes).
    Removing stm32f4xx_hal_tim_ex.o(.ARM.exidx.text.HAL_TIMEx_RemapConfig), (8 bytes).
    Removing stm32f4xx_hal_tim_ex.o(.text.HAL_TIMEx_CommutCallback), (2 bytes).
    Removing stm32f4xx_hal_tim_ex.o(.ARM.exidx.text.HAL_TIMEx_CommutCallback), (8 bytes).
    Removing stm32f4xx_hal_tim_ex.o(.text.HAL_TIMEx_CommutHalfCpltCallback), (2 bytes).
    Removing stm32f4xx_hal_tim_ex.o(.ARM.exidx.text.HAL_TIMEx_CommutHalfCpltCallback), (8 bytes).
    Removing stm32f4xx_hal_tim_ex.o(.text.HAL_TIMEx_BreakCallback), (2 bytes).
    Removing stm32f4xx_hal_tim_ex.o(.ARM.exidx.text.HAL_TIMEx_BreakCallback), (8 bytes).
    Removing stm32f4xx_hal_tim_ex.o(.text.HAL_TIMEx_HallSensor_GetState), (6 bytes).
    Removing stm32f4xx_hal_tim_ex.o(.ARM.exidx.text.HAL_TIMEx_HallSensor_GetState), (8 bytes).
    Removing font8.o(.text), (0 bytes).
    Removing font8.o(.rodata.Font8_Table), (760 bytes).
    Removing font8.o(.data.Font8), (8 bytes).
    Removing font12.o(.text), (0 bytes).
    Removing font12.o(.rodata.Font12_Table), (1140 bytes).
    Removing font12.o(.data.Font12), (8 bytes).
    Removing font16.o(.text), (0 bytes).
    Removing font16.o(.rodata.Font16_Table), (3040 bytes).
    Removing font16.o(.data.Font16), (8 bytes).
    Removing font20.o(.text), (0 bytes).
    Removing font20.o(.rodata.Font20_Table), (3800 bytes).
    Removing font20.o(.data.Font20), (8 bytes).
    Removing font24.o(.text), (0 bytes).
    Removing font24.o(.rodata.Font24_Table), (6840 bytes).
    Removing font24.o(.data.Font24), (8 bytes).
    Removing consolas40.o(.text), (0 bytes).
    Removing consolas40.o(.data.Consolas40), (8 bytes).
    Removing consolas40.o(.rodata.Consolas40_Table), (11685 bytes).
    Removing consolas60.o(.text), (0 bytes).
    Removing consolas60.o(.data.Consolas60), (8 bytes).
    Removing consolas60.o(.rodata.Consolas60_Table), (28975 bytes).
    Removing consolas80.o(.text), (0 bytes).
    Removing consolas80.o(.data.Consolas80), (8 bytes).
    Removing consolas80.o(.rodata.Consolas80_Table), (46170 bytes).
    Removing consolas90.o(.text), (0 bytes).
    Removing consolas90.o(.data.Consolas90), (8 bytes).
    Removing consolas90.o(.rodata.Consolas90_Table), (60515 bytes).
    Removing consolasbold40.o(.text), (0 bytes).
    Removing consolasbold40.o(.data.ConsolasBold40), (8 bytes).
    Removing consolasbold40.o(.rodata.ConsolasBold40_Table), (11685 bytes).
    Removing consolasbold60.o(.text), (0 bytes).
    Removing consolasbold60.o(.data.ConsolasBold60), (8 bytes).
    Removing consolasbold60.o(.rodata.ConsolasBold60_Table), (28975 bytes).
    Removing consolasbold80.o(.text), (0 bytes).
    Removing consolasbold80.o(.data.ConsolasBold80), (8 bytes).
    Removing consolasbold80.o(.rodata.ConsolasBold80_Table), (46170 bytes).
    Removing consolasbold90.o(.text), (0 bytes).
    Removing consolasbold90.o(.data.ConsolasBold90), (8 bytes).
    Removing consolasbold90.o(.rodata.ConsolasBold90_Table), (60515 bytes).
    Removing couriernew48.o(.text), (0 bytes).
    Removing couriernew48.o(.data.CourierNew48), (8 bytes).
    Removing couriernew48.o(.rodata.CourierNew48_Table), (17860 bytes).
    Removing couriernewbold40.o(.text), (0 bytes).
    Removing couriernewbold40.o(.data.CourierNewBold40), (8 bytes).
    Removing couriernewbold40.o(.rodata.CourierNewBold40_Table), (15960 bytes).
    Removing couriernewbold60.o(.text), (0 bytes).
    Removing couriernewbold60.o(.data.CourierNewBold60), (8 bytes).
    Removing couriernewbold60.o(.rodata.CourierNewBold60_Table), (35340 bytes).
    Removing firamono40.o(.text), (0 bytes).
    Removing firamono40.o(.data.FiraMono40), (8 bytes).
    Removing firamono40.o(.rodata.FiraMono40_Table), (16340 bytes).
    Removing firamono60.o(.text), (0 bytes).
    Removing firamono60.o(.data.FiraMono60), (8 bytes).
    Removing firamono60.o(.rodata.FiraMono60_Table), (30400 bytes).
    Removing firamono80.o(.text), (0 bytes).
    Removing firamono80.o(.data.FiraMono80), (8 bytes).
    Removing firamono80.o(.rodata.FiraMono80_Table), (56525 bytes).
    Removing firamono90.o(.text), (0 bytes).
    Removing firamono90.o(.data.FiraMono90), (8 bytes).
    Removing firamono90.o(.rodata.FiraMono90_Table), (64505 bytes).
    Removing firamonomedium40.o(.text), (0 bytes).
    Removing firamonomedium40.o(.data.FiraMonoMedium40), (8 bytes).
    Removing firamonomedium40.o(.rodata.FiraMonoMedium40_Table), (16720 bytes).
    Removing firamonomedium60.o(.text), (0 bytes).
    Removing firamonomedium60.o(.data.FiraMonoMedium60), (8 bytes).
    Removing firamonomedium60.o(.rodata.FiraMonoMedium60_Table), (30875 bytes).
    Removing firamonomedium80.o(.text), (0 bytes).
    Removing firamonomedium80.o(.data.FiraMonoMedium80), (8 bytes).
    Removing firamonomedium80.o(.rodata.FiraMonoMedium80_Table), (57855 bytes).
    Removing firamonomedium90.o(.text), (0 bytes).
    Removing firamonomedium90.o(.data.FiraMonoMedium90), (8 bytes).
    Removing firamonomedium90.o(.rodata.FiraMonoMedium90_Table), (64505 bytes).
    Removing fontsflash.o(.text), (0 bytes).
    Removing fontsflash.o(.text.checkVersionFlashFonts), (24 bytes).
    Removing fontsflash.o(.ARM.exidx.text.checkVersionFlashFonts), (8 bytes).
    Removing fontsflash.o(.data.Font24FLASH), (8 bytes).
    Removing fontsflash.o(.data.Font20FLASH), (8 bytes).
    Removing fontsflash.o(.data.Font16FLASH), (8 bytes).
    Removing fontsflash.o(.data.Font12FLASH), (8 bytes).
    Removing fontsflash.o(.data.Font8FLASH), (8 bytes).
    Removing fontsflash.o(.data.CourierNew48FLASH), (8 bytes).
    Removing fontsflash.o(.data.CourierNewBold40FLASH), (8 bytes).
    Removing fontsflash.o(.data.CourierNewBold60FLASH), (8 bytes).
    Removing fontsflash.o(.data.Consolas40FLASH), (8 bytes).
    Removing fontsflash.o(.data.Consolas60FLASH), (8 bytes).
    Removing fontsflash.o(.data.Consolas80FLASH), (8 bytes).
    Removing fontsflash.o(.data.Consolas90FLASH), (8 bytes).
    Removing fontsflash.o(.data.ConsolasBold40FLASH), (8 bytes).
    Removing fontsflash.o(.data.ConsolasBold60FLASH), (8 bytes).
    Removing fontsflash.o(.data.ConsolasBold80FLASH), (8 bytes).
    Removing fontsflash.o(.data.ConsolasBold90FLASH), (8 bytes).
    Removing fontsflash.o(.data.FiraMono40FLASH), (8 bytes).
    Removing fontsflash.o(.data.FiraMono60FLASH), (8 bytes).
    Removing fontsflash.o(.data.FiraMono80FLASH), (8 bytes).
    Removing fontsflash.o(.data.FiraMono90FLASH), (8 bytes).
    Removing fontsflash.o(.data.FiraMonoMedium40FLASH), (8 bytes).
    Removing fontsflash.o(.data.FiraMonoMedium60FLASH), (8 bytes).
    Removing fontsflash.o(.data.FiraMonoMedium80FLASH), (8 bytes).
    Removing fontsflash.o(.data.FiraMonoMedium90FLASH), (8 bytes).
    Removing lcd_driver.o(.text), (0 bytes).
    Removing lcd_driver.o(.text.LCD_init), (594 bytes).
    Removing lcd_driver.o(.ARM.exidx.text.LCD_init), (8 bytes).
    Removing lcd_driver.o(.text.LCD_fillRectangleMC), (196 bytes).
    Removing lcd_driver.o(.ARM.exidx.text.LCD_fillRectangleMC), (8 bytes).
    Removing lcd_driver.o(.text.LCD_setWindow), (508 bytes).
    Removing lcd_driver.o(.ARM.exidx.text.LCD_setWindow), (8 bytes).
    Removing lcd_driver.o(.text.LCD_fillRectangleBW), (318 bytes).
    Removing lcd_driver.o(.ARM.exidx.text.LCD_fillRectangleBW), (8 bytes).
    Removing lcd_driver.o(.text.LCD_clear), (20 bytes).
    Removing lcd_driver.o(.ARM.exidx.text.LCD_clear), (8 bytes).
    Removing lcd_driver.o(.text.LCD_isHorizontalMode), (4 bytes).
    Removing lcd_driver.o(.ARM.exidx.text.LCD_isHorizontalMode), (8 bytes).
    Removing lcd_driver.o(.rodata.initCmds), (103 bytes).
    Removing lcd_gui.o(.text), (0 bytes).
    Removing lcd_gui.o(.text.GUI_init), (16 bytes).
    Removing lcd_gui.o(.ARM.exidx.text.GUI_init), (8 bytes).
    Removing lcd_gui.o(.text.GUI_clear), (8 bytes).
    Removing lcd_gui.o(.ARM.exidx.text.GUI_clear), (8 bytes).
    Removing lcd_gui.o(.text.GUI_drawPoint), (104 bytes).
    Removing lcd_gui.o(.ARM.exidx.text.GUI_drawPoint), (8 bytes).
    Removing lcd_gui.o(.text.GUI_drawRectangle), (204 bytes).
    Removing lcd_gui.o(.ARM.exidx.text.GUI_drawRectangle), (8 bytes).
    Removing lcd_gui.o(.text.GUI_disChar), (134 bytes).
    Removing lcd_gui.o(.ARM.exidx.text.GUI_disChar), (8 bytes).
    Removing lcd_gui.o(.text.GUI_disStr), (268 bytes).
    Removing lcd_gui.o(.ARM.exidx.text.GUI_disStr), (8 bytes).
    Removing lcd_gui.o(.text.GUI_disNum), (86 bytes).
    Removing lcd_gui.o(.ARM.exidx.text.GUI_disNum), (8 bytes).
    Removing lcd_gui.o(.text.GUI_drawCircle), (812 bytes).
    Removing lcd_gui.o(.ARM.exidx.text.GUI_drawCircle), (8 bytes).
    Removing lcd_gui.o(.text.GUI_drawLine), (788 bytes).
    Removing lcd_gui.o(.ARM.exidx.text.GUI_drawLine), (8 bytes).
    Removing lcd_gui.o(.text.GUI_DisGrayMap), (208 bytes).
    Removing lcd_gui.o(.ARM.exidx.text.GUI_DisGrayMap), (8 bytes).
    Removing lcd_gui.o(.rodata.str1.1), (37 bytes).
    Removing lcd_touch.o(.text), (0 bytes).
    Removing lcd_touch.o(.text.distance), (44 bytes).
    Removing lcd_touch.o(.ARM.exidx.text.distance), (8 bytes).
    Removing lcd_touch.o(.text.TP_Adjust), (1608 bytes).
    Removing lcd_touch.o(.ARM.exidx.text.TP_Adjust), (8 bytes).
    Removing lcd_touch.o(.text.TP_pressed), (304 bytes).
    Removing lcd_touch.o(.ARM.exidx.text.TP_pressed), (8 bytes).
    Removing lcd_touch.o(.text.TP_Init), (84 bytes).
    Removing lcd_touch.o(.ARM.exidx.text.TP_Init), (8 bytes).
    Removing lcd_touch.o(.text.TP_get), (12 bytes).
    Removing lcd_touch.o(.ARM.exidx.text.TP_get), (8 bytes).
    Removing lcd_touch.o(.text.TP_Read_ADC_Average), (174 bytes).
    Removing lcd_touch.o(.ARM.exidx.text.TP_Read_ADC_Average), (8 bytes).
    Removing lcd_touch.o(.rodata.Cross), (100 bytes).
    Removing lcd_touch.o(.rodata.cst16), (16 bytes).
    Removing lcd_touch.o(.bss.sTP_DEV), (24 bytes).
    Removing lcd_spi.o(.text), (0 bytes).
    Removing lcd_spi.o(.text.SPIinit), (198 bytes).
    Removing lcd_spi.o(.ARM.exidx.text.SPIinit), (8 bytes).
    Removing lcd_spi.o(.text.SPIsetTPSpeed), (74 bytes).
    Removing lcd_spi.o(.ARM.exidx.text.SPIsetTPSpeed), (8 bytes).
    Removing lcd_spi.o(.text.SPIsetLCDSpeed), (44 bytes).
    Removing lcd_spi.o(.ARM.exidx.text.SPIsetLCDSpeed), (8 bytes).
    Removing lcd_spi.o(.text.SPI4W_Write_Byte), (98 bytes).
    Removing lcd_spi.o(.ARM.exidx.text.SPI4W_Write_Byte), (8 bytes).
    Removing lcd_spi.o(.text.SPI4W_Read_Byte), (92 bytes).
    Removing lcd_spi.o(.ARM.exidx.text.SPI4W_Read_Byte), (8 bytes).
    Removing lcd_spi.o(.rodata.str1.1), (37 bytes).
    Removing lcd_gpio.o(.text), (0 bytes).
    Removing lcd_gpio.o(.text.GPIO_Init), (316 bytes).
    Removing lcd_gpio.o(.ARM.exidx.text.GPIO_Init), (8 bytes).
    Removing lcd_tim.o(.text), (0 bytes).
    Removing lcd_tim.o(.text.TIM4_Init), (192 bytes).
    Removing lcd_tim.o(.ARM.exidx.text.TIM4_Init), (8 bytes).
    Removing lcd_tim.o(.text.HAL_TIM_PWM_MspInit), (54 bytes).
    Removing lcd_tim.o(.ARM.exidx.text.HAL_TIM_PWM_MspInit), (8 bytes).
    Removing lcd_tim.o(.text.HAL_TIM_PWM_MspDeInit), (34 bytes).
    Removing lcd_tim.o(.ARM.exidx.text.HAL_TIM_PWM_MspDeInit), (8 bytes).
    Removing lcd_tim.o(.text.PWM_SetValue), (46 bytes).
    Removing lcd_tim.o(.ARM.exidx.text.PWM_SetValue), (8 bytes).
    Removing lcd_tim.o(.bss.htim4), (64 bytes).
    Removing lcd_tim.o(.rodata.str1.1), (37 bytes).
    Removing lcd_tools.o(.text), (0 bytes).
    Removing lcd_tools.o(.text.Driver_Delay_ms), (8 bytes).
    Removing lcd_tools.o(.ARM.exidx.text.Driver_Delay_ms), (8 bytes).
    Removing lcd_tools.o(.text.Driver_Delay_us), (2 bytes).
    Removing lcd_tools.o(.ARM.exidx.text.Driver_Delay_us), (8 bytes).
    Removing lcd_tools.o(.text.LCDErrHandler), (122 bytes).
    Removing lcd_tools.o(.ARM.exidx.text.LCDErrHandler), (8 bytes).
    Removing lcd_tools.o(.text.itoa), (142 bytes).
    Removing lcd_tools.o(.ARM.exidx.text.itoa), (8 bytes).
    Removing testsoftware.o(.text), (0 bytes).
    Removing testsoftware.o(.text.setTestLedOn), (20 bytes).
    Removing testsoftware.o(.ARM.exidx.text.setTestLedOn), (8 bytes).
    Removing testsoftware.o(.text.setTestLedOff), (20 bytes).
    Removing testsoftware.o(.ARM.exidx.text.setTestLedOff), (8 bytes).
    Removing testsoftware.o(.text.toogleTestLed), (24 bytes).
    Removing testsoftware.o(.ARM.exidx.text.toogleTestLed), (8 bytes).
    Removing testsoftware.o(.text.initTestLed), (76 bytes).
    Removing testsoftware.o(.ARM.exidx.text.initTestLed), (8 bytes).
    Removing testsoftware.o(.text.testDrawRectangle), (516 bytes).
    Removing testsoftware.o(.ARM.exidx.text.testDrawRectangle), (8 bytes).
    Removing testsoftware.o(.text.testDrawLines), (1780 bytes).
    Removing testsoftware.o(.ARM.exidx.text.testDrawLines), (8 bytes).
    Removing testsoftware.o(.rodata.str1.1), (157 bytes).
    Removing lcd_debug.o(.text), (0 bytes).
    Removing lcd_debug.o(.text.printDebugMsg), (160 bytes).
    Removing lcd_debug.o(.ARM.exidx.text.printDebugMsg), (8 bytes).
    Removing lcd_demos.o(.text), (0 bytes).
    Removing lcd_demos.o(.text.GUI_show), (480 bytes).
    Removing lcd_demos.o(.ARM.exidx.text.GUI_show), (8 bytes).
    Removing lcd_demos.o(.text.TP_Dialog), (244 bytes).
    Removing lcd_demos.o(.ARM.exidx.text.TP_Dialog), (8 bytes).
    Removing lcd_demos.o(.text.TP_DrawBoard), (298 bytes).
    Removing lcd_demos.o(.ARM.exidx.text.TP_DrawBoard), (8 bytes).
    Removing lcd_demos.o(.rodata.str1.1), (39 bytes).
    Removing lcd_demos.o(.data.TP_DrawBoard.brushColor), (2 bytes).
    Removing delay.o(.text), (0 bytes).
    Removing delay.o(.text.delay), (20 bytes).
    Removing delay.o(.ARM.exidx.text.delay), (8 bytes).
    Removing error.o(.text), (0 bytes).
    Removing error.o(.ARM.exidx.text.Error_Handler), (8 bytes).
    Removing init.o(.text), (0 bytes).
    Removing init.o(.ARM.exidx.text.initITSboard), (8 bytes).
    Removing init.o(.text.initLCDTouch), (30 bytes).
    Removing init.o(.ARM.exidx.text.initLCDTouch), (8 bytes).
    Removing keypad.o(.text), (0 bytes).
    Removing keypad.o(.text.makeKeyPad), (112 bytes).
    Removing keypad.o(.ARM.exidx.text.makeKeyPad), (8 bytes).
    Removing keypad.o(.text.printButton), (342 bytes).
    Removing keypad.o(.ARM.exidx.text.printButton), (8 bytes).
    Removing keypad.o(.text.getKeyPadInput), (422 bytes).
    Removing keypad.o(.ARM.exidx.text.getKeyPadInput), (8 bytes).
    Removing keypad.o(.text.testKeyPad), (484 bytes).
    Removing keypad.o(.ARM.exidx.text.testKeyPad), (8 bytes).
    Removing keypad.o(.rodata.keypad), (336 bytes).
    Removing lcd.o(.text), (0 bytes).
    Removing lcd.o(.text.lcdPrintS), (320 bytes).
    Removing lcd.o(.ARM.exidx.text.lcdPrintS), (8 bytes).
    Removing lcd.o(.text.lcdPrintReplS), (320 bytes).
    Removing lcd.o(.ARM.exidx.text.lcdPrintReplS), (8 bytes).
    Removing lcd.o(.text.lcdPrintInt), (32 bytes).
    Removing lcd.o(.ARM.exidx.text.lcdPrintInt), (8 bytes).
    Removing lcd.o(.text.lcdPrintlnS), (58 bytes).
    Removing lcd.o(.ARM.exidx.text.lcdPrintlnS), (8 bytes).
    Removing lcd.o(.text.lcdPrintC), (156 bytes).
    Removing lcd.o(.ARM.exidx.text.lcdPrintC), (8 bytes).
    Removing lcd.o(.text.lcdSetFont), (158 bytes).
    Removing lcd.o(.ARM.exidx.text.lcdSetFont), (8 bytes).
    Removing lcd.o(.text.lcdGotoXY), (40 bytes).
    Removing lcd.o(.ARM.exidx.text.lcdGotoXY), (8 bytes).
    Removing lcd.o(.data.lcdmaxx), (4 bytes).
    Removing lcd.o(.data.fontWidth), (4 bytes).
    Removing lcd.o(.data.crd), (4 bytes).
    Removing lcd.o(.data.fontHeight), (4 bytes).
    Removing lcd.o(.data.lcdFont), (4 bytes).
    Removing lcd.o(.data.lcdmaxy), (4 bytes).
    Removing lcd.o(.rodata.str1.1), (71 bytes).
    Removing retarget_io.o(.text), (0 bytes).
    Removing retarget_io.o(.text.fputc), (26 bytes).
    Removing retarget_io.o(.ARM.exidx.text.fputc), (8 bytes).
    Removing retarget_io.o(.text.fgetc), (72 bytes).
    Removing retarget_io.o(.ARM.exidx.text.fgetc), (8 bytes).
    Removing retarget_io.o(.text.__backspace), (48 bytes).
    Removing retarget_io.o(.ARM.exidx.text.__backspace), (8 bytes).
    Removing retarget_io.o(.text.__aeabi_assert), (180 bytes).
    Removing retarget_io.o(.ARM.exidx.text.__aeabi_assert), (8 bytes).
    Removing retarget_io.o(.text.abort), (2 bytes).
    Removing retarget_io.o(.ARM.exidx.text.abort), (8 bytes).
    Removing retarget_io.o(.bss.getchar_undo), (1 bytes).
    Removing retarget_io.o(.data.getchar_ch), (4 bytes).
    Removing stdinout_usart.o(.text), (0 bytes).
    Removing stdinout_usart.o(.ARM.exidx.text.stdinout_init), (8 bytes).
    Removing stdinout_usart.o(.text.stdin_getchar), (50 bytes).
    Removing stdinout_usart.o(.ARM.exidx.text.stdin_getchar), (8 bytes).
    Removing stdinout_usart.o(.text.stdout_putchar), (52 bytes).
    Removing stdinout_usart.o(.ARM.exidx.text.stdout_putchar), (8 bytes).
    Removing terminal.o(.text), (0 bytes).
    Removing terminal.o(.text.genTerm), (184 bytes).
    Removing terminal.o(.ARM.exidx.text.genTerm), (8 bytes).
    Removing terminal.o(.text.clearTerm), (34 bytes).
    Removing terminal.o(.ARM.exidx.text.clearTerm), (8 bytes).
    Removing terminal.o(.text.setTextColorTerm), (4 bytes).
    Removing terminal.o(.ARM.exidx.text.setTextColorTerm), (8 bytes).
    Removing terminal.o(.text.setPosTerm), (84 bytes).
    Removing terminal.o(.ARM.exidx.text.setPosTerm), (8 bytes).
    Removing terminal.o(.text.printTerm), (50 bytes).
    Removing terminal.o(.ARM.exidx.text.printTerm), (8 bytes).
    Removing terminal.o(.text.printChar), (130 bytes).
    Removing terminal.o(.ARM.exidx.text.printChar), (8 bytes).
    Removing terminal.o(.text.getCurRow), (4 bytes).
    Removing terminal.o(.ARM.exidx.text.getCurRow), (8 bytes).
    Removing terminal.o(.text.getNoOfRows), (4 bytes).
    Removing terminal.o(.ARM.exidx.text.getNoOfRows), (8 bytes).
    Removing timer.o(.text), (0 bytes).
    Removing timer.o(.text.initTimer), (48 bytes).
    Removing timer.o(.ARM.exidx.text.initTimer), (8 bytes).
    Removing usart_stm32f4xx.o(.text), (0 bytes).
    Removing usart_stm32f4xx.o(.ARM.exidx.text.USART_IRQHandler), (8 bytes).
    Removing usart_stm32f4xx.o(.ARM.exidx.text.USART3_IRQHandler), (8 bytes).
    Removing usart_stm32f4xx.o(.ARM.exidx.text.USARTx_GetVersion), (8 bytes).
    Removing usart_stm32f4xx.o(.ARM.exidx.text.USART3_GetCapabilities), (8 bytes).
    Removing usart_stm32f4xx.o(.ARM.exidx.text.USART3_Initialize), (8 bytes).
    Removing usart_stm32f4xx.o(.ARM.exidx.text.USART3_Uninitialize), (8 bytes).
    Removing usart_stm32f4xx.o(.ARM.exidx.text.USART3_PowerControl), (8 bytes).
    Removing usart_stm32f4xx.o(.ARM.exidx.text.USART3_Send), (8 bytes).
    Removing usart_stm32f4xx.o(.ARM.exidx.text.USART3_Receive), (8 bytes).
    Removing usart_stm32f4xx.o(.ARM.exidx.text.USART3_Transfer), (8 bytes).
    Removing usart_stm32f4xx.o(.ARM.exidx.text.USART3_GetTxCount), (8 bytes).
    Removing usart_stm32f4xx.o(.ARM.exidx.text.USART3_GetRxCount), (8 bytes).
    Removing usart_stm32f4xx.o(.ARM.exidx.text.USART3_Control), (8 bytes).
    Removing usart_stm32f4xx.o(.ARM.exidx.text.USART3_GetStatus), (8 bytes).
    Removing usart_stm32f4xx.o(.ARM.exidx.text.USART3_SetModemControl), (8 bytes).
    Removing usart_stm32f4xx.o(.ARM.exidx.text.USART3_GetModemStatus), (8 bytes).
    Removing usart_stm32f4xx.o(.ARM.exidx.text.USART_PowerControl), (8 bytes).
    Removing dfltui.o(.text), (26 bytes).
    Removing dfixi.o(.text), (62 bytes).
    Removing depilogue.o(.text), (186 bytes).
    Removing dadd.o(.text), (334 bytes).
    Removing dmul.o(.text), (228 bytes).
    Removing ddiv.o(.text), (222 bytes).
    Removing dsqrt.o(.text), (162 bytes).
    Removing dfixul.o(.text), (48 bytes).
    Removing cdrcmple.o(.text), (48 bytes).

1035 unused section(s) (total 771458 bytes) removed from the image.

==============================================================================

Image Symbol Table

    Local Symbols

    Symbol Name                              Value     Ov Type        Size  Object(Section)

    ../../ITS_BRD_LIB/Src/startup/startup_stm32f429xx.s 0x00000000   Number         0  startup_stm32f429xx.o ABSOLUTE
    ../clib/division.s                       0x00000000   Number         0  aeabi_sdiv.o ABSOLUTE
    ../clib/microlib/division.c              0x00000000   Number         0  uldiv.o ABSOLUTE
    ../clib/microlib/division.c              0x00000000   Number         0  ldiv.o ABSOLUTE
    ../clib/microlib/division.c              0x00000000   Number         0  uidiv.o ABSOLUTE
    ../clib/microlib/errno.c                 0x00000000   Number         0  errno.o ABSOLUTE
    ../clib/microlib/init/entry.s            0x00000000   Number         0  entry.o ABSOLUTE
    ../clib/microlib/init/entry.s            0x00000000   Number         0  entry2.o ABSOLUTE
    ../clib/microlib/init/entry.s            0x00000000   Number         0  entry5.o ABSOLUTE
    ../clib/microlib/init/entry.s            0x00000000   Number         0  entry7a.o ABSOLUTE
    ../clib/microlib/init/entry.s            0x00000000   Number         0  entry7b.o ABSOLUTE
    ../clib/microlib/init/entry.s            0x00000000   Number         0  entry8a.o ABSOLUTE
    ../clib/microlib/init/entry.s            0x00000000   Number         0  entry8b.o ABSOLUTE
    ../clib/microlib/init/entry.s            0x00000000   Number         0  entry9a.o ABSOLUTE
    ../clib/microlib/init/entry.s            0x00000000   Number         0  entry9b.o ABSOLUTE
    ../clib/microlib/init/entry.s            0x00000000   Number         0  entry10a.o ABSOLUTE
    ../clib/microlib/init/entry.s            0x00000000   Number         0  entry10b.o ABSOLUTE
    ../clib/microlib/init/entry.s            0x00000000   Number         0  entry11a.o ABSOLUTE
    ../clib/microlib/init/entry.s            0x00000000   Number         0  entry11b.o ABSOLUTE
    ../clib/microlib/longlong.c              0x00000000   Number         0  llshl.o ABSOLUTE
    ../clib/microlib/longlong.c              0x00000000   Number         0  llushr.o ABSOLUTE
    ../clib/microlib/longlong.c              0x00000000   Number         0  llsshr.o ABSOLUTE
    ../clib/microlib/printf/printf.c         0x00000000   Number         0  printfb.o ABSOLUTE
    ../clib/microlib/printf/printf.c         0x00000000   Number         0  printf0.o ABSOLUTE
    ../clib/microlib/printf/printf.c         0x00000000   Number         0  printf1.o ABSOLUTE
    ../clib/microlib/printf/printf.c         0x00000000   Number         0  printf2.o ABSOLUTE
    ../clib/microlib/printf/printf.c         0x00000000   Number         0  printf3.o ABSOLUTE
    ../clib/microlib/printf/printf.c         0x00000000   Number         0  printf4.o ABSOLUTE
    ../clib/microlib/printf/printf.c         0x00000000   Number         0  printf5.o ABSOLUTE
    ../clib/microlib/printf/printf.c         0x00000000   Number         0  printf6.o ABSOLUTE
    ../clib/microlib/printf/printf.c         0x00000000   Number         0  printf7.o ABSOLUTE
    ../clib/microlib/printf/printf.c         0x00000000   Number         0  printf8.o ABSOLUTE
    ../clib/microlib/printf/printf.c         0x00000000   Number         0  printfa.o ABSOLUTE
    ../clib/microlib/printf/stubs.s          0x00000000   Number         0  printfstubs.o ABSOLUTE
    ../clib/microlib/stdio/fputs.c           0x00000000   Number         0  fputs.o ABSOLUTE
    ../clib/microlib/stdio/fputs.c           0x00000000   Number         0  fputs_e.o ABSOLUTE
    ../clib/microlib/stdio/fwrite.c          0x00000000   Number         0  fwrite.o ABSOLUTE
    ../clib/microlib/stdio/fwrite.c          0x00000000   Number         0  fwrite_e.o ABSOLUTE
    ../clib/microlib/stdio/puts.c            0x00000000   Number         0  puts.o ABSOLUTE
    ../clib/microlib/stdio/puts.c            0x00000000   Number         0  puts_e.o ABSOLUTE
    ../clib/microlib/stdio/streams.c         0x00000000   Number         0  stdin.o ABSOLUTE
    ../clib/microlib/stdio/streams.c         0x00000000   Number         0  stdout.o ABSOLUTE
    ../clib/microlib/stdio/streams.c         0x00000000   Number         0  stderr.o ABSOLUTE
    ../clib/microlib/string/memcpy.c         0x00000000   Number         0  memcpya.o ABSOLUTE
    ../clib/microlib/string/memcpy.c         0x00000000   Number         0  memcpyb.o ABSOLUTE
    ../clib/microlib/string/memset.c         0x00000000   Number         0  memseta.o ABSOLUTE
    ../clib/microlib/string/strlen.c         0x00000000   Number         0  strlen.o ABSOLUTE
    ../clib/microlib/stubs.s                 0x00000000   Number         0  iusefp.o ABSOLUTE
    ../fplib/microlib/fpadd.c                0x00000000   Number         0  dadd.o ABSOLUTE
    ../fplib/microlib/fpdiv.c                0x00000000   Number         0  ddiv.o ABSOLUTE
    ../fplib/microlib/fpepilogue.c           0x00000000   Number         0  depilogue.o ABSOLUTE
    ../fplib/microlib/fpfix.c                0x00000000   Number         0  dfixi.o ABSOLUTE
    ../fplib/microlib/fpfix.c                0x00000000   Number         0  dfixul.o ABSOLUTE
    ../fplib/microlib/fpflt.c                0x00000000   Number         0  dfltui.o ABSOLUTE
    ../fplib/microlib/fpmul.c                0x00000000   Number         0  dmul.o ABSOLUTE
    ../fplib/microlib/fpsqrt.c               0x00000000   Number         0  dsqrt.o ABSOLUTE
    ../mathlib/sqrt.c                        0x00000000   Number         0  sqrt.o ABSOLUTE
    Consolas40.c                             0x00000000   Number         0  consolas40.o ABSOLUTE
    Consolas60.c                             0x00000000   Number         0  consolas60.o ABSOLUTE
    Consolas80.c                             0x00000000   Number         0  consolas80.o ABSOLUTE
    Consolas90.c                             0x00000000   Number         0  consolas90.o ABSOLUTE
    ConsolasBold40.c                         0x00000000   Number         0  consolasbold40.o ABSOLUTE
    ConsolasBold60.c                         0x00000000   Number         0  consolasbold60.o ABSOLUTE
    ConsolasBold80.c                         0x00000000   Number         0  consolasbold80.o ABSOLUTE
    ConsolasBold90.c                         0x00000000   Number         0  consolasbold90.o ABSOLUTE
    CourierNew48.c                           0x00000000   Number         0  couriernew48.o ABSOLUTE
    CourierNewBold40.c                       0x00000000   Number         0  couriernewbold40.o ABSOLUTE
    CourierNewBold60.c                       0x00000000   Number         0  couriernewbold60.o ABSOLUTE
    FiraMono40.c                             0x00000000   Number         0  firamono40.o ABSOLUTE
    FiraMono60.c                             0x00000000   Number         0  firamono60.o ABSOLUTE
    FiraMono80.c                             0x00000000   Number         0  firamono80.o ABSOLUTE
    FiraMono90.c                             0x00000000   Number         0  firamono90.o ABSOLUTE
    FiraMonoMedium40.c                       0x00000000   Number         0  firamonomedium40.o ABSOLUTE
    FiraMonoMedium60.c                       0x00000000   Number         0  firamonomedium60.o ABSOLUTE
    FiraMonoMedium80.c                       0x00000000   Number         0  firamonomedium80.o ABSOLUTE
    FiraMonoMedium90.c                       0x00000000   Number         0  firamonomedium90.o ABSOLUTE
    LCD_Debug.c                              0x00000000   Number         0  lcd_debug.o ABSOLUTE
    LCD_Demos.c                              0x00000000   Number         0  lcd_demos.o ABSOLUTE
    LCD_Driver.c                             0x00000000   Number         0  lcd_driver.o ABSOLUTE
    LCD_GPIO.c                               0x00000000   Number         0  lcd_gpio.o ABSOLUTE
    LCD_GUI.c                                0x00000000   Number         0  lcd_gui.o ABSOLUTE
    LCD_SPI.c                                0x00000000   Number         0  lcd_spi.o ABSOLUTE
    LCD_TIM.c                                0x00000000   Number         0  lcd_tim.o ABSOLUTE
    LCD_Tools.c                              0x00000000   Number         0  lcd_tools.o ABSOLUTE
    LCD_Touch.c                              0x00000000   Number         0  lcd_touch.o ABSOLUTE
    USART_STM32F4xx.c                        0x00000000   Number         0  usart_stm32f4xx.o ABSOLUTE
    cdrcmple.s                               0x00000000   Number         0  cdrcmple.o ABSOLUTE
    dc.s                                     0x00000000   Number         0  dc.o ABSOLUTE
    delay.c                                  0x00000000   Number         0  delay.o ABSOLUTE
    error.c                                  0x00000000   Number         0  error.o ABSOLUTE
    font12.c                                 0x00000000   Number         0  font12.o ABSOLUTE
    font16.c                                 0x00000000   Number         0  font16.o ABSOLUTE
    font20.c                                 0x00000000   Number         0  font20.o ABSOLUTE
    font24.c                                 0x00000000   Number         0  font24.o ABSOLUTE
    font8.c                                  0x00000000   Number         0  font8.o ABSOLUTE
    fontsFLASH.c                             0x00000000   Number         0  fontsflash.o ABSOLUTE
    handlers.s                               0x00000000   Number         0  handlers.o ABSOLUTE
    init.c                                   0x00000000   Number         0  init.o ABSOLUTE
    init.s                                   0x00000000   Number         0  init.o ABSOLUTE
    keypad.c                                 0x00000000   Number         0  keypad.o ABSOLUTE
    lcd.c                                    0x00000000   Number         0  lcd.o ABSOLUTE
    main.s                                   0x00000000   Number         0  main_1.o ABSOLUTE
    retarget_io.c                            0x00000000   Number         0  retarget_io.o ABSOLUTE
    stdinout_USART.c                         0x00000000   Number         0  stdinout_usart.o ABSOLUTE
    stm32f4xx_hal.c                          0x00000000   Number         0  stm32f4xx_hal.o ABSOLUTE
    stm32f4xx_hal_cortex.c                   0x00000000   Number         0  stm32f4xx_hal_cortex.o ABSOLUTE
    stm32f4xx_hal_dma.c                      0x00000000   Number         0  stm32f4xx_hal_dma.o ABSOLUTE
    stm32f4xx_hal_eth.c                      0x00000000   Number         0  stm32f4xx_hal_eth.o ABSOLUTE
    stm32f4xx_hal_gpio.c                     0x00000000   Number         0  stm32f4xx_hal_gpio.o ABSOLUTE
    stm32f4xx_hal_pwr.c                      0x00000000   Number         0  stm32f4xx_hal_pwr.o ABSOLUTE
    stm32f4xx_hal_pwr_ex.c                   0x00000000   Number         0  stm32f4xx_hal_pwr_ex.o ABSOLUTE
    stm32f4xx_hal_rcc.c                      0x00000000   Number         0  stm32f4xx_hal_rcc.o ABSOLUTE
    stm32f4xx_hal_spi.c                      0x00000000   Number         0  stm32f4xx_hal_spi.o ABSOLUTE
    stm32f4xx_hal_tim.c                      0x00000000   Number         0  stm32f4xx_hal_tim.o ABSOLUTE
    stm32f4xx_hal_tim_ex.c                   0x00000000   Number         0  stm32f4xx_hal_tim_ex.o ABSOLUTE
    stm32f4xx_it.c                           0x00000000   Number         0  stm32f4xx_it.o ABSOLUTE
    stm32f4xx_nucleo_144.c                   0x00000000   Number         0  stm32f4xx_nucleo_144.o ABSOLUTE
    system_stm32f4xx.c                       0x00000000   Number         0  system_stm32f4xx.o ABSOLUTE
    terminal.c                               0x00000000   Number         0  terminal.o ABSOLUTE
    testsoftware.c                           0x00000000   Number         0  testsoftware.o ABSOLUTE
    timer.c                                  0x00000000   Number         0  timer.o ABSOLUTE
    RESET                                    0x08000000   Section      428  startup_stm32f429xx.o(RESET)
    .ARM.Collect$$$$00000000                 0x080001ac   Section        0  entry.o(.ARM.Collect$$$$00000000)
    .ARM.Collect$$$$00000001                 0x080001ac   Section        4  entry2.o(.ARM.Collect$$$$00000001)
    .ARM.Collect$$$$00000004                 0x080001b0   Section        4  entry5.o(.ARM.Collect$$$$00000004)
    .ARM.Collect$$$$00000008                 0x080001b4   Section        0  entry7b.o(.ARM.Collect$$$$00000008)
    .ARM.Collect$$$$0000000A                 0x080001b4   Section        0  entry8b.o(.ARM.Collect$$$$0000000A)
    .ARM.Collect$$$$0000000B                 0x080001b4   Section        8  entry9a.o(.ARM.Collect$$$$0000000B)
    __lit__00000000                          0x080001bc   Data           4  entry2.o(.ARM.Collect$$$$00002712)
    .ARM.Collect$$$$0000000D                 0x080001bc   Section        0  entry10a.o(.ARM.Collect$$$$0000000D)
    .ARM.Collect$$$$0000000F                 0x080001bc   Section        0  entry11a.o(.ARM.Collect$$$$0000000F)
    .ARM.Collect$$$$00002712                 0x080001bc   Section        4  entry2.o(.ARM.Collect$$$$00002712)
    $v0                                      0x080001c0   Number         0  startup_stm32f429xx.o(.text)
    .text                                    0x080001c0   Section       36  startup_stm32f429xx.o(.text)
    $v0                                      0x080001e8   Number         0  main_1.o(.text)
    .text                                    0x080001e8   Section       96  main_1.o(.text)
    .text                                    0x08000248   Section        0  uldiv.o(.text)
    .text                                    0x080002aa   Section        0  memseta.o(.text)
    .text                                    0x080002ce   Section        0  llshl.o(.text)
    .text                                    0x080002ec   Section        0  llushr.o(.text)
    .text                                    0x0800030c   Section       36  init.o(.text)
    [Anonymous Symbol]                       0x08000330   Section        0  stm32f4xx_it.o(.text.BusFault_Handler)
    [Anonymous Symbol]                       0x08000334   Section        0  stm32f4xx_it.o(.text.DebugMon_Handler)
    [Anonymous Symbol]                       0x08000338   Section        0  stm32f4xx_it.o(.text.ETH_IRQHandler)
    [Anonymous Symbol]                       0x08000348   Section        0  error.o(.text.Error_Handler)
    [Anonymous Symbol]                       0x080003c4   Section        0  stm32f4xx_hal_eth.o(.text.HAL_ETH_ErrorCallback)
    [Anonymous Symbol]                       0x080003c8   Section        0  stm32f4xx_hal_eth.o(.text.HAL_ETH_IRQHandler)
    [Anonymous Symbol]                       0x08000438   Section        0  stm32f4xx_hal_eth.o(.text.HAL_ETH_RxCpltCallback)
    [Anonymous Symbol]                       0x0800043c   Section        0  stm32f4xx_hal_eth.o(.text.HAL_ETH_TxCpltCallback)
    [Anonymous Symbol]                       0x08000440   Section        0  stm32f4xx_hal_gpio.o(.text.HAL_GPIO_DeInit)
    [Anonymous Symbol]                       0x08000548   Section        0  stm32f4xx_hal_gpio.o(.text.HAL_GPIO_Init)
    [Anonymous Symbol]                       0x080006e4   Section        0  stm32f4xx_hal_gpio.o(.text.HAL_GPIO_TogglePin)
    [Anonymous Symbol]                       0x080006f4   Section        0  stm32f4xx_hal.o(.text.HAL_GetTick)
    [Anonymous Symbol]                       0x08000700   Section        0  stm32f4xx_hal.o(.text.HAL_IncTick)
    [Anonymous Symbol]                       0x0800071c   Section        0  stm32f4xx_hal.o(.text.HAL_Init)
    [Anonymous Symbol]                       0x0800074c   Section        0  stm32f4xx_hal.o(.text.HAL_InitTick)
    [Anonymous Symbol]                       0x0800079c   Section        0  stm32f4xx_hal.o(.text.HAL_MspInit)
    [Anonymous Symbol]                       0x080007a0   Section        0  stm32f4xx_hal_cortex.o(.text.HAL_NVIC_DisableIRQ)
    [Anonymous Symbol]                       0x080007c8   Section        0  stm32f4xx_hal_cortex.o(.text.HAL_NVIC_SetPriority)
    [Anonymous Symbol]                       0x08000820   Section        0  stm32f4xx_hal_cortex.o(.text.HAL_NVIC_SetPriorityGrouping)
    [Anonymous Symbol]                       0x08000840   Section        0  stm32f4xx_hal_pwr_ex.o(.text.HAL_PWREx_EnableOverDrive)
    [Anonymous Symbol]                       0x080008bc   Section        0  stm32f4xx_hal_rcc.o(.text.HAL_RCC_ClockConfig)
    [Anonymous Symbol]                       0x08000a1c   Section        0  stm32f4xx_hal_rcc.o(.text.HAL_RCC_GetPCLK1Freq)
    [Anonymous Symbol]                       0x08000a44   Section        0  stm32f4xx_hal_rcc.o(.text.HAL_RCC_GetSysClockFreq)
    [Anonymous Symbol]                       0x08000ab0   Section        0  stm32f4xx_hal_rcc.o(.text.HAL_RCC_OscConfig)
    [Anonymous Symbol]                       0x08000de4   Section        0  stm32f4xx_hal_cortex.o(.text.HAL_SYSTICK_Config)
    [Anonymous Symbol]                       0x08000e10   Section        0  stm32f4xx_it.o(.text.HardFault_Handler)
    [Anonymous Symbol]                       0x08000e14   Section        0  stm32f4xx_it.o(.text.MemManage_Handler)
    [Anonymous Symbol]                       0x08000e18   Section        0  stm32f4xx_it.o(.text.NMI_Handler)
    [Anonymous Symbol]                       0x08000e1c   Section        0  stm32f4xx_it.o(.text.PendSV_Handler)
    [Anonymous Symbol]                       0x08000e20   Section        0  stm32f4xx_it.o(.text.SVC_Handler)
    [Anonymous Symbol]                       0x08000e24   Section        0  stm32f4xx_it.o(.text.SysTick_Handler)
    [Anonymous Symbol]                       0x08000e2c   Section        0  system_stm32f4xx.o(.text.SystemInit)
    USART3_Control                           0x08000e85   Thumb Code  1680  usart_stm32f4xx.o(.text.USART3_Control)
    [Anonymous Symbol]                       0x08000e84   Section        0  usart_stm32f4xx.o(.text.USART3_Control)
    USART3_GetCapabilities                   0x08001515   Thumb Code     6  usart_stm32f4xx.o(.text.USART3_GetCapabilities)
    [Anonymous Symbol]                       0x08001514   Section        0  usart_stm32f4xx.o(.text.USART3_GetCapabilities)
    USART3_GetModemStatus                    0x0800151d   Thumb Code     4  usart_stm32f4xx.o(.text.USART3_GetModemStatus)
    [Anonymous Symbol]                       0x0800151c   Section        0  usart_stm32f4xx.o(.text.USART3_GetModemStatus)
    USART3_GetRxCount                        0x08001521   Thumb Code    12  usart_stm32f4xx.o(.text.USART3_GetRxCount)
    [Anonymous Symbol]                       0x08001520   Section        0  usart_stm32f4xx.o(.text.USART3_GetRxCount)
    USART3_GetStatus                         0x0800152d   Thumb Code   116  usart_stm32f4xx.o(.text.USART3_GetStatus)
    [Anonymous Symbol]                       0x0800152c   Section        0  usart_stm32f4xx.o(.text.USART3_GetStatus)
    USART3_GetTxCount                        0x080015a1   Thumb Code    12  usart_stm32f4xx.o(.text.USART3_GetTxCount)
    [Anonymous Symbol]                       0x080015a0   Section        0  usart_stm32f4xx.o(.text.USART3_GetTxCount)
    [Anonymous Symbol]                       0x080015ac   Section        0  usart_stm32f4xx.o(.text.USART3_IRQHandler)
    USART3_Initialize                        0x080015bd   Thumb Code   102  usart_stm32f4xx.o(.text.USART3_Initialize)
    [Anonymous Symbol]                       0x080015bc   Section        0  usart_stm32f4xx.o(.text.USART3_Initialize)
    USART3_PowerControl                      0x08001625   Thumb Code     8  usart_stm32f4xx.o(.text.USART3_PowerControl)
    [Anonymous Symbol]                       0x08001624   Section        0  usart_stm32f4xx.o(.text.USART3_PowerControl)
    USART3_Receive                           0x0800162d   Thumb Code   178  usart_stm32f4xx.o(.text.USART3_Receive)
    [Anonymous Symbol]                       0x0800162c   Section        0  usart_stm32f4xx.o(.text.USART3_Receive)
    USART3_Send                              0x080016e1   Thumb Code   120  usart_stm32f4xx.o(.text.USART3_Send)
    [Anonymous Symbol]                       0x080016e0   Section        0  usart_stm32f4xx.o(.text.USART3_Send)
    USART3_SetModemControl                   0x08001759   Thumb Code    58  usart_stm32f4xx.o(.text.USART3_SetModemControl)
    [Anonymous Symbol]                       0x08001758   Section        0  usart_stm32f4xx.o(.text.USART3_SetModemControl)
    USART3_Transfer                          0x08001795   Thumb Code   266  usart_stm32f4xx.o(.text.USART3_Transfer)
    [Anonymous Symbol]                       0x08001794   Section        0  usart_stm32f4xx.o(.text.USART3_Transfer)
    USART3_Uninitialize                      0x080018a1   Thumb Code   108  usart_stm32f4xx.o(.text.USART3_Uninitialize)
    [Anonymous Symbol]                       0x080018a0   Section        0  usart_stm32f4xx.o(.text.USART3_Uninitialize)
    [Anonymous Symbol]                       0x0800190c   Section        0  usart_stm32f4xx.o(.text.USART_IRQHandler)
    USART_PowerControl                       0x08001b39   Thumb Code   222  usart_stm32f4xx.o(.text.USART_PowerControl)
    [Anonymous Symbol]                       0x08001b38   Section        0  usart_stm32f4xx.o(.text.USART_PowerControl)
    USARTx_GetVersion                        0x08001c19   Thumb Code    10  usart_stm32f4xx.o(.text.USARTx_GetVersion)
    [Anonymous Symbol]                       0x08001c18   Section        0  usart_stm32f4xx.o(.text.USARTx_GetVersion)
    [Anonymous Symbol]                       0x08001c24   Section        0  stm32f4xx_it.o(.text.UsageFault_Handler)
    [Anonymous Symbol]                       0x08001c28   Section        0  init.o(.text.initITSboard)
    [Anonymous Symbol]                       0x08001d88   Section        0  stdinout_usart.o(.text.stdinout_init)
    i.__scatterload_copy                     0x08001dcc   Section       14  handlers.o(i.__scatterload_copy)
    i.__scatterload_null                     0x08001dda   Section        2  handlers.o(i.__scatterload_null)
    i.__scatterload_zeroinit                 0x08001ddc   Section       14  handlers.o(i.__scatterload_zeroinit)
    USART3_Resources                         0x08001e3c   Data          52  usart_stm32f4xx.o(.rodata.USART3_Resources)
    [Anonymous Symbol]                       0x08001e3c   Section        0  usart_stm32f4xx.o(.rodata.USART3_Resources)
    USART3_rx                                0x08001e70   Data          12  usart_stm32f4xx.o(.rodata.USART3_rx)
    [Anonymous Symbol]                       0x08001e70   Section        0  usart_stm32f4xx.o(.rodata.USART3_rx)
    USART3_tx                                0x08001e7c   Data          12  usart_stm32f4xx.o(.rodata.USART3_tx)
    [Anonymous Symbol]                       0x08001e7c   Section        0  usart_stm32f4xx.o(.rodata.USART3_tx)
    Base                                     0x2000000c   Data           0  main_1.o(MyData)
    MyData                                   0x2000000c   Section       53  main_1.o(MyData)
    USART3_Info                              0x20000090   Data          20  usart_stm32f4xx.o(.bss.USART3_Info)
    [Anonymous Symbol]                       0x20000090   Section        0  usart_stm32f4xx.o(.bss.USART3_Info)
    USART3_TransferInfo                      0x200000a4   Data          36  usart_stm32f4xx.o(.bss.USART3_TransferInfo)
    [Anonymous Symbol]                       0x200000a4   Section        0  usart_stm32f4xx.o(.bss.USART3_TransferInfo)
    STACK                                    0x200000d0   Section     1024  startup_stm32f429xx.o(STACK)

    Global Symbols

    Symbol Name                              Value     Ov Type        Size  Object(Section)

    BuildAttributes$$THM_ISAv4$E$P$D$K$B$S$7EM$VFPi3$EXTD16$VFPS$VFMA$PE$A:L22UL41UL21$X:L11$S22US41US21$IEEE1$IW$~IW$USESV6$~STKCKD$USESV7$~SHL$OTIME$ROPI$IEEEJ$EBA8$MICROLIB$REQ8$PRES8$EABIv2 0x00000000   Number         0  anon$$obj.o ABSOLUTE
    _printf_a                                0x00000000   Number         0  printfstubs.o ABSOLUTE
    _printf_c                                0x00000000   Number         0  printfstubs.o ABSOLUTE
    _printf_charcount                        0x00000000   Number         0  printfstubs.o ABSOLUTE
    _printf_d                                0x00000000   Number         0  printfstubs.o ABSOLUTE
    _printf_e                                0x00000000   Number         0  printfstubs.o ABSOLUTE
    _printf_f                                0x00000000   Number         0  printfstubs.o ABSOLUTE
    _printf_flags                            0x00000000   Number         0  printfstubs.o ABSOLUTE
    _printf_fp_dec                           0x00000000   Number         0  printfstubs.o ABSOLUTE
    _printf_fp_hex                           0x00000000   Number         0  printfstubs.o ABSOLUTE
    _printf_g                                0x00000000   Number         0  printfstubs.o ABSOLUTE
    _printf_i                                0x00000000   Number         0  printfstubs.o ABSOLUTE
    _printf_int_dec                          0x00000000   Number         0  printfstubs.o ABSOLUTE
    _printf_l                                0x00000000   Number         0  printfstubs.o ABSOLUTE
    _printf_lc                               0x00000000   Number         0  printfstubs.o ABSOLUTE
    _printf_ll                               0x00000000   Number         0  printfstubs.o ABSOLUTE
    _printf_lld                              0x00000000   Number         0  printfstubs.o ABSOLUTE
    _printf_lli                              0x00000000   Number         0  printfstubs.o ABSOLUTE
    _printf_llo                              0x00000000   Number         0  printfstubs.o ABSOLUTE
    _printf_llu                              0x00000000   Number         0  printfstubs.o ABSOLUTE
    _printf_llx                              0x00000000   Number         0  printfstubs.o ABSOLUTE
    _printf_longlong_dec                     0x00000000   Number         0  printfstubs.o ABSOLUTE
    _printf_longlong_hex                     0x00000000   Number         0  printfstubs.o ABSOLUTE
    _printf_longlong_oct                     0x00000000   Number         0  printfstubs.o ABSOLUTE
    _printf_ls                               0x00000000   Number         0  printfstubs.o ABSOLUTE
    _printf_mbtowc                           0x00000000   Number         0  printfstubs.o ABSOLUTE
    _printf_n                                0x00000000   Number         0  printfstubs.o ABSOLUTE
    _printf_o                                0x00000000   Number         0  printfstubs.o ABSOLUTE
    _printf_p                                0x00000000   Number         0  printfstubs.o ABSOLUTE
    _printf_percent                          0x00000000   Number         0  printfstubs.o ABSOLUTE
    _printf_pre_padding                      0x00000000   Number         0  printfstubs.o ABSOLUTE
    _printf_return_value                     0x00000000   Number         0  printfstubs.o ABSOLUTE
    _printf_s                                0x00000000   Number         0  printfstubs.o ABSOLUTE
    _printf_sizespec                         0x00000000   Number         0  printfstubs.o ABSOLUTE
    _printf_str                              0x00000000   Number         0  printfstubs.o ABSOLUTE
    _printf_truncate_signed                  0x00000000   Number         0  printfstubs.o ABSOLUTE
    _printf_truncate_unsigned                0x00000000   Number         0  printfstubs.o ABSOLUTE
    _printf_u                                0x00000000   Number         0  printfstubs.o ABSOLUTE
    _printf_wc                               0x00000000   Number         0  printfstubs.o ABSOLUTE
    _printf_wctomb                           0x00000000   Number         0  printfstubs.o ABSOLUTE
    _printf_widthprec                        0x00000000   Number         0  printfstubs.o ABSOLUTE
    _printf_x                                0x00000000   Number         0  printfstubs.o ABSOLUTE
    __cpp_initialize__aeabi_                  - Undefined Weak Reference
    __cxa_finalize                            - Undefined Weak Reference
    __decompress                              - Undefined Weak Reference
    _clock_init                               - Undefined Weak Reference
    _microlib_exit                            - Undefined Weak Reference
    __Vectors_Size                           0x000001ac   Number         0  startup_stm32f429xx.o ABSOLUTE
    __Vectors                                0x08000000   Data           4  startup_stm32f429xx.o(RESET)
    __Vectors_End                            0x080001ac   Data           0  startup_stm32f429xx.o(RESET)
    __main                                   0x080001ad   Thumb Code     0  entry.o(.ARM.Collect$$$$00000000)
    _main_stk                                0x080001ad   Thumb Code     0  entry2.o(.ARM.Collect$$$$00000001)
    _main_scatterload                        0x080001b1   Thumb Code     0  entry5.o(.ARM.Collect$$$$00000004)
    __main_after_scatterload                 0x080001b5   Thumb Code     0  entry5.o(.ARM.Collect$$$$00000004)
    _main_clock                              0x080001b5   Thumb Code     0  entry7b.o(.ARM.Collect$$$$00000008)
    _main_cpp_init                           0x080001b5   Thumb Code     0  entry8b.o(.ARM.Collect$$$$0000000A)
    _main_init                               0x080001b5   Thumb Code     0  entry9a.o(.ARM.Collect$$$$0000000B)
    __rt_final_cpp                           0x080001bd   Thumb Code     0  entry10a.o(.ARM.Collect$$$$0000000D)
    __rt_final_exit                          0x080001bd   Thumb Code     0  entry11a.o(.ARM.Collect$$$$0000000F)
    Reset_Handler                            0x080001c1   Thumb Code     8  startup_stm32f429xx.o(.text)
    ADC_IRQHandler                           0x080001db   Thumb Code     0  startup_stm32f429xx.o(.text)
    CAN1_RX0_IRQHandler                      0x080001db   Thumb Code     0  startup_stm32f429xx.o(.text)
    CAN1_RX1_IRQHandler                      0x080001db   Thumb Code     0  startup_stm32f429xx.o(.text)
    CAN1_SCE_IRQHandler                      0x080001db   Thumb Code     0  startup_stm32f429xx.o(.text)
    CAN1_TX_IRQHandler                       0x080001db   Thumb Code     0  startup_stm32f429xx.o(.text)
    CAN2_RX0_IRQHandler                      0x080001db   Thumb Code     0  startup_stm32f429xx.o(.text)
    CAN2_RX1_IRQHandler                      0x080001db   Thumb Code     0  startup_stm32f429xx.o(.text)
    CAN2_SCE_IRQHandler                      0x080001db   Thumb Code     0  startup_stm32f429xx.o(.text)
    CAN2_TX_IRQHandler                       0x080001db   Thumb Code     0  startup_stm32f429xx.o(.text)
    DCMI_IRQHandler                          0x080001db   Thumb Code     0  startup_stm32f429xx.o(.text)
    DMA1_Stream0_IRQHandler                  0x080001db   Thumb Code     0  startup_stm32f429xx.o(.text)
    DMA1_Stream1_IRQHandler                  0x080001db   Thumb Code     0  startup_stm32f429xx.o(.text)
    DMA1_Stream2_IRQHandler                  0x080001db   Thumb Code     0  startup_stm32f429xx.o(.text)
    DMA1_Stream3_IRQHandler                  0x080001db   Thumb Code     0  startup_stm32f429xx.o(.text)
    DMA1_Stream4_IRQHandler                  0x080001db   Thumb Code     0  startup_stm32f429xx.o(.text)
    DMA1_Stream5_IRQHandler                  0x080001db   Thumb Code     0  startup_stm32f429xx.o(.text)
    DMA1_Stream6_IRQHandler                  0x080001db   Thumb Code     0  startup_stm32f429xx.o(.text)
    DMA1_Stream7_IRQHandler                  0x080001db   Thumb Code     0  startup_stm32f429xx.o(.text)
    DMA2D_IRQHandler                         0x080001db   Thumb Code     0  startup_stm32f429xx.o(.text)
    DMA2_Stream0_IRQHandler                  0x080001db   Thumb Code     0  startup_stm32f429xx.o(.text)
    DMA2_Stream1_IRQHandler                  0x080001db   Thumb Code     0  startup_stm32f429xx.o(.text)
    DMA2_Stream2_IRQHandler                  0x080001db   Thumb Code     0  startup_stm32f429xx.o(.text)
    DMA2_Stream3_IRQHandler                  0x080001db   Thumb Code     0  startup_stm32f429xx.o(.text)
    DMA2_Stream4_IRQHandler                  0x080001db   Thumb Code     0  startup_stm32f429xx.o(.text)
    DMA2_Stream5_IRQHandler                  0x080001db   Thumb Code     0  startup_stm32f429xx.o(.text)
    DMA2_Stream6_IRQHandler                  0x080001db   Thumb Code     0  startup_stm32f429xx.o(.text)
    DMA2_Stream7_IRQHandler                  0x080001db   Thumb Code     0  startup_stm32f429xx.o(.text)
    ETH_WKUP_IRQHandler                      0x080001db   Thumb Code     0  startup_stm32f429xx.o(.text)
    EXTI0_IRQHandler                         0x080001db   Thumb Code     0  startup_stm32f429xx.o(.text)
    EXTI15_10_IRQHandler                     0x080001db   Thumb Code     0  startup_stm32f429xx.o(.text)
    EXTI1_IRQHandler                         0x080001db   Thumb Code     0  startup_stm32f429xx.o(.text)
    EXTI2_IRQHandler                         0x080001db   Thumb Code     0  startup_stm32f429xx.o(.text)
    EXTI3_IRQHandler                         0x080001db   Thumb Code     0  startup_stm32f429xx.o(.text)
    EXTI4_IRQHandler                         0x080001db   Thumb Code     0  startup_stm32f429xx.o(.text)
    EXTI9_5_IRQHandler                       0x080001db   Thumb Code     0  startup_stm32f429xx.o(.text)
    FLASH_IRQHandler                         0x080001db   Thumb Code     0  startup_stm32f429xx.o(.text)
    FMC_IRQHandler                           0x080001db   Thumb Code     0  startup_stm32f429xx.o(.text)
    FPU_IRQHandler                           0x080001db   Thumb Code     0  startup_stm32f429xx.o(.text)
    HASH_RNG_IRQHandler                      0x080001db   Thumb Code     0  startup_stm32f429xx.o(.text)
    I2C1_ER_IRQHandler                       0x080001db   Thumb Code     0  startup_stm32f429xx.o(.text)
    I2C1_EV_IRQHandler                       0x080001db   Thumb Code     0  startup_stm32f429xx.o(.text)
    I2C2_ER_IRQHandler                       0x080001db   Thumb Code     0  startup_stm32f429xx.o(.text)
    I2C2_EV_IRQHandler                       0x080001db   Thumb Code     0  startup_stm32f429xx.o(.text)
    I2C3_ER_IRQHandler                       0x080001db   Thumb Code     0  startup_stm32f429xx.o(.text)
    I2C3_EV_IRQHandler                       0x080001db   Thumb Code     0  startup_stm32f429xx.o(.text)
    LTDC_ER_IRQHandler                       0x080001db   Thumb Code     0  startup_stm32f429xx.o(.text)
    LTDC_IRQHandler                          0x080001db   Thumb Code     0  startup_stm32f429xx.o(.text)
    OTG_FS_IRQHandler                        0x080001db   Thumb Code     0  startup_stm32f429xx.o(.text)
    OTG_FS_WKUP_IRQHandler                   0x080001db   Thumb Code     0  startup_stm32f429xx.o(.text)
    OTG_HS_EP1_IN_IRQHandler                 0x080001db   Thumb Code     0  startup_stm32f429xx.o(.text)
    OTG_HS_EP1_OUT_IRQHandler                0x080001db   Thumb Code     0  startup_stm32f429xx.o(.text)
    OTG_HS_IRQHandler                        0x080001db   Thumb Code     0  startup_stm32f429xx.o(.text)
    OTG_HS_WKUP_IRQHandler                   0x080001db   Thumb Code     0  startup_stm32f429xx.o(.text)
    PVD_IRQHandler                           0x080001db   Thumb Code     0  startup_stm32f429xx.o(.text)
    RCC_IRQHandler                           0x080001db   Thumb Code     0  startup_stm32f429xx.o(.text)
    RTC_Alarm_IRQHandler                     0x080001db   Thumb Code     0  startup_stm32f429xx.o(.text)
    RTC_WKUP_IRQHandler                      0x080001db   Thumb Code     0  startup_stm32f429xx.o(.text)
    SAI1_IRQHandler                          0x080001db   Thumb Code     0  startup_stm32f429xx.o(.text)
    SDIO_IRQHandler                          0x080001db   Thumb Code     0  startup_stm32f429xx.o(.text)
    SPI1_IRQHandler                          0x080001db   Thumb Code     0  startup_stm32f429xx.o(.text)
    SPI2_IRQHandler                          0x080001db   Thumb Code     0  startup_stm32f429xx.o(.text)
    SPI3_IRQHandler                          0x080001db   Thumb Code     0  startup_stm32f429xx.o(.text)
    SPI4_IRQHandler                          0x080001db   Thumb Code     0  startup_stm32f429xx.o(.text)
    SPI5_IRQHandler                          0x080001db   Thumb Code     0  startup_stm32f429xx.o(.text)
    SPI6_IRQHandler                          0x080001db   Thumb Code     0  startup_stm32f429xx.o(.text)
    TAMP_STAMP_IRQHandler                    0x080001db   Thumb Code     0  startup_stm32f429xx.o(.text)
    TIM1_BRK_TIM9_IRQHandler                 0x080001db   Thumb Code     0  startup_stm32f429xx.o(.text)
    TIM1_CC_IRQHandler                       0x080001db   Thumb Code     0  startup_stm32f429xx.o(.text)
    TIM1_TRG_COM_TIM11_IRQHandler            0x080001db   Thumb Code     0  startup_stm32f429xx.o(.text)
    TIM1_UP_TIM10_IRQHandler                 0x080001db   Thumb Code     0  startup_stm32f429xx.o(.text)
    TIM2_IRQHandler                          0x080001db   Thumb Code     0  startup_stm32f429xx.o(.text)
    TIM3_IRQHandler                          0x080001db   Thumb Code     0  startup_stm32f429xx.o(.text)
    TIM4_IRQHandler                          0x080001db   Thumb Code     0  startup_stm32f429xx.o(.text)
    TIM5_IRQHandler                          0x080001db   Thumb Code     0  startup_stm32f429xx.o(.text)
    TIM6_DAC_IRQHandler                      0x080001db   Thumb Code     0  startup_stm32f429xx.o(.text)
    TIM7_IRQHandler                          0x080001db   Thumb Code     0  startup_stm32f429xx.o(.text)
    TIM8_BRK_TIM12_IRQHandler                0x080001db   Thumb Code     0  startup_stm32f429xx.o(.text)
    TIM8_CC_IRQHandler                       0x080001db   Thumb Code     0  startup_stm32f429xx.o(.text)
    TIM8_TRG_COM_TIM14_IRQHandler            0x080001db   Thumb Code     0  startup_stm32f429xx.o(.text)
    TIM8_UP_TIM13_IRQHandler                 0x080001db   Thumb Code     0  startup_stm32f429xx.o(.text)
    UART4_IRQHandler                         0x080001db   Thumb Code     0  startup_stm32f429xx.o(.text)
    UART5_IRQHandler                         0x080001db   Thumb Code     0  startup_stm32f429xx.o(.text)
    UART7_IRQHandler                         0x080001db   Thumb Code     0  startup_stm32f429xx.o(.text)
    UART8_IRQHandler                         0x080001db   Thumb Code     0  startup_stm32f429xx.o(.text)
    USART1_IRQHandler                        0x080001db   Thumb Code     0  startup_stm32f429xx.o(.text)
    USART2_IRQHandler                        0x080001db   Thumb Code     0  startup_stm32f429xx.o(.text)
    USART6_IRQHandler                        0x080001db   Thumb Code     0  startup_stm32f429xx.o(.text)
    WWDG_IRQHandler                          0x080001db   Thumb Code     0  startup_stm32f429xx.o(.text)
    main                                     0x080001e9   Thumb Code    76  main_1.o(.text)
    __aeabi_uldivmod                         0x08000249   Thumb Code    98  uldiv.o(.text)
    __aeabi_memset                           0x080002ab   Thumb Code    14  memseta.o(.text)
    __aeabi_memset4                          0x080002ab   Thumb Code     0  memseta.o(.text)
    __aeabi_memset8                          0x080002ab   Thumb Code     0  memseta.o(.text)
    __aeabi_memclr                           0x080002b9   Thumb Code     4  memseta.o(.text)
    __aeabi_memclr4                          0x080002b9   Thumb Code     0  memseta.o(.text)
    __aeabi_memclr8                          0x080002b9   Thumb Code     0  memseta.o(.text)
    _memset$wrapper                          0x080002bd   Thumb Code    18  memseta.o(.text)
    __aeabi_llsl                             0x080002cf   Thumb Code    30  llshl.o(.text)
    _ll_shift_l                              0x080002cf   Thumb Code     0  llshl.o(.text)
    __aeabi_llsr                             0x080002ed   Thumb Code    32  llushr.o(.text)
    _ll_ushift_r                             0x080002ed   Thumb Code     0  llushr.o(.text)
    __scatterload                            0x0800030d   Thumb Code    28  init.o(.text)
    __scatterload_rt2                        0x0800030d   Thumb Code     0  init.o(.text)
    BusFault_Handler                         0x08000331   Thumb Code     2  stm32f4xx_it.o(.text.BusFault_Handler)
    DebugMon_Handler                         0x08000335   Thumb Code     2  stm32f4xx_it.o(.text.DebugMon_Handler)
    ETH_IRQHandler                           0x08000339   Thumb Code    16  stm32f4xx_it.o(.text.ETH_IRQHandler)
    Error_Handler                            0x08000349   Thumb Code   122  error.o(.text.Error_Handler)
    HAL_ETH_ErrorCallback                    0x080003c5   Thumb Code     2  stm32f4xx_hal_eth.o(.text.HAL_ETH_ErrorCallback)
    HAL_ETH_IRQHandler                       0x080003c9   Thumb Code   110  stm32f4xx_hal_eth.o(.text.HAL_ETH_IRQHandler)
    HAL_ETH_RxCpltCallback                   0x08000439   Thumb Code     2  stm32f4xx_hal_eth.o(.text.HAL_ETH_RxCpltCallback)
    HAL_ETH_TxCpltCallback                   0x0800043d   Thumb Code     2  stm32f4xx_hal_eth.o(.text.HAL_ETH_TxCpltCallback)
    HAL_GPIO_DeInit                          0x08000441   Thumb Code   262  stm32f4xx_hal_gpio.o(.text.HAL_GPIO_DeInit)
    HAL_GPIO_Init                            0x08000549   Thumb Code   412  stm32f4xx_hal_gpio.o(.text.HAL_GPIO_Init)
    HAL_GPIO_TogglePin                       0x080006e5   Thumb Code    14  stm32f4xx_hal_gpio.o(.text.HAL_GPIO_TogglePin)
    HAL_GetTick                              0x080006f5   Thumb Code    12  stm32f4xx_hal.o(.text.HAL_GetTick)
    HAL_IncTick                              0x08000701   Thumb Code    26  stm32f4xx_hal.o(.text.HAL_IncTick)
    HAL_Init                                 0x0800071d   Thumb Code    46  stm32f4xx_hal.o(.text.HAL_Init)
    HAL_InitTick                             0x0800074d   Thumb Code    80  stm32f4xx_hal.o(.text.HAL_InitTick)
    HAL_MspInit                              0x0800079d   Thumb Code     2  stm32f4xx_hal.o(.text.HAL_MspInit)
    HAL_NVIC_DisableIRQ                      0x080007a1   Thumb Code    40  stm32f4xx_hal_cortex.o(.text.HAL_NVIC_DisableIRQ)
    HAL_NVIC_SetPriority                     0x080007c9   Thumb Code    86  stm32f4xx_hal_cortex.o(.text.HAL_NVIC_SetPriority)
    HAL_NVIC_SetPriorityGrouping             0x08000821   Thumb Code    32  stm32f4xx_hal_cortex.o(.text.HAL_NVIC_SetPriorityGrouping)
    HAL_PWREx_EnableOverDrive                0x08000841   Thumb Code   122  stm32f4xx_hal_pwr_ex.o(.text.HAL_PWREx_EnableOverDrive)
    HAL_RCC_ClockConfig                      0x080008bd   Thumb Code   352  stm32f4xx_hal_rcc.o(.text.HAL_RCC_ClockConfig)
    HAL_RCC_GetPCLK1Freq                     0x08000a1d   Thumb Code    38  stm32f4xx_hal_rcc.o(.text.HAL_RCC_GetPCLK1Freq)
    HAL_RCC_GetSysClockFreq                  0x08000a45   Thumb Code   106  stm32f4xx_hal_rcc.o(.text.HAL_RCC_GetSysClockFreq)
    HAL_RCC_OscConfig                        0x08000ab1   Thumb Code   820  stm32f4xx_hal_rcc.o(.text.HAL_RCC_OscConfig)
    HAL_SYSTICK_Config                       0x08000de5   Thumb Code    44  stm32f4xx_hal_cortex.o(.text.HAL_SYSTICK_Config)
    HardFault_Handler                        0x08000e11   Thumb Code     2  stm32f4xx_it.o(.text.HardFault_Handler)
    MemManage_Handler                        0x08000e15   Thumb Code     2  stm32f4xx_it.o(.text.MemManage_Handler)
    NMI_Handler                              0x08000e19   Thumb Code     2  stm32f4xx_it.o(.text.NMI_Handler)
    PendSV_Handler                           0x08000e1d   Thumb Code     2  stm32f4xx_it.o(.text.PendSV_Handler)
    SVC_Handler                              0x08000e21   Thumb Code     2  stm32f4xx_it.o(.text.SVC_Handler)
    SysTick_Handler                          0x08000e25   Thumb Code     8  stm32f4xx_it.o(.text.SysTick_Handler)
    SystemInit                               0x08000e2d   Thumb Code    86  system_stm32f4xx.o(.text.SystemInit)
    USART3_IRQHandler                        0x080015ad   Thumb Code    16  usart_stm32f4xx.o(.text.USART3_IRQHandler)
    USART_IRQHandler                         0x0800190d   Thumb Code   554  usart_stm32f4xx.o(.text.USART_IRQHandler)
    UsageFault_Handler                       0x08001c25   Thumb Code     2  stm32f4xx_it.o(.text.UsageFault_Handler)
    initITSboard                             0x08001c29   Thumb Code   352  init.o(.text.initITSboard)
    stdinout_init                            0x08001d89   Thumb Code    68  stdinout_usart.o(.text.stdinout_init)
    __scatterload_copy                       0x08001dcd   Thumb Code    14  handlers.o(i.__scatterload_copy)
    __scatterload_null                       0x08001ddb   Thumb Code     2  handlers.o(i.__scatterload_null)
    __scatterload_zeroinit                   0x08001ddd   Thumb Code    14  handlers.o(i.__scatterload_zeroinit)
    AHBPrescTable                            0x08001dea   Data          16  system_stm32f4xx.o(.rodata.AHBPrescTable)
    APBPrescTable                            0x08001dfa   Data           8  system_stm32f4xx.o(.rodata.APBPrescTable)
    Driver_USART3                            0x08001e04   Data          56  usart_stm32f4xx.o(.rodata.Driver_USART3)
    Region$$Table$$Base                      0x08001e88   Number         0  anon$$obj.o(Region$$Table)
    Region$$Table$$Limit                     0x08001ea8   Number         0  anon$$obj.o(Region$$Table)
    SystemCoreClock                          0x20000000   Data           4  system_stm32f4xx.o(.data.SystemCoreClock)
    uwTickFreq                               0x20000004   Data           1  stm32f4xx_hal.o(.data.uwTickFreq)
    uwTickPrio                               0x20000008   Data           4  stm32f4xx_hal.o(.data.uwTickPrio)
    VariableA                                0x2000000c   Data           2  main_1.o(MyData)
    VariableB                                0x2000000e   Data           2  main_1.o(MyData)
    VariableC                                0x20000010   Data           4  main_1.o(MyData)
    MeinHalbwortFeld                         0x20000014   Data          12  main_1.o(MyData)
    MeinWortFeld                             0x20000020   Data           8  main_1.o(MyData)
    MeinTextFeld                             0x20000038   Data           9  main_1.o(MyData)
    EthHandle                                0x20000048   Data          72  stm32f4xx_it.o(.bss.EthHandle)
    uwTick                                   0x200000c8   Data           4  stm32f4xx_hal.o(.bss.uwTick)
    __initial_sp                             0x200004d0   Data           0  startup_stm32f429xx.o(STACK)



==============================================================================

Memory Map of the image

  Image Entry point : 0x080001ad

  Load Region LR_IROM1 (Base: 0x08000000, Size: 0x00001ef0, Max: 0x00200000, ABSOLUTE)

    Execution Region ER_IROM1 (Exec base: 0x08000000, Load base: 0x08000000, Size: 0x00001ea8, Max: 0x00200000, ABSOLUTE)

    Exec Addr    Load Addr    Size         Type   Attr      Idx    E Section Name        Object

    0x08000000   0x08000000   0x000001ac   Data   RO           99    RESET               startup_stm32f429xx.o
    0x080001ac   0x080001ac   0x00000000   Code   RO         1442  * .ARM.Collect$$$$00000000  mc_w.l(entry.o)
    0x080001ac   0x080001ac   0x00000004   Code   RO         1737    .ARM.Collect$$$$00000001  mc_w.l(entry2.o)
    0x080001b0   0x080001b0   0x00000004   Code   RO         1740    .ARM.Collect$$$$00000004  mc_w.l(entry5.o)
    0x080001b4   0x080001b4   0x00000000   Code   RO         1742    .ARM.Collect$$$$00000008  mc_w.l(entry7b.o)
    0x080001b4   0x080001b4   0x00000000   Code   RO         1744    .ARM.Collect$$$$0000000A  mc_w.l(entry8b.o)
    0x080001b4   0x080001b4   0x00000008   Code   RO         1745    .ARM.Collect$$$$0000000B  mc_w.l(entry9a.o)
    0x080001bc   0x080001bc   0x00000000   Code   RO         1747    .ARM.Collect$$$$0000000D  mc_w.l(entry10a.o)
    0x080001bc   0x080001bc   0x00000000   Code   RO         1749    .ARM.Collect$$$$0000000F  mc_w.l(entry11a.o)
    0x080001bc   0x080001bc   0x00000004   Code   RO         1738    .ARM.Collect$$$$00002712  mc_w.l(entry2.o)
    0x080001c0   0x080001c0   0x00000024   Code   RO          100    .text               startup_stm32f429xx.o
    0x080001e4   0x080001e4   0x00000004   PAD
    0x080001e8   0x080001e8   0x00000060   Code   RO         1432    .text               main_1.o
    0x08000248   0x08000248   0x00000062   Code   RO         1460    .text               mc_w.l(uldiv.o)
    0x080002aa   0x080002aa   0x00000024   Code   RO         1466    .text               mc_w.l(memseta.o)
    0x080002ce   0x080002ce   0x0000001e   Code   RO         1762    .text               mc_w.l(llshl.o)
    0x080002ec   0x080002ec   0x00000020   Code   RO         1764    .text               mc_w.l(llushr.o)
    0x0800030c   0x0800030c   0x00000024   Code   RO         1788    .text               mc_w.l(init.o)
    0x08000330   0x08000330   0x00000002   Code   RO           76    .text.BusFault_Handler  stm32f4xx_it.o
    0x08000332   0x08000332   0x00000002   PAD
    0x08000334   0x08000334   0x00000002   Code   RO           82    .text.DebugMon_Handler  stm32f4xx_it.o
    0x08000336   0x08000336   0x00000002   PAD
    0x08000338   0x08000338   0x00000010   Code   RO           88    .text.ETH_IRQHandler  stm32f4xx_it.o
    0x08000348   0x08000348   0x0000007a   Code   RO         1253    .text.Error_Handler  error.o
    0x080003c2   0x080003c2   0x00000002   PAD
    0x080003c4   0x080003c4   0x00000002   Code   RO          285    .text.HAL_ETH_ErrorCallback  stm32f4xx_hal_eth.o
    0x080003c6   0x080003c6   0x00000002   PAD
    0x080003c8   0x080003c8   0x0000006e   Code   RO          279    .text.HAL_ETH_IRQHandler  stm32f4xx_hal_eth.o
    0x08000436   0x08000436   0x00000002   PAD
    0x08000438   0x08000438   0x00000002   Code   RO          281    .text.HAL_ETH_RxCpltCallback  stm32f4xx_hal_eth.o
    0x0800043a   0x0800043a   0x00000002   PAD
    0x0800043c   0x0800043c   0x00000002   Code   RO          283    .text.HAL_ETH_TxCpltCallback  stm32f4xx_hal_eth.o
    0x0800043e   0x0800043e   0x00000002   PAD
    0x08000440   0x08000440   0x00000106   Code   RO          307    .text.HAL_GPIO_DeInit  stm32f4xx_hal_gpio.o
    0x08000546   0x08000546   0x00000002   PAD
    0x08000548   0x08000548   0x0000019c   Code   RO          305    .text.HAL_GPIO_Init  stm32f4xx_hal_gpio.o
    0x080006e4   0x080006e4   0x0000000e   Code   RO          313    .text.HAL_GPIO_TogglePin  stm32f4xx_hal_gpio.o
    0x080006f2   0x080006f2   0x00000002   PAD
    0x080006f4   0x080006f4   0x0000000c   Code   RO          119    .text.HAL_GetTick   stm32f4xx_hal.o
    0x08000700   0x08000700   0x0000001a   Code   RO          117    .text.HAL_IncTick   stm32f4xx_hal.o
    0x0800071a   0x0800071a   0x00000002   PAD
    0x0800071c   0x0800071c   0x0000002e   Code   RO          107    .text.HAL_Init      stm32f4xx_hal.o
    0x0800074a   0x0800074a   0x00000002   PAD
    0x0800074c   0x0800074c   0x00000050   Code   RO          109    .text.HAL_InitTick  stm32f4xx_hal.o
    0x0800079c   0x0800079c   0x00000002   Code   RO          111    .text.HAL_MspInit   stm32f4xx_hal.o
    0x0800079e   0x0800079e   0x00000002   PAD
    0x080007a0   0x080007a0   0x00000028   Code   RO          182    .text.HAL_NVIC_DisableIRQ  stm32f4xx_hal_cortex.o
    0x080007c8   0x080007c8   0x00000056   Code   RO          178    .text.HAL_NVIC_SetPriority  stm32f4xx_hal_cortex.o
    0x0800081e   0x0800081e   0x00000002   PAD
    0x08000820   0x08000820   0x00000020   Code   RO          176    .text.HAL_NVIC_SetPriorityGrouping  stm32f4xx_hal_cortex.o
    0x08000840   0x08000840   0x0000007a   Code   RO          383    .text.HAL_PWREx_EnableOverDrive  stm32f4xx_hal_pwr_ex.o
    0x080008ba   0x080008ba   0x00000002   PAD
    0x080008bc   0x080008bc   0x00000160   Code   RO          401    .text.HAL_RCC_ClockConfig  stm32f4xx_hal_rcc.o
    0x08000a1c   0x08000a1c   0x00000026   Code   RO          413    .text.HAL_RCC_GetPCLK1Freq  stm32f4xx_hal_rcc.o
    0x08000a42   0x08000a42   0x00000002   PAD
    0x08000a44   0x08000a44   0x0000006a   Code   RO          403    .text.HAL_RCC_GetSysClockFreq  stm32f4xx_hal_rcc.o
    0x08000aae   0x08000aae   0x00000002   PAD
    0x08000ab0   0x08000ab0   0x00000334   Code   RO          399    .text.HAL_RCC_OscConfig  stm32f4xx_hal_rcc.o
    0x08000de4   0x08000de4   0x0000002c   Code   RO          188    .text.HAL_SYSTICK_Config  stm32f4xx_hal_cortex.o
    0x08000e10   0x08000e10   0x00000002   Code   RO           72    .text.HardFault_Handler  stm32f4xx_it.o
    0x08000e12   0x08000e12   0x00000002   PAD
    0x08000e14   0x08000e14   0x00000002   Code   RO           74    .text.MemManage_Handler  stm32f4xx_it.o
    0x08000e16   0x08000e16   0x00000002   PAD
    0x08000e18   0x08000e18   0x00000002   Code   RO           70    .text.NMI_Handler   stm32f4xx_it.o
    0x08000e1a   0x08000e1a   0x00000002   PAD
    0x08000e1c   0x08000e1c   0x00000002   Code   RO           84    .text.PendSV_Handler  stm32f4xx_it.o
    0x08000e1e   0x08000e1e   0x00000002   PAD
    0x08000e20   0x08000e20   0x00000002   Code   RO           80    .text.SVC_Handler   stm32f4xx_it.o
    0x08000e22   0x08000e22   0x00000002   PAD
    0x08000e24   0x08000e24   0x00000008   Code   RO           86    .text.SysTick_Handler  stm32f4xx_it.o
    0x08000e2c   0x08000e2c   0x00000056   Code   RO           55    .text.SystemInit    system_stm32f4xx.o
    0x08000e82   0x08000e82   0x00000002   PAD
    0x08000e84   0x08000e84   0x00000690   Code   RO         1408    .text.USART3_Control  usart_stm32f4xx.o
    0x08001514   0x08001514   0x00000006   Code   RO         1390    .text.USART3_GetCapabilities  usart_stm32f4xx.o
    0x0800151a   0x0800151a   0x00000002   PAD
    0x0800151c   0x0800151c   0x00000004   Code   RO         1414    .text.USART3_GetModemStatus  usart_stm32f4xx.o
    0x08001520   0x08001520   0x0000000c   Code   RO         1406    .text.USART3_GetRxCount  usart_stm32f4xx.o
    0x0800152c   0x0800152c   0x00000074   Code   RO         1410    .text.USART3_GetStatus  usart_stm32f4xx.o
    0x080015a0   0x080015a0   0x0000000c   Code   RO         1404    .text.USART3_GetTxCount  usart_stm32f4xx.o
    0x080015ac   0x080015ac   0x00000010   Code   RO         1386    .text.USART3_IRQHandler  usart_stm32f4xx.o
    0x080015bc   0x080015bc   0x00000066   Code   RO         1392    .text.USART3_Initialize  usart_stm32f4xx.o
    0x08001622   0x08001622   0x00000002   PAD
    0x08001624   0x08001624   0x00000008   Code   RO         1396    .text.USART3_PowerControl  usart_stm32f4xx.o
    0x0800162c   0x0800162c   0x000000b2   Code   RO         1400    .text.USART3_Receive  usart_stm32f4xx.o
    0x080016de   0x080016de   0x00000002   PAD
    0x080016e0   0x080016e0   0x00000078   Code   RO         1398    .text.USART3_Send   usart_stm32f4xx.o
    0x08001758   0x08001758   0x0000003a   Code   RO         1412    .text.USART3_SetModemControl  usart_stm32f4xx.o
    0x08001792   0x08001792   0x00000002   PAD
    0x08001794   0x08001794   0x0000010a   Code   RO         1402    .text.USART3_Transfer  usart_stm32f4xx.o
    0x0800189e   0x0800189e   0x00000002   PAD
    0x080018a0   0x080018a0   0x0000006c   Code   RO         1394    .text.USART3_Uninitialize  usart_stm32f4xx.o
    0x0800190c   0x0800190c   0x0000022a   Code   RO         1384    .text.USART_IRQHandler  usart_stm32f4xx.o
    0x08001b36   0x08001b36   0x00000002   PAD
    0x08001b38   0x08001b38   0x000000de   Code   RO         1416    .text.USART_PowerControl  usart_stm32f4xx.o
    0x08001c16   0x08001c16   0x00000002   PAD
    0x08001c18   0x08001c18   0x0000000a   Code   RO         1388    .text.USARTx_GetVersion  usart_stm32f4xx.o
    0x08001c22   0x08001c22   0x00000002   PAD
    0x08001c24   0x08001c24   0x00000002   Code   RO           78    .text.UsageFault_Handler  stm32f4xx_it.o
    0x08001c26   0x08001c26   0x00000002   PAD
    0x08001c28   0x08001c28   0x00000160   Code   RO         1261    .text.initITSboard  init.o
    0x08001d88   0x08001d88   0x00000044   Code   RO         1338    .text.stdinout_init  stdinout_usart.o
    0x08001dcc   0x08001dcc   0x0000000e   Code   RO         1794    i.__scatterload_copy  mc_w.l(handlers.o)
    0x08001dda   0x08001dda   0x00000002   Code   RO         1795    i.__scatterload_null  mc_w.l(handlers.o)
    0x08001ddc   0x08001ddc   0x0000000e   Code   RO         1796    i.__scatterload_zeroinit  mc_w.l(handlers.o)
    0x08001dea   0x08001dea   0x00000010   Data   RO           60    .rodata.AHBPrescTable  system_stm32f4xx.o
    0x08001dfa   0x08001dfa   0x00000008   Data   RO           61    .rodata.APBPrescTable  system_stm32f4xx.o
    0x08001e02   0x08001e02   0x00000002   PAD
    0x08001e04   0x08001e04   0x00000038   Data   RO         1418    .rodata.Driver_USART3  usart_stm32f4xx.o
    0x08001e3c   0x08001e3c   0x00000034   Data   RO         1423    .rodata.USART3_Resources  usart_stm32f4xx.o
    0x08001e70   0x08001e70   0x0000000c   Data   RO         1420    .rodata.USART3_rx   usart_stm32f4xx.o
    0x08001e7c   0x08001e7c   0x0000000c   Data   RO         1419    .rodata.USART3_tx   usart_stm32f4xx.o
    0x08001e88   0x08001e88   0x00000020   Data   RO         1793    Region$$Table       anon$$obj.o


    Execution Region RW_IRAM1 (Exec base: 0x20000000, Load base: 0x08001ea8, Size: 0x000004d0, Max: 0x00030000, ABSOLUTE)

    Exec Addr    Load Addr    Size         Type   Attr      Idx    E Section Name        Object

    0x20000000   0x08001ea8   0x00000004   Data   RW           59    .data.SystemCoreClock  system_stm32f4xx.o
    0x20000004   0x08001eac   0x00000001   Data   RW          166    .data.uwTickFreq    stm32f4xx_hal.o
    0x20000005   0x08001ead   0x00000003   PAD
    0x20000008   0x08001eb0   0x00000004   Data   RW          165    .data.uwTickPrio    stm32f4xx_hal.o
    0x2000000c   0x08001eb4   0x00000035   Data   RW         1431    MyData              main_1.o
    0x20000041   0x08001ee9   0x00000007   PAD
    0x20000048        -       0x00000048   Zero   RW           90    .bss.EthHandle      stm32f4xx_it.o
    0x20000090        -       0x00000014   Zero   RW         1421    .bss.USART3_Info    usart_stm32f4xx.o
    0x200000a4        -       0x00000024   Zero   RW         1422    .bss.USART3_TransferInfo  usart_stm32f4xx.o
    0x200000c8        -       0x00000004   Zero   RW          167    .bss.uwTick         stm32f4xx_hal.o
    0x200000cc   0x08001ee9   0x00000004   PAD
    0x200000d0        -       0x00000400   Zero   RW           97    STACK               startup_stm32f429xx.o


==============================================================================

Image component sizes


      Code (inc. data)   RO Data    RW Data    ZI Data      Debug   Object Name

       122          0          0          0          0       2115   error.o
       352          0          0          0          0       3431   init.o
        96         20          0         53          0        356   main_1.o
        36          8        428          0       1024        888   startup_stm32f429xx.o
        68          0          0          0          0       1377   stdinout_usart.o
       166          0          0          5          4       7751   stm32f4xx_hal.o
       202          0          0          0          0      10770   stm32f4xx_hal_cortex.o
       116          0          0          0          0      18835   stm32f4xx_hal_eth.o
       688          0          0          0          0       5267   stm32f4xx_hal_gpio.o
       122          0          0          0          0       4646   stm32f4xx_hal_pwr_ex.o
      1316          0          0          0          0       7470   stm32f4xx_hal_rcc.o
        40          0          0          0         72       4605   stm32f4xx_it.o
        86          0         24          4          0       2751   system_stm32f4xx.o
      3472         50        132          0         56      19927   usart_stm32f4xx.o

    ----------------------------------------------------------------------
      6948         82        618         68       1164      90189   Object Totals
         0          0         32          0          0          0   (incl. Generated)
        66          4          2          6          8          0   (incl. Padding)

    ----------------------------------------------------------------------

      Code (inc. data)   RO Data    RW Data    ZI Data      Debug   Library Member Name

         0          0          0          0          0          0   entry.o
         0          0          0          0          0          0   entry10a.o
         0          0          0          0          0          0   entry11a.o
         8          4          0          0          0          0   entry2.o
         4          0          0          0          0          0   entry5.o
         0          0          0          0          0          0   entry7b.o
         0          0          0          0          0          0   entry8b.o
         8          4          0          0          0          0   entry9a.o
        30          0          0          0          0          0   handlers.o
        36          8          0          0          0         68   init.o
        30          0          0          0          0         68   llshl.o
        32          0          0          0          0         68   llushr.o
        36          0          0          0          0        108   memseta.o
        98          0          0          0          0         92   uldiv.o

    ----------------------------------------------------------------------
       282         16          0          0          0        404   Library Totals
         0          0          0          0          0          0   (incl. Padding)

    ----------------------------------------------------------------------

      Code (inc. data)   RO Data    RW Data    ZI Data      Debug   Library Name

       282         16          0          0          0        404   mc_w.l

    ----------------------------------------------------------------------
       282         16          0          0          0        404   Library Totals

    ----------------------------------------------------------------------

==============================================================================


      Code (inc. data)   RO Data    RW Data    ZI Data      Debug   

      7230         98        618         68       1164      90373   Grand Totals
      7230         98        618         68       1164      90373   ELF Image Totals
      7230         98        618         68          0          0   ROM Totals

==============================================================================

    Total RO  Size (Code + RO Data)                 7848 (   7.66kB)
    Total RW  Size (RW Data + ZI Data)              1232 (   1.20kB)
    Total ROM Size (Code + RO Data + RW Data)       7916 (   7.73kB)

==============================================================================

