<html>
<body>
<pre>
<h1>µVision Build Log</h1>
<h2>Tool Versions:</h2>
IDE-Version: µVision V5.37.0.0
Copyright (C) 2022 ARM Ltd and ARM Germany GmbH. All rights reserved.
License Information: Jan-Hendrik Struve, HAW Hamburg, LIC=----
 
Tool Versions:
Toolchain:       MDK-Lite  Version: 5.37.0.0
Toolchain Path:  C:\Keil_v5\ARM\ARMCLANG\Bin
C Compiler:      ArmClang.exe V6.18
Assembler:       Armasm.exe V6.18
Linker/Locator:  ArmLink.exe V6.18
Library Manager: ArmAr.exe V6.18
Hex Converter:   FromElf.exe V6.18
CPU DLL:         SARMCM3.DLL V5.37.0.0
Dialog DLL:      DCM.DLL V1.17.5.0
Target DLL:      STLink\ST-LINKIII-KEIL_SWO.dll V3.0.9.0
Dialog DLL:      TCM.DLL V1.56.1.0
 
<h2>Project:</h2>
C:\haw\its-brd-struve\Programs\aufgabe_7\aufgabe_7.uvprojx
Project File Date:  12/07/2022

<h2>Output:</h2>
*** Using Compiler 'V6.18', folder: 'C:\Keil_v5\ARM\ARMCLANG\Bin'
Rebuild target 'ITSboard Assembler'
Note: source file '.\main.s' - object file renamed from '.\ITSboard\main.o' to '.\ITSboard\main_1.o
assembling startup_stm32f429xx.s...
compiling stm32f4xx_it.c...
compiling system_stm32f4xx.c...
compiling stm32f4xx_hal.c...
compiling stm32f4xx_hal_cortex.c...
compiling stm32f4xx_nucleo_144.c...
compiling stm32f4xx_hal_dma.c...
compiling stm32f4xx_hal_pwr.c...
compiling stm32f4xx_hal_pwr_ex.c...
compiling stm32f4xx_hal_gpio.c...
compiling stm32f4xx_hal_eth.c...
compiling stm32f4xx_hal_rcc.c...
compiling font8.c...
compiling font12.c...
compiling font16.c...
compiling font20.c...
compiling font24.c...
compiling Consolas40.c...
compiling Consolas60.c...
compiling stm32f4xx_hal_tim_ex.c...
compiling stm32f4xx_hal_spi.c...
compiling ConsolasBold40.c...
compiling Consolas80.c...
compiling stm32f4xx_hal_tim.c...
compiling ConsolasBold60.c...
compiling Consolas90.c...
compiling CourierNew48.c...
compiling ConsolasBold80.c...
compiling CourierNewBold40.c...
compiling ConsolasBold90.c...
compiling FiraMono40.c...
compiling CourierNewBold60.c...
compiling FiraMono60.c...
compiling FiraMonoMedium40.c...
compiling fontsFLASH.c...
compiling FiraMono80.c...
compiling FiraMonoMedium60.c...
compiling FiraMono90.c...
compiling FiraMonoMedium80.c...
compiling LCD_Driver.c...
compiling FiraMonoMedium90.c...
compiling LCD_SPI.c...
compiling LCD_GUI.c...
compiling LCD_GPIO.c...
compiling LCD_Touch.c...
compiling LCD_TIM.c...
compiling LCD_Tools.c...
compiling LCD_Debug.c...
compiling LCD_Demos.c...
compiling delay.c...
compiling testsoftware.c...
compiling error.c...
compiling retarget_io.c...
compiling lcd.c...
compiling stdinout_USART.c...
compiling keypad.c...
compiling init.c...
compiling terminal.c...
assembling main.s...
main.s(163): warning: A1488W: PROC/FUNC at line 81 in 'main.s' without matching ENDP/ENDFUNC
main.s(173): warning: A1464W: ENDP/ENDFUNC without corresponding PROC/FUNC
compiling timer.c...
compiling USART_STM32F4xx.c...
linking...
Program Size: Code=15572 RO-data=948 RW-data=60 ZI-data=1252  
".\ITSboard\ITSboard.axf" - 0 Error(s), 2 Warning(s).

<h2>Software Packages used:</h2>

Package Vendor: ARM
                http://www.keil.com/pack/ARM.CMSIS.5.9.0.pack
                ARM.CMSIS.5.9.0
                CMSIS (Common Microcontroller Software Interface Standard)
   * Component: CORE Version: 5.6.0

Package Vendor: Keil
                http://www.keil.com/pack/Keil.STM32F4xx_DFP.2.16.0.pack
                Keil.STM32F4xx_DFP.2.16.0
                STMicroelectronics STM32F4 Series Device Support, Drivers and Examples

<h2>Collection of Component include folders:</h2>
  ./RTE/_ITSboard_Assembler
  C:/Users/Henne/AppData/Local/Arm/Packs/ARM/CMSIS/5.9.0/CMSIS/Core/Include
  C:/Users/Henne/AppData/Local/Arm/Packs/Keil/STM32F4xx_DFP/2.16.0/Drivers/CMSIS/Device/ST/STM32F4xx/Include

<h2>Collection of Component Files used:</h2>

   * Component: ARM::CMSIS:CORE:5.6.0
Build Time Elapsed:  00:00:04
</pre>
</body>
</html>
